Archive member included to satisfy reference by file (symbol)

d:/iti/lectures/7-es turkey/material/arm tools iti/arm gcc/bin/../lib/gcc/arm-none-eabi/5.4.1/armv7-m\libgcc.a(_arm_addsubdf3.o)
                              ./src/CanTp.o (__aeabi_dsub)
d:/iti/lectures/7-es turkey/material/arm tools iti/arm gcc/bin/../lib/gcc/arm-none-eabi/5.4.1/armv7-m\libgcc.a(_arm_fixunsdfsi.o)
                              ./src/CanTp.o (__aeabi_d2uiz)
d:/iti/lectures/7-es turkey/material/arm tools iti/arm gcc/bin/../lib/gcc/arm-none-eabi/5.4.1/../../../../arm-none-eabi/lib/armv7-m\libg_nano.a(lib_a-errno.o)
                              ./system/src/newlib/_sbrk.o (__errno)
d:/iti/lectures/7-es turkey/material/arm tools iti/arm gcc/bin/../lib/gcc/arm-none-eabi/5.4.1/../../../../arm-none-eabi/lib/armv7-m\libg_nano.a(lib_a-impure.o)
                              d:/iti/lectures/7-es turkey/material/arm tools iti/arm gcc/bin/../lib/gcc/arm-none-eabi/5.4.1/../../../../arm-none-eabi/lib/armv7-m\libg_nano.a(lib_a-errno.o) (_impure_ptr)
d:/iti/lectures/7-es turkey/material/arm tools iti/arm gcc/bin/../lib/gcc/arm-none-eabi/5.4.1/../../../../arm-none-eabi/lib/armv7-m\libg_nano.a(lib_a-memcpy-stub.o)
                              ./ThirdParty/FreeRTOS/Source/queue.o (memcpy)
d:/iti/lectures/7-es turkey/material/arm tools iti/arm gcc/bin/../lib/gcc/arm-none-eabi/5.4.1/../../../../arm-none-eabi/lib/armv7-m\libg_nano.a(lib_a-memset.o)
                              ./ThirdParty/FreeRTOS/Source/stream_buffer.o (memset)
d:/iti/lectures/7-es turkey/material/arm tools iti/arm gcc/bin/../lib/gcc/arm-none-eabi/5.4.1/../../../../arm-none-eabi/lib/armv7-m\libg_nano.a(lib_a-strlen.o)
                              ./system/src/diag/Trace.o (strlen)
d:/iti/lectures/7-es turkey/material/arm tools iti/arm gcc/bin/../lib/gcc/arm-none-eabi/5.4.1/../../../../arm-none-eabi/lib/armv7-m\libg_nano.a(lib_a-vsnprintf.o)
                              ./system/src/diag/Trace.o (vsnprintf)
d:/iti/lectures/7-es turkey/material/arm tools iti/arm gcc/bin/../lib/gcc/arm-none-eabi/5.4.1/../../../../arm-none-eabi/lib/armv7-m\libg_nano.a(lib_a-nano-svfprintf.o)
                              d:/iti/lectures/7-es turkey/material/arm tools iti/arm gcc/bin/../lib/gcc/arm-none-eabi/5.4.1/../../../../arm-none-eabi/lib/armv7-m\libg_nano.a(lib_a-vsnprintf.o) (_svfprintf_r)
d:/iti/lectures/7-es turkey/material/arm tools iti/arm gcc/bin/../lib/gcc/arm-none-eabi/5.4.1/../../../../arm-none-eabi/lib/armv7-m\libg_nano.a(lib_a-nano-vfprintf_i.o)
                              d:/iti/lectures/7-es turkey/material/arm tools iti/arm gcc/bin/../lib/gcc/arm-none-eabi/5.4.1/../../../../arm-none-eabi/lib/armv7-m\libg_nano.a(lib_a-nano-svfprintf.o) (_printf_i)
d:/iti/lectures/7-es turkey/material/arm tools iti/arm gcc/bin/../lib/gcc/arm-none-eabi/5.4.1/../../../../arm-none-eabi/lib/armv7-m\libg_nano.a(lib_a-memchr-stub.o)
                              d:/iti/lectures/7-es turkey/material/arm tools iti/arm gcc/bin/../lib/gcc/arm-none-eabi/5.4.1/../../../../arm-none-eabi/lib/armv7-m\libg_nano.a(lib_a-nano-svfprintf.o) (memchr)
d:/iti/lectures/7-es turkey/material/arm tools iti/arm gcc/bin/../lib/gcc/arm-none-eabi/5.4.1/../../../../arm-none-eabi/lib/armv7-m\libg_nano.a(lib_a-memmove.o)
                              d:/iti/lectures/7-es turkey/material/arm tools iti/arm gcc/bin/../lib/gcc/arm-none-eabi/5.4.1/../../../../arm-none-eabi/lib/armv7-m\libg_nano.a(lib_a-nano-svfprintf.o) (memmove)
d:/iti/lectures/7-es turkey/material/arm tools iti/arm gcc/bin/../lib/gcc/arm-none-eabi/5.4.1/../../../../arm-none-eabi/lib/armv7-m\libg_nano.a(lib_a-nano-freer.o)
                              d:/iti/lectures/7-es turkey/material/arm tools iti/arm gcc/bin/../lib/gcc/arm-none-eabi/5.4.1/../../../../arm-none-eabi/lib/armv7-m\libg_nano.a(lib_a-nano-svfprintf.o) (_free_r)
d:/iti/lectures/7-es turkey/material/arm tools iti/arm gcc/bin/../lib/gcc/arm-none-eabi/5.4.1/../../../../arm-none-eabi/lib/armv7-m\libg_nano.a(lib_a-nano-mallocr.o)
                              d:/iti/lectures/7-es turkey/material/arm tools iti/arm gcc/bin/../lib/gcc/arm-none-eabi/5.4.1/../../../../arm-none-eabi/lib/armv7-m\libg_nano.a(lib_a-nano-svfprintf.o) (_malloc_r)
d:/iti/lectures/7-es turkey/material/arm tools iti/arm gcc/bin/../lib/gcc/arm-none-eabi/5.4.1/../../../../arm-none-eabi/lib/armv7-m\libg_nano.a(lib_a-nano-reallocr.o)
                              d:/iti/lectures/7-es turkey/material/arm tools iti/arm gcc/bin/../lib/gcc/arm-none-eabi/5.4.1/../../../../arm-none-eabi/lib/armv7-m\libg_nano.a(lib_a-nano-svfprintf.o) (_realloc_r)
d:/iti/lectures/7-es turkey/material/arm tools iti/arm gcc/bin/../lib/gcc/arm-none-eabi/5.4.1/../../../../arm-none-eabi/lib/armv7-m\libg_nano.a(lib_a-sbrkr.o)
                              d:/iti/lectures/7-es turkey/material/arm tools iti/arm gcc/bin/../lib/gcc/arm-none-eabi/5.4.1/../../../../arm-none-eabi/lib/armv7-m\libg_nano.a(lib_a-nano-mallocr.o) (_sbrk_r)
[...]
Memory Configuration

Name             Origin             Length             Attributes
RAM              0x20000000         0x00005000         xrw
CCMRAM           0x00000000         0x00000000         xrw
FLASH            0x08000000         0x00008000         xr
FLASHB1          0x00000000         0x00000000         xr
EXTMEMB0         0x00000000         0x00000000         xr
EXTMEMB1         0x00000000         0x00000000         xr
EXTMEMB2         0x00000000         0x00000000         xr
EXTMEMB3         0x00000000         0x00000000         xr
MEMORY_ARRAY     0x00000000         0x00000000         xrw
*default*        0x00000000         0xffffffff

Linker script and memory map

LOAD ./system/src/stm32f1-stdperiph/misc.o
LOAD ./system/src/stm32f1-stdperiph/stm32f10x_gpio.o
LOAD ./system/src/stm32f1-stdperiph/stm32f10x_rcc.o
LOAD ./system/src/newlib/_cxx.o
LOAD ./system/src/newlib/_exit.o
LOAD ./system/src/newlib/_sbrk.o
LOAD ./system/src/newlib/_startup.o
LOAD ./system/src/newlib/_syscalls.o
LOAD ./system/src/newlib/assert.o
LOAD ./system/src/diag/Trace.o
LOAD ./system/src/diag/trace_impl.o
LOAD ./system/src/cortexm/_initialize_hardware.o
LOAD ./system/src/cortexm/_reset_hardware.o
LOAD ./system/src/cortexm/exception_handlers.o
LOAD ./system/src/cmsis/system_stm32f10x.o
LOAD ./system/src/cmsis/vectors_stm32f10x.o
LOAD ./src/CanTp.o
LOAD ./src/CanTp_Cfg.o
LOAD ./src/RCC.o
LOAD ./src/main.o
LOAD ./ThirdParty/FreeRTOS/Source/portable/MemMang/heap_4.o
LOAD ./ThirdParty/FreeRTOS/Source/portable/GCC/ARM_CM3/port.o
LOAD ./ThirdParty/FreeRTOS/Source/croutine.o
LOAD ./ThirdParty/FreeRTOS/Source/event_groups.o
LOAD ./ThirdParty/FreeRTOS/Source/list.o
LOAD ./ThirdParty/FreeRTOS/Source/queue.o
LOAD ./ThirdParty/FreeRTOS/Source/stream_buffer.o
LOAD ./ThirdParty/FreeRTOS/Source/tasks.o
LOAD ./ThirdParty/FreeRTOS/Source/timers.o
LOAD d:/iti/lectures/7-es turkey/material/arm tools iti/arm gcc/bin/../lib/gcc/arm-none-eabi/5.4.1/../../../../arm-none-eabi/lib/armv7-m\libstdc++_nano.a
LOAD d:/iti/lectures/7-es turkey/material/arm tools iti/arm gcc/bin/../lib/gcc/arm-none-eabi/5.4.1/../../../../arm-none-eabi/lib/armv7-m\libm.a
START GROUP
LOAD d:/iti/lectures/7-es turkey/material/arm tools iti/arm gcc/bin/../lib/gcc/arm-none-eabi/5.4.1/armv7-m\libgcc.a
LOAD d:/iti/lectures/7-es turkey/material/arm tools iti/arm gcc/bin/../lib/gcc/arm-none-eabi/5.4.1/../../../../arm-none-eabi/lib/armv7-m\libg_nano.a
LOAD d:/iti/lectures/7-es turkey/material/arm tools iti/arm gcc/bin/../lib/gcc/arm-none-eabi/5.4.1/../../../../arm-none-eabi/lib/armv7-m\libc_nano.a
END GROUP
START GROUP
LOAD d:/iti/lectures/7-es turkey/material/arm tools iti/arm gcc/bin/../lib/gcc/arm-none-eabi/5.4.1/armv7-m\libgcc.a
LOAD d:/iti/lectures/7-es turkey/material/arm tools iti/arm gcc/bin/../lib/gcc/arm-none-eabi/5.4.1/../../../../arm-none-eabi/lib/armv7-m\libc_nano.a
END GROUP
                0x20005000                __stack = (ORIGIN (RAM) + LENGTH (RAM))
                0x20005000                _estack = __stack
                0x00000400                __Main_Stack_Size = 0x400
                [!provide]                PROVIDE (_Main_Stack_Size, __Main_Stack_Size)
                0x20004c00                __Main_Stack_Limit = (__stack - __Main_Stack_Size)
                [!provide]                PROVIDE (_Main_Stack_Limit, __Main_Stack_Limit)
                0x00000100                _Minimum_Stack_Size = 0x100
                0x2000484c                PROVIDE (_Heap_Begin, _end_noinit)
                0x20004c00                PROVIDE (_Heap_Limit, (__stack - __Main_Stack_Size))

.isr_vector     0x08000000      0x354
 FILL mask 0xff
                0x08000000                __vectors_start = ABSOLUTE (.)
                0x08000000                __vectors_start__ = ABSOLUTE (.)
 *(.isr_vector)
 .isr_vector    0x08000000      0x10c ./system/src/cmsis/vectors_stm32f10x.o
                0x08000000                __isr_vectors
 *(.cfmconfig)
 *(.after_vectors .after_vectors.*)
 .after_vectors
                0x0800010c      0x114 ./system/src/newlib/_startup.o
                0x0800010c                _start
 .after_vectors
                0x08000220      0x130 ./system/src/cortexm/exception_handlers.o
                0x08000220                Reset_Handler
                0x08000228                NMI_Handler
                0x0800022c                HardFault_Handler
                0x08000240                HardFault_Handler_C
                0x080002a0                MemManage_Handler
                0x080002a4                BusFault_Handler
                0x080002b8                BusFault_Handler_C
                0x080002ec                UsageFault_Handler
                0x08000300                UsageFault_Handler_C
                0x08000338                DebugMon_Handler
 .after_vectors
                0x08000350        0x4 ./system/src/cmsis/vectors_stm32f10x.o
                0x08000350                EXTI2_IRQHandler
                0x08000350                TIM8_TRG_COM_IRQHandler
                0x08000350                TIM8_CC_IRQHandler
                0x08000350                TIM1_CC_IRQHandler
                0x08000350                TIM6_IRQHandler
                0x08000350                PVD_IRQHandler
                0x08000350                SDIO_IRQHandler
                0x08000350                CAN2_RX1_IRQHandler
                0x08000350                EXTI3_IRQHandler
                0x08000350                TIM8_TRG_COM_TIM14_IRQHandler
                0x08000350                TIM1_UP_TIM10_IRQHandler
                0x08000350                TIM8_UP_TIM13_IRQHandler
                0x08000350                EXTI0_IRQHandler
                0x08000350                I2C2_EV_IRQHandler
                0x08000350                CAN1_RX0_IRQHandler
                0x08000350                TIM1_UP_TIM16_IRQHandler
                0x08000350                CAN2_SCE_IRQHandler
                0x08000350                ADC1_2_IRQHandler
                0x08000350                SPI1_IRQHandler
                0x08000350                TAMPER_IRQHandler
                0x08000350                TIM6_DAC_IRQHandler
                0x08000350                TIM1_BRK_TIM9_IRQHandler
                0x08000350                CAN2_RX0_IRQHandler
                0x08000350                TIM8_UP_IRQHandler
                0x08000350                DMA2_Channel2_IRQHandler
                0x08000350                DMA1_Channel4_IRQHandler
                0x08000350                USART3_IRQHandler
                0x08000350                RTC_IRQHandler
                0x08000350                DMA1_Channel7_IRQHandler
                0x08000350                CAN1_RX1_IRQHandler
                0x08000350                UART5_IRQHandler
                0x08000350                ADC3_IRQHandler
                0x08000350                TIM4_IRQHandler
                0x08000350                DMA2_Channel1_IRQHandler
                0x08000350                I2C1_EV_IRQHandler
                0x08000350                DMA1_Channel6_IRQHandler
                0x08000350                UART4_IRQHandler
                0x08000350                DMA2_Channel4_IRQHandler
                0x08000350                TIM3_IRQHandler
                0x08000350                RCC_IRQHandler
                0x08000350                TIM8_BRK_TIM12_IRQHandler
                0x08000350                TIM1_TRG_COM_IRQHandler
                0x08000350                DMA1_Channel1_IRQHandler
                0x08000350                Default_Handler
                0x08000350                CEC_IRQHandler
                0x08000350                EXTI15_10_IRQHandler
                0x08000350                TIM14_IRQHandler
                0x08000350                TIM13_IRQHandler
                0x08000350                TIM12_IRQHandler
                0x08000350                TIM7_IRQHandler
                0x08000350                CAN2_TX_IRQHandler
                0x08000350                TIM5_IRQHandler
                0x08000350                EXTI9_5_IRQHandler
                0x08000350                ETH_WKUP_IRQHandler
                0x08000350                SPI2_IRQHandler
                0x08000350                CAN1_TX_IRQHandler
                0x08000350                DMA2_Channel5_IRQHandler
                0x08000350                DMA1_Channel5_IRQHandler
                0x08000350                EXTI4_IRQHandler
                0x08000350                USB_LP_CAN1_RX0_IRQHandler
                0x08000350                TIM1_TRG_COM_TIM17_IRQHandler
                0x08000350                USB_HP_CAN1_TX_IRQHandler
                0x08000350                DMA1_Channel3_IRQHandler
                0x08000350                FSMC_IRQHandler
                0x08000350                ETH_IRQHandler
                0x08000350                TIM1_UP_IRQHandler
                0x08000350                WWDG_IRQHandler
                0x08000350                TIM2_IRQHandler
                0x08000350                OTG_FS_WKUP_IRQHandler
                0x08000350                TIM1_TRG_COM_TIM11_IRQHandler
                0x08000350                TIM1_BRK_IRQHandler
                0x08000350                EXTI1_IRQHandler
                0x08000350                RTCAlarm_IRQHandler
                0x08000350                DMA2_Channel4_5_IRQHandler
                0x08000350                USART2_IRQHandler
                0x08000350                I2C2_ER_IRQHandler
                0x08000350                DMA1_Channel2_IRQHandler
                0x08000350                TIM8_BRK_IRQHandler
                0x08000350                CAN1_SCE_IRQHandler
                0x08000350                FLASH_IRQHandler
                0x08000350                USART1_IRQHandler
                0x08000350                OTG_FS_IRQHandler
                0x08000350                SPI3_IRQHandler
                0x08000350                I2C1_ER_IRQHandler
                0x08000350                USBWakeUp_IRQHandler
                0x08000350                DMA2_Channel3_IRQHandler
                0x08000350                TIM1_BRK_TIM15_IRQHandler

.inits          0x08000354       0x28
                0x08000354                __data_regions_array_start = .
                0x08000354        0x4 LONG 0x80028c8 LOADADDR (.data)
                0x08000358        0x4 LONG 0x20000000 ADDR (.data)
                0x0800035c        0x4 LONG 0x200000ac (ADDR (.data) + SIZEOF (.data))
                0x08000360        0x4 LONG 0x80028c8 LOADADDR (.data_CCMRAM)
                0x08000364        0x4 LONG 0x0 ADDR (.data_CCMRAM)
                0x08000368        0x4 LONG 0x0 (ADDR (.data_CCMRAM) + SIZEOF (.data_CCMRAM))
                0x0800036c                __data_regions_array_end = .
                0x0800036c                __bss_regions_array_start = .
                0x0800036c        0x4 LONG 0x200000b0 ADDR (.bss)
                0x08000370        0x4 LONG 0x2000484c (ADDR (.bss) + SIZEOF (.bss))
                0x08000374        0x4 LONG 0x0 ADDR (.bss_CCMRAM)
                0x08000378        0x4 LONG 0x0 (ADDR (.bss_CCMRAM) + SIZEOF (.bss_CCMRAM))
                0x0800037c                __bss_regions_array_end = .
 *(.init)
 *(.fini)
                0x0800037c                . = ALIGN (0x4)
                0x0800037c                PROVIDE (__preinit_array_start, .)
 *(.preinit_array_sysinit .preinit_array_sysinit.*)
 *(.preinit_array_platform .preinit_array_platform.*)
 *(.preinit_array .preinit_array.*)
                0x0800037c                PROVIDE (__preinit_array_end, .)
                0x0800037c                . = ALIGN (0x4)
                0x0800037c                PROVIDE (__init_array_start, .)
 *(SORT(.init_array.*))
 *(.init_array)
                0x0800037c                PROVIDE (__init_array_end, .)
                0x0800037c                . = ALIGN (0x4)
                0x0800037c                PROVIDE (__fini_array_start, .)
 *(SORT(.fini_array.*))
 *(.fini_array)
                0x0800037c                PROVIDE (__fini_array_end, .)

.flashtext
 *(.flashtext .flashtext.*)

.text           0x08000380     0x2547
 *(.text .text.*)
 .text._exit    0x08000380        0x4 ./system/src/newlib/_exit.o
                0x08000380                _exit
 .text._sbrk    0x08000384       0x44 ./system/src/newlib/_sbrk.o
                0x08000384                _sbrk
 .text.__initialize_args
                0x080003c8       0x10 ./system/src/newlib/_syscalls.o
                0x080003c8                __initialize_args
 .text.trace_printf
                0x080003d8       0x30 ./system/src/diag/Trace.o
                0x080003d8                trace_printf
 .text._trace_write_semihosting_debug
                0x08000408       0x64 ./system/src/diag/trace_impl.o
 .text.trace_write
                0x0800046c        0x8 ./system/src/diag/trace_impl.o
                0x0800046c                trace_write
 .text.__initialize_hardware_early
                0x08000474       0x18 ./system/src/cortexm/_initialize_hardware.o
                0x08000474                __initialize_hardware_early
 .text.__initialize_hardware
                0x0800048c        0x8 ./system/src/cortexm/_initialize_hardware.o
                0x0800048c                __initialize_hardware
 .text.dumpExceptionStack
                0x08000494       0xf0 ./system/src/cortexm/exception_handlers.o
                0x08000494                dumpExceptionStack
 .text.isSemihosting
                0x08000584       0x20 ./system/src/cortexm/exception_handlers.o
                0x08000584                isSemihosting
 .text.SetSysClockTo72
                0x080005a4       0xc4 ./system/src/cmsis/system_stm32f10x.o
 .text.SetSysClock
                0x08000668        0x8 ./system/src/cmsis/system_stm32f10x.o
 .text.SystemInit
                0x08000670       0x50 ./system/src/cmsis/system_stm32f10x.o
                0x08000670                SystemInit
 .text.SystemCoreClockUpdate
                0x080006c0       0x94 ./system/src/cmsis/system_stm32f10x.o
                0x080006c0                SystemCoreClockUpdate
 .text.PadFrame
                0x08000754       0x18 ./src/CanTp.o
 .text.StartNewReception
                0x0800076c       0x1c ./src/CanTp.o
 .text.StartNewTransmission
                0x08000788       0x20 ./src/CanTp.o
 .text.PduR_CanTpCopyTxData
                0x080007a8        0x4 ./src/CanTp.o
                0x080007a8                PduR_CanTpCopyTxData
 .text.PduR_CanTpCopyRxData
                0x080007ac       0x2c ./src/CanTp.o
                0x080007ac                PduR_CanTpCopyRxData
 .text.CanTp_Init
                0x080007d8       0x50 ./src/CanTp.o
                0x080007d8                CanTp_Init
 .text.CanTp_Transmit
                0x08000828       0xd8 ./src/CanTp.o
                0x08000828                CanTp_Transmit
 .text.CanTp_TxConfirmation
                0x08000900       0x50 ./src/CanTp.o
                0x08000900                CanTp_TxConfirmation
 .text.CanIf_Transmit
                0x08000950       0x10 ./src/CanTp.o
                0x08000950                CanIf_Transmit
 .text.SendNextTxFrame
                0x08000960       0xb8 ./src/CanTp.o
 .text.HandleNextTxFrame
                0x08000a18       0xb4 ./src/CanTp.o
 .text.SendFlowControlFrame
                0x08000acc       0xac ./src/CanTp.o
 .text.CanTp_MainFunction
                0x08000b78      0x2e8 ./src/CanTp.o
                0x08000b78                CanTp_MainFunction
 .text.RCC_WaitFlagReady
                0x08000e60       0x3c ./src/RCC.o
 .text.Select_SystemClock
                0x08000e9c       0x14 ./src/RCC.o
                0x08000e9c                Select_SystemClock
 .text.RCC_SetClock
                0x08000eb0       0x28 ./src/RCC.o
                0x08000eb0                RCC_SetClock
 .text.RCC_EnablePeripheral_APB2
                0x08000ed8       0x10 ./src/RCC.o
                0x08000ed8                RCC_EnablePeripheral_APB2
 .text.RCC_EnablePeripheral_APB1
                0x08000ee8       0x10 ./src/RCC.o
                0x08000ee8                RCC_EnablePeripheral_APB1
 .text.Task_2   0x08000ef8       0x48 ./src/main.o
 .text.Task_1   0x08000f40       0x10 ./src/main.o
 .text.main     0x08000f50       0x68 ./src/main.o
                0x08000f50                main
 .text.prvHeapInit
                0x08000fb8       0x64 ./ThirdParty/FreeRTOS/Source/portable/MemMang/heap_4.o
 .text.prvInsertBlockIntoFreeList
                0x0800101c       0x54 ./ThirdParty/FreeRTOS/Source/portable/MemMang/heap_4.o
 .text.pvPortMalloc
                0x08001070       0xc8 ./ThirdParty/FreeRTOS/Source/portable/MemMang/heap_4.o
                0x08001070                pvPortMalloc
 .text.vPortFree
                0x08001138       0x58 ./ThirdParty/FreeRTOS/Source/portable/MemMang/heap_4.o
                0x08001138                vPortFree
 .text.prvTaskExitError
                0x08001190       0x20 ./ThirdParty/FreeRTOS/Source/portable/GCC/ARM_CM3/port.o
 .text.prvPortStartFirstTask
                0x080011b0       0x20 ./ThirdParty/FreeRTOS/Source/portable/GCC/ARM_CM3/port.o
 .text.pxPortInitialiseStack
                0x080011d0       0x24 ./ThirdParty/FreeRTOS/Source/portable/GCC/ARM_CM3/port.o
                0x080011d0                pxPortInitialiseStack
 *fill*         0x080011f4        0xc 
 .text.SVC_Handler
                0x08001200       0x24 ./ThirdParty/FreeRTOS/Source/portable/GCC/ARM_CM3/port.o
                0x08001200                SVC_Handler
 .text.vPortEnterCritical
                0x08001224       0x20 ./ThirdParty/FreeRTOS/Source/portable/GCC/ARM_CM3/port.o
                0x08001224                vPortEnterCritical
 .text.vPortExitCritical
                0x08001244       0x14 ./ThirdParty/FreeRTOS/Source/portable/GCC/ARM_CM3/port.o
                0x08001244                vPortExitCritical
 *fill*         0x08001258        0x8 
 .text.PendSV_Handler
                0x08001260       0x44 ./ThirdParty/FreeRTOS/Source/portable/GCC/ARM_CM3/port.o
                0x08001260                PendSV_Handler
 .text.SysTick_Handler
                0x080012a4       0x2c ./ThirdParty/FreeRTOS/Source/portable/GCC/ARM_CM3/port.o
                0x080012a4                SysTick_Handler
 .text.vPortSetupTimerInterrupt
                0x080012d0       0x24 ./ThirdParty/FreeRTOS/Source/portable/GCC/ARM_CM3/port.o
                0x080012d0                vPortSetupTimerInterrupt
 .text.xPortStartScheduler
                0x080012f4       0x38 ./ThirdParty/FreeRTOS/Source/portable/GCC/ARM_CM3/port.o
                0x080012f4                xPortStartScheduler
 .text.vListInitialise
                0x0800132c       0x18 ./ThirdParty/FreeRTOS/Source/list.o
                0x0800132c                vListInitialise
 .text.vListInitialiseItem
                0x08001344        0x8 ./ThirdParty/FreeRTOS/Source/list.o
                0x08001344                vListInitialiseItem
 .text.vListInsertEnd
                0x0800134c       0x18 ./ThirdParty/FreeRTOS/Source/list.o
                0x0800134c                vListInsertEnd
 .text.vListInsert
                0x08001364       0x34 ./ThirdParty/FreeRTOS/Source/list.o
                0x08001364                vListInsert
 .text.uxListRemove
                0x08001398       0x28 ./ThirdParty/FreeRTOS/Source/list.o
                0x08001398                uxListRemove
 .text.prvResetNextTaskUnblockTime
                0x080013c0       0x2c ./ThirdParty/FreeRTOS/Source/tasks.o
 .text.prvDeleteTCB
                0x080013ec       0x14 ./ThirdParty/FreeRTOS/Source/tasks.o
 .text.prvInitialiseNewTask
                0x08001400       0x90 ./ThirdParty/FreeRTOS/Source/tasks.o
 .text.prvInitialiseTaskLists
                0x08001490       0x68 ./ThirdParty/FreeRTOS/Source/tasks.o
 .text.prvAddNewTaskToReadyList
                0x080014f8       0xa8 ./ThirdParty/FreeRTOS/Source/tasks.o
 .text.prvCheckTasksWaitingTermination
                0x080015a0       0x44 ./ThirdParty/FreeRTOS/Source/tasks.o
 .text.prvIdleTask
                0x080015e4       0x28 ./ThirdParty/FreeRTOS/Source/tasks.o
 .text.prvAddCurrentTaskToDelayedList
                0x0800160c       0x98 ./ThirdParty/FreeRTOS/Source/tasks.o
 .text.xTaskCreate
                0x080016a4       0x64 ./ThirdParty/FreeRTOS/Source/tasks.o
                0x080016a4                xTaskCreate
 .text.vTaskStartScheduler
                0x08001708       0x60 ./ThirdParty/FreeRTOS/Source/tasks.o
                0x08001708                vTaskStartScheduler
 .text.vTaskSuspendAll
                0x08001768       0x10 ./ThirdParty/FreeRTOS/Source/tasks.o
                0x08001768                vTaskSuspendAll
 .text.xTaskIncrementTick
                0x08001778      0x104 ./ThirdParty/FreeRTOS/Source/tasks.o
                0x08001778                xTaskIncrementTick
 .text.xTaskResumeAll
                0x0800187c       0xe0 ./ThirdParty/FreeRTOS/Source/tasks.o
                0x0800187c                xTaskResumeAll
 .text.vTaskDelay
                0x0800195c       0x34 ./ThirdParty/FreeRTOS/Source/tasks.o
                0x0800195c                vTaskDelay
 .text.vTaskSwitchContext
                0x08001990       0x78 ./ThirdParty/FreeRTOS/Source/tasks.o
                0x08001990                vTaskSwitchContext
 .text          0x08001a08      0x370 d:/iti/lectures/7-es turkey/material/arm tools iti/arm gcc/bin/../lib/gcc/arm-none-eabi/5.4.1/armv7-m\libgcc.a(_arm_addsubdf3.o)
                0x08001a08                __aeabi_drsub
                0x08001a10                __aeabi_dsub
                0x08001a10                __subdf3
                0x08001a14                __aeabi_dadd
                0x08001a14                __adddf3
                0x08001c8c                __floatunsidf
                0x08001c8c                __aeabi_ui2d
                0x08001cac                __floatsidf
                0x08001cac                __aeabi_i2d
                0x08001cd0                __aeabi_f2d
                0x08001cd0                __extendsfdf2
                0x08001d0c                __floatundidf
                0x08001d0c                __aeabi_ul2d
                0x08001d1c                __floatdidf
                0x08001d1c                __aeabi_l2d
 .text          0x08001d78       0x40 d:/iti/lectures/7-es turkey/material/arm tools iti/arm gcc/bin/../lib/gcc/arm-none-eabi/5.4.1/armv7-m\libgcc.a(_arm_fixunsdfsi.o)
                0x08001d78                __aeabi_d2uiz
                0x08001d78                __fixunsdfsi
 .text.__errno  0x08001db8        0xc d:/iti/lectures/7-es turkey/material/arm tools iti/arm gcc/bin/../lib/gcc/arm-none-eabi/5.4.1/../../../../arm-none-eabi/lib/armv7-m\libg_nano.a(lib_a-errno.o)
                0x08001db8                __errno
 .text.memcpy   0x08001dc4       0x16 d:/iti/lectures/7-es turkey/material/arm tools iti/arm gcc/bin/../lib/gcc/arm-none-eabi/5.4.1/../../../../arm-none-eabi/lib/armv7-m\libg_nano.a(lib_a-memcpy-stub.o)
                0x08001dc4                memcpy
 .text._vsnprintf_r
                0x08001dda       0x56 d:/iti/lectures/7-es turkey/material/arm tools iti/arm gcc/bin/../lib/gcc/arm-none-eabi/5.4.1/../../../../arm-none-eabi/lib/armv7-m\libg_nano.a(lib_a-vsnprintf.o)
                0x08001dda                _vsniprintf_r
                0x08001dda                _vsnprintf_r
 .text.vsnprintf
                0x08001e30       0x1c d:/iti/lectures/7-es turkey/material/arm tools iti/arm gcc/bin/../lib/gcc/arm-none-eabi/5.4.1/../../../../arm-none-eabi/lib/armv7-m\libg_nano.a(lib_a-vsnprintf.o)
                0x08001e30                vsniprintf
                0x08001e30                vsnprintf
 .text.__ssputs_r
                0x08001e4c       0xb2 d:/iti/lectures/7-es turkey/material/arm tools iti/arm gcc/bin/../lib/gcc/arm-none-eabi/5.4.1/../../../../arm-none-eabi/lib/armv7-m\libg_nano.a(lib_a-nano-svfprintf.o)
                0x08001e4c                __ssputs_r
 *fill*         0x08001efe        0x2 
 .text._svfprintf_r
                0x08001f00      0x1e8 d:/iti/lectures/7-es turkey/material/arm tools iti/arm gcc/bin/../lib/gcc/arm-none-eabi/5.4.1/../../../../arm-none-eabi/lib/armv7-m\libg_nano.a(lib_a-nano-svfprintf.o)
                0x08001f00                _svfiprintf_r
                0x08001f00                _svfprintf_r
 .text._printf_common
                0x080020e8       0xec d:/iti/lectures/7-es turkey/material/arm tools iti/arm gcc/bin/../lib/gcc/arm-none-eabi/5.4.1/../../../../arm-none-eabi/lib/armv7-m\libg_nano.a(lib_a-nano-vfprintf_i.o)
                0x080020e8                _printf_common
 .text._printf_i
                0x080021d4      0x24c d:/iti/lectures/7-es turkey/material/arm tools iti/arm gcc/bin/../lib/gcc/arm-none-eabi/5.4.1/../../../../arm-none-eabi/lib/armv7-m\libg_nano.a(lib_a-nano-vfprintf_i.o)
                0x080021d4                _printf_i
 .text.memchr   0x08002420       0x1c d:/iti/lectures/7-es turkey/material/arm tools iti/arm gcc/bin/../lib/gcc/arm-none-eabi/5.4.1/../../../../arm-none-eabi/lib/armv7-m\libg_nano.a(lib_a-memchr-stub.o)
                0x08002420                memchr
 .text.memmove  0x0800243c       0x36 d:/iti/lectures/7-es turkey/material/arm tools iti/arm gcc/bin/../lib/gcc/arm-none-eabi/5.4.1/../../../../arm-none-eabi/lib/armv7-m\libg_nano.a(lib_a-memmove.o)
                0x0800243c                memmove
 *fill*         0x08002472        0x2 
 .text._free_r  0x08002474       0x98 d:/iti/lectures/7-es turkey/material/arm tools iti/arm gcc/bin/../lib/gcc/arm-none-eabi/5.4.1/../../../../arm-none-eabi/lib/armv7-m\libg_nano.a(lib_a-nano-freer.o)
                0x08002474                _free_r
 .text._malloc_r
                0x0800250c       0xbc d:/iti/lectures/7-es turkey/material/arm tools iti/arm gcc/bin/../lib/gcc/arm-none-eabi/5.4.1/../../../../arm-none-eabi/lib/armv7-m\libg_nano.a(lib_a-nano-mallocr.o)
                0x0800250c                _malloc_r
 .text._realloc_r
                0x080025c8       0x4c d:/iti/lectures/7-es turkey/material/arm tools iti/arm gcc/bin/../lib/gcc/arm-none-eabi/5.4.1/../../../../arm-none-eabi/lib/armv7-m\libg_nano.a(lib_a-nano-reallocr.o)
                0x080025c8                _realloc_r
 .text._sbrk_r  0x08002614       0x20 d:/iti/lectures/7-es turkey/material/arm tools iti/arm gcc/bin/../lib/gcc/arm-none-eabi/5.4.1/../../../../arm-none-eabi/lib/armv7-m\libg_nano.a(lib_a-sbrkr.o)
                0x08002614                _sbrk_r
 .text.__malloc_lock
                0x08002634        0x2 d:/iti/lectures/7-es turkey/material/arm tools iti/arm gcc/bin/../lib/gcc/arm-none-eabi/5.4.1/../../../../arm-none-eabi/lib/armv7-m\libg_nano.a(lib_a-mlock.o)
                0x08002634                __malloc_lock
 .text.__malloc_unlock
                0x08002636        0x2 d:/iti/lectures/7-es turkey/material/arm tools iti/arm gcc/bin/../lib/gcc/arm-none-eabi/5.4.1/../../../../arm-none-eabi/lib/armv7-m\libg_nano.a(lib_a-mlock.o)
                0x08002636                __malloc_unlock
 .text._malloc_usable_size_r
                0x08002638       0x14 d:/iti/lectures/7-es turkey/material/arm tools iti/arm gcc/bin/../lib/gcc/arm-none-eabi/5.4.1/../../../../arm-none-eabi/lib/armv7-m\libg_nano.a(lib_a-nano-msizer.o)
                0x08002638                _malloc_usable_size_r
 *(.rodata .rodata.* .constdata .constdata.*)
 .rodata.str1.4
                0x0800264c      0x146 ./system/src/cortexm/exception_handlers.o
 *fill*         0x08002792        0x6 
 .rodata.CanTpTxNSdu
                0x08002798       0x50 ./src/CanTp_Cfg.o
                0x08002798                CanTpTxNSdu
 .rodata.CanTpRxNSdu
                0x080027e8       0x80 ./src/CanTp_Cfg.o
                0x080027e8                CanTpRxNSdu
 .rodata        0x08002868       0x12 ./src/main.o
 *fill*         0x0800287a        0x2 
 .rodata.str1.4
                0x0800287c        0xf ./src/main.o
 *fill*         0x0800288b        0x1 
 .rodata.str1.4
                0x0800288c        0x8 ./ThirdParty/FreeRTOS/Source/tasks.o
                                  0x5 (size before relaxing)
 .rodata.str1.1
                0x08002894       0x11 d:/iti/lectures/7-es turkey/material/arm tools iti/arm gcc/bin/../lib/gcc/arm-none-eabi/5.4.1/../../../../arm-none-eabi/lib/armv7-m\libg_nano.a(lib_a-nano-svfprintf.o)
 .rodata.str1.1
                0x080028a5       0x22 d:/iti/lectures/7-es turkey/material/arm tools iti/arm gcc/bin/../lib/gcc/arm-none-eabi/5.4.1/../../../../arm-none-eabi/lib/armv7-m\libg_nano.a(lib_a-nano-vfprintf_i.o)
 *(vtable)
 *(.eh_frame*)
 *(.glue_7)
 .glue_7        0x080028c7        0x0 linker stubs
 *(.glue_7t)
 .glue_7t       0x080028c7        0x0 linker stubs

.vfp11_veneer   0x080028c8        0x0
 .vfp11_veneer  0x080028c8        0x0 linker stubs

.v4_bx          0x080028c8        0x0
 .v4_bx         0x080028c8        0x0 linker stubs

.iplt           0x080028c8        0x0
 .iplt          0x080028c8        0x0 ./system/src/stm32f1-stdperiph/misc.o

.rel.dyn        0x080028c8        0x0
 .rel.iplt      0x080028c8        0x0 ./system/src/stm32f1-stdperiph/misc.o

.ARM.extab
 *(.ARM.extab* .gnu.linkonce.armextab.*)
                0x080028c8                . = ALIGN (0x4)
                0x080028c8                __exidx_start = .

.ARM.exidx
 *(.ARM.exidx* .gnu.linkonce.armexidx.*)
                0x080028c8                __exidx_end = .
                0x080028c8                . = ALIGN (0x4)
                0x080028c8                _etext = .
                0x080028c8                __etext = .

.data_CCMRAM    0x00000000        0x0 load address 0x080028c8
 FILL mask 0xff
 *(.data.CCMRAM .data.CCMRAM.*)
                0x00000000                . = ALIGN (0x4)
                0x080028c8                _sidata = LOADADDR (.data)

.data           0x20000000       0xac load address 0x080028c8
 FILL mask 0xff
                0x20000000                _sdata = .
                0x20000000                __data_start__ = .
 *(.data_begin .data_begin.*)
 .data_begin    0x20000000        0x4 ./system/src/newlib/_startup.o
 *(.data .data.*)
 .data.argv.4290
                0x20000004        0x8 ./system/src/newlib/_syscalls.o
 .data.AHBPrescTable
                0x2000000c       0x10 ./system/src/cmsis/system_stm32f10x.o
                0x2000000c                AHBPrescTable
 .data.SystemCoreClock
                0x2000001c        0x4 ./system/src/cmsis/system_stm32f10x.o
                0x2000001c                SystemCoreClock
 .data.cantp_com_rx_or_copy
                0x20000020        0x2 ./src/CanTp.o
                0x20000020                cantp_com_rx_or_copy
 *fill*         0x20000022        0x2 ff
 .data.canif_ids
                0x20000024        0x2 ./src/CanTp.o
                0x20000024                canif_ids
 *fill*         0x20000026        0x2 ff
 .data.cantp_cainf_FC
                0x20000028        0x2 ./src/CanTp.o
                0x20000028                cantp_cainf_FC
 *fill*         0x2000002a        0x2 ff
 .data.cantp_com_copy_tx
                0x2000002c        0x2 ./src/CanTp.o
                0x2000002c                cantp_com_copy_tx
 *fill*         0x2000002e        0x2 ff
 .data.ChannelInfo
                0x20000030        0xc ./src/CanTp_Cfg.o
                0x20000030                ChannelInfo
 .data.flag     0x2000003c        0x4 ./src/main.o
                0x2000003c                flag
 .data.uxCriticalNesting
                0x20000040        0x4 ./ThirdParty/FreeRTOS/Source/portable/GCC/ARM_CM3/port.o
 .data.impure_data
                0x20000044       0x60 d:/iti/lectures/7-es turkey/material/arm tools iti/arm gcc/bin/../lib/gcc/arm-none-eabi/5.4.1/../../../../arm-none-eabi/lib/armv7-m\libg_nano.a(lib_a-impure.o)
 .data._impure_ptr
                0x200000a4        0x4 d:/iti/lectures/7-es turkey/material/arm tools iti/arm gcc/bin/../lib/gcc/arm-none-eabi/5.4.1/../../../../arm-none-eabi/lib/armv7-m\libg_nano.a(lib_a-impure.o)
                0x200000a4                _impure_ptr
 *(.data_end .data_end.*)
 .data_end      0x200000a8        0x4 ./system/src/newlib/_startup.o
                0x200000ac                . = ALIGN (0x4)
                0x200000ac                _edata = .
                0x200000ac                __data_end__ = .

.igot.plt       0x200000ac        0x0 load address 0x08002974
 .igot.plt      0x200000ac        0x0 ./system/src/stm32f1-stdperiph/misc.o

.bss_CCMRAM     0x00000000        0x0
 *(.bss.CCMRAM .bss.CCMRAM.*)

.bss            0x200000b0     0x479c
                0x200000b0                __bss_start__ = .
                0x200000b0                _sbss = .
 *(.bss_begin .bss_begin.*)
 .bss_begin     0x200000b0        0x4 ./system/src/newlib/_startup.o
 *(.bss .bss.*)
 .bss.current_heap_end.3974
                0x200000b4        0x4 ./system/src/newlib/_sbrk.o
 .bss.name.4289
                0x200000b8        0x1 ./system/src/newlib/_syscalls.o
 *fill*         0x200000b9        0x3 
 .bss.buf.5179  0x200000bc       0x80 ./system/src/diag/Trace.o
 .bss.FCWaitCount.3962
                0x2000013c        0x1 ./src/CanTp.o
 .bss.count.3887
                0x2000013d        0x1 ./src/CanTp.o
 .bss.InternalState
                0x2000013e        0x1 ./src/CanTp.o
                0x2000013e                InternalState
 *fill*         0x2000013f        0x1 
 .bss.xNumberOfSuccessfulAllocations
                0x20000140        0x4 ./ThirdParty/FreeRTOS/Source/portable/MemMang/heap_4.o
 .bss.xFreeBytesRemaining
                0x20000144        0x4 ./ThirdParty/FreeRTOS/Source/portable/MemMang/heap_4.o
 .bss.pxEnd     0x20000148        0x4 ./ThirdParty/FreeRTOS/Source/portable/MemMang/heap_4.o
 .bss.xStart    0x2000014c        0x8 ./ThirdParty/FreeRTOS/Source/portable/MemMang/heap_4.o
 .bss.xNumberOfSuccessfulFrees
                0x20000154        0x4 ./ThirdParty/FreeRTOS/Source/portable/MemMang/heap_4.o
 .bss.ucHeap    0x20000158     0x4400 ./ThirdParty/FreeRTOS/Source/portable/MemMang/heap_4.o
 .bss.xBlockAllocatedBit
                0x20004558        0x4 ./ThirdParty/FreeRTOS/Source/portable/MemMang/heap_4.o
 .bss.xMinimumEverFreeBytesRemaining
                0x2000455c        0x4 ./ThirdParty/FreeRTOS/Source/portable/MemMang/heap_4.o
 .bss.xNumOfOverflows
                0x20004560        0x4 ./ThirdParty/FreeRTOS/Source/tasks.o
 .bss.pxDelayedTaskList
                0x20004564        0x4 ./ThirdParty/FreeRTOS/Source/tasks.o
 .bss.xSchedulerRunning
                0x20004568        0x4 ./ThirdParty/FreeRTOS/Source/tasks.o
 .bss.xTasksWaitingTermination
                0x2000456c       0x14 ./ThirdParty/FreeRTOS/Source/tasks.o
 .bss.pxOverflowDelayedTaskList
                0x20004580        0x4 ./ThirdParty/FreeRTOS/Source/tasks.o
 .bss.xPendedTicks
                0x20004584        0x4 ./ThirdParty/FreeRTOS/Source/tasks.o
 .bss.pxReadyTasksLists
                0x20004588       0x64 ./ThirdParty/FreeRTOS/Source/tasks.o
 .bss.uxSchedulerSuspended
                0x200045ec        0x4 ./ThirdParty/FreeRTOS/Source/tasks.o
 .bss.uxDeletedTasksWaitingCleanUp
                0x200045f0        0x4 ./ThirdParty/FreeRTOS/Source/tasks.o
 .bss.uxCurrentNumberOfTasks
                0x200045f4        0x4 ./ThirdParty/FreeRTOS/Source/tasks.o
 .bss.pxCurrentTCB
                0x200045f8        0x4 ./ThirdParty/FreeRTOS/Source/tasks.o
                0x200045f8                pxCurrentTCB
 .bss.xPendingReadyList
                0x200045fc       0x14 ./ThirdParty/FreeRTOS/Source/tasks.o
 .bss.xIdleTaskHandle
                0x20004610        0x4 ./ThirdParty/FreeRTOS/Source/tasks.o
 .bss.xTickCount
                0x20004614        0x4 ./ThirdParty/FreeRTOS/Source/tasks.o
 .bss.xNextTaskUnblockTime
                0x20004618        0x4 ./ThirdParty/FreeRTOS/Source/tasks.o
 .bss.uxTaskNumber
                0x2000461c        0x4 ./ThirdParty/FreeRTOS/Source/tasks.o
 .bss.xDelayedTaskList1
                0x20004620       0x14 ./ThirdParty/FreeRTOS/Source/tasks.o
 .bss.xDelayedTaskList2
                0x20004634       0x14 ./ThirdParty/FreeRTOS/Source/tasks.o
 .bss.xSuspendedTaskList
                0x20004648       0x14 ./ThirdParty/FreeRTOS/Source/tasks.o
 .bss.uxTopReadyPriority
                0x2000465c        0x4 ./ThirdParty/FreeRTOS/Source/tasks.o
 .bss.xYieldPending
                0x20004660        0x4 ./ThirdParty/FreeRTOS/Source/tasks.o
 .bss.__malloc_sbrk_start
                0x20004664        0x4 d:/iti/lectures/7-es turkey/material/arm tools iti/arm gcc/bin/../lib/gcc/arm-none-eabi/5.4.1/../../../../arm-none-eabi/lib/armv7-m\libg_nano.a(lib_a-nano-mallocr.o)
                0x20004664                __malloc_sbrk_start
 .bss.__malloc_free_list
                0x20004668        0x4 d:/iti/lectures/7-es turkey/material/arm tools iti/arm gcc/bin/../lib/gcc/arm-none-eabi/5.4.1/../../../../arm-none-eabi/lib/armv7-m\libg_nano.a(lib_a-nano-mallocr.o)
                0x20004668                __malloc_free_list
 *(COMMON)
 COMMON         0x2000466c        0x4 ./system/src/newlib/_syscalls.o
                0x2000466c                errno
 COMMON         0x20004670      0x1d8 ./src/CanTp.o
                0x20004670                g_DataCanIf
                0x20004678                CanTpRunTimeRxData
                0x200046f8                G_CanTpRxNSdu
                0x20004778                CanTpRunTimeTxData
                0x200047f8                G_CanTpTxNSdu
 *(.bss_end .bss_end.*)
 .bss_end       0x20004848        0x4 ./system/src/newlib/_startup.o
                0x2000484c                . = ALIGN (0x4)
                0x2000484c                __bss_end__ = .
                0x2000484c                _ebss = .

.noinit_CCMRAM
 *(.noinit.CCMRAM .noinit.CCMRAM.*)

.noinit         0x2000484c        0x0
                0x2000484c                _noinit = .
 *(.noinit .noinit.*)
                0x2000484c                . = ALIGN (0x4)
                0x2000484c                _end_noinit = .
                [!provide]                PROVIDE (end, _end_noinit)
                [!provide]                PROVIDE (_end, _end_noinit)
                [!provide]                PROVIDE (__end, _end_noinit)
                [!provide]                PROVIDE (__end__, _end_noinit)

._check_stack   0x2000484c      0x100
                0x2000494c                . = (. + _Minimum_Stack_Size)
 *fill*         0x2000484c      0x100 

.b1text
 *(.b1text)
 *(.b1rodata)
 *(.b1rodata.*)

.eb0text
 *(.eb0text)
 *(.eb0rodata)
 *(.eb0rodata.*)

.eb1text
 *(.eb1text)
 *(.eb1rodata)
 *(.eb1rodata.*)

.eb2text
 *(.eb2text)
 *(.eb2rodata)
 *(.eb2rodata.*)

.eb3text
 *(.eb3text)
 *(.eb3rodata)
 *(.eb3rodata.*)

.stab
 *(.stab)

.stabstr
 *(.stabstr)

.stab.excl
 *(.stab.excl)

.stab.exclstr
 *(.stab.exclstr)

.stab.index
 *(.stab.index)

.stab.indexstr
 *(.stab.indexstr)

.comment        0x00000000       0x6e
 *(.comment)
 .comment       0x00000000       0x6e ./system/src/newlib/_exit.o
                                 0x6f (size before relaxing)
 .comment       0x0000006e       0x6f ./system/src/newlib/_sbrk.o
 .comment       0x0000006e       0x6f ./system/src/newlib/_startup.o
 .comment       0x0000006e       0x6f ./system/src/newlib/_syscalls.o
 .comment       0x0000006e       0x6f ./system/src/diag/Trace.o
 .comment       0x0000006e       0x6f ./system/src/diag/trace_impl.o
 .comment       0x0000006e       0x6f ./system/src/cortexm/_initialize_hardware.o
 .comment       0x0000006e       0x6f ./system/src/cortexm/exception_handlers.o
 .comment       0x0000006e       0x6f ./system/src/cmsis/system_stm32f10x.o
 .comment       0x0000006e       0x6f ./system/src/cmsis/vectors_stm32f10x.o
 .comment       0x0000006e       0x6f ./src/CanTp.o
 .comment       0x0000006e       0x6f ./src/CanTp_Cfg.o
 .comment       0x0000006e       0x6f ./src/RCC.o
 .comment       0x0000006e       0x6f ./src/main.o
 .comment       0x0000006e       0x6f ./ThirdParty/FreeRTOS/Source/portable/MemMang/heap_4.o
 .comment       0x0000006e       0x6f ./ThirdParty/FreeRTOS/Source/portable/GCC/ARM_CM3/port.o
 .comment       0x0000006e       0x6f ./ThirdParty/FreeRTOS/Source/list.o
 .comment       0x0000006e       0x6f ./ThirdParty/FreeRTOS/Source/tasks.o

.ARM.attributes
                0x00000000       0x31
 .ARM.attributes
                0x00000000       0x33 ./system/src/newlib/_exit.o
 .ARM.attributes
                0x00000033       0x33 ./system/src/newlib/_sbrk.o
 .ARM.attributes
                0x00000066       0x33 ./system/src/newlib/_startup.o
 .ARM.attributes
                0x00000099       0x33 ./system/src/newlib/_syscalls.o
 .ARM.attributes
                0x000000cc       0x33 ./system/src/diag/Trace.o
 .ARM.attributes
                0x000000ff       0x33 ./system/src/diag/trace_impl.o
 .ARM.attributes
                0x00000132       0x33 ./system/src/cortexm/_initialize_hardware.o
 .ARM.attributes
                0x00000165       0x33 ./system/src/cortexm/exception_handlers.o
 .ARM.attributes
                0x00000198       0x33 ./system/src/cmsis/system_stm32f10x.o
 .ARM.attributes
                0x000001cb       0x33 ./system/src/cmsis/vectors_stm32f10x.o
 .ARM.attributes
                0x000001fe       0x33 ./src/CanTp.o
 .ARM.attributes
                0x00000231       0x33 ./src/CanTp_Cfg.o
 .ARM.attributes
                0x00000264       0x33 ./src/RCC.o
 .ARM.attributes
                0x00000297       0x33 ./src/main.o
 .ARM.attributes
                0x000002ca       0x33 ./ThirdParty/FreeRTOS/Source/portable/MemMang/heap_4.o
 .ARM.attributes
                0x000002fd       0x33 ./ThirdParty/FreeRTOS/Source/portable/GCC/ARM_CM3/port.o
 .ARM.attributes
                0x00000330       0x33 ./ThirdParty/FreeRTOS/Source/list.o
 .ARM.attributes
                0x00000363       0x33 ./ThirdParty/FreeRTOS/Source/tasks.o
 .ARM.attributes
                0x00000396       0x1d d:/iti/lectures/7-es turkey/material/arm tools iti/arm gcc/bin/../lib/gcc/arm-none-eabi/5.4.1/armv7-m\libgcc.a(_arm_addsubdf3.o)
 .ARM.attributes
                0x000003b3       0x1d d:/iti/lectures/7-es turkey/material/arm tools iti/arm gcc/bin/../lib/gcc/arm-none-eabi/5.4.1/armv7-m\libgcc.a(_arm_fixunsdfsi.o)
 .ARM.attributes
                0x000003d0       0x2d d:/iti/lectures/7-es turkey/material/arm tools iti/arm gcc/bin/../lib/gcc/arm-none-eabi/5.4.1/../../../../arm-none-eabi/lib/armv7-m\libg_nano.a(lib_a-errno.o)
 .ARM.attributes
                0x000003fd       0x2d d:/iti/lectures/7-es turkey/material/arm tools iti/arm gcc/bin/../lib/gcc/arm-none-eabi/5.4.1/../../../../arm-none-eabi/lib/armv7-m\libg_nano.a(lib_a-impure.o)
 .ARM.attributes
                0x0000042a       0x2d d:/iti/lectures/7-es turkey/material/arm tools iti/arm gcc/bin/../lib/gcc/arm-none-eabi/5.4.1/../../../../arm-none-eabi/lib/armv7-m\libg_nano.a(lib_a-memcpy-stub.o)
 .ARM.attributes
                0x00000457       0x2d d:/iti/lectures/7-es turkey/material/arm tools iti/arm gcc/bin/../lib/gcc/arm-none-eabi/5.4.1/../../../../arm-none-eabi/lib/armv7-m\libg_nano.a(lib_a-vsnprintf.o)
 .ARM.attributes
                0x00000484       0x2d d:/iti/lectures/7-es turkey/material/arm tools iti/arm gcc/bin/../lib/gcc/arm-none-eabi/5.4.1/../../../../arm-none-eabi/lib/armv7-m\libg_nano.a(lib_a-nano-svfprintf.o)
 .ARM.attributes
                0x000004b1       0x2d d:/iti/lectures/7-es turkey/material/arm tools iti/arm gcc/bin/../lib/gcc/arm-none-eabi/5.4.1/../../../../arm-none-eabi/lib/armv7-m\libg_nano.a(lib_a-nano-vfprintf_i.o)
 .ARM.attributes
                0x000004de       0x2d d:/iti/lectures/7-es turkey/material/arm tools iti/arm gcc/bin/../lib/gcc/arm-none-eabi/5.4.1/../../../../arm-none-eabi/lib/armv7-m\libg_nano.a(lib_a-memchr-stub.o)
 .ARM.attributes
                0x0000050b       0x2d d:/iti/lectures/7-es turkey/material/arm tools iti/arm gcc/bin/../lib/gcc/arm-none-eabi/5.4.1/../../../../arm-none-eabi/lib/armv7-m\libg_nano.a(lib_a-memmove.o)
 .ARM.attributes
                0x00000538       0x2d d:/iti/lectures/7-es turkey/material/arm tools iti/arm gcc/bin/../lib/gcc/arm-none-eabi/5.4.1/../../../../arm-none-eabi/lib/armv7-m\libg_nano.a(lib_a-nano-freer.o)
 .ARM.attributes
                0x00000565       0x2d d:/iti/lectures/7-es turkey/material/arm tools iti/arm gcc/bin/../lib/gcc/arm-none-eabi/5.4.1/../../../../arm-none-eabi/lib/armv7-m\libg_nano.a(lib_a-nano-mallocr.o)
 .ARM.attributes
                0x00000592       0x2d d:/iti/lectures/7-es turkey/material/arm tools iti/arm gcc/bin/../lib/gcc/arm-none-eabi/5.4.1/../../../../arm-none-eabi/lib/armv7-m\libg_nano.a(lib_a-nano-reallocr.o)
 .ARM.attributes
                0x000005bf       0x2d d:/iti/lectures/7-es turkey/material/arm tools iti/arm gcc/bin/../lib/gcc/arm-none-eabi/5.4.1/../../../../arm-none-eabi/lib/armv7-m\libg_nano.a(lib_a-sbrkr.o)
 .ARM.attributes
                0x000005ec       0x2d d:/iti/lectures/7-es turkey/material/arm tools iti/arm gcc/bin/../lib/gcc/arm-none-eabi/5.4.1/../../../../arm-none-eabi/lib/armv7-m\libg_nano.a(lib_a-mlock.o)
 .ARM.attributes
                0x00000619       0x2d d:/iti/lectures/7-es turkey/material/arm tools iti/arm gcc/bin/../lib/gcc/arm-none-eabi/5.4.1/../../../../arm-none-eabi/lib/armv7-m\libg_nano.a(lib_a-nano-msizer.o)

.debug
 *(.debug)

.line
 *(.line)

.debug_srcinfo
 *(.debug_srcinfo)

.debug_sfnames
 *(.debug_sfnames)

.debug_aranges  0x00000000      0x698
 *(.debug_aranges)
 .debug_aranges
                0x00000000       0x28 ./system/src/newlib/_exit.o
 .debug_aranges
                0x00000028       0x20 ./system/src/newlib/_sbrk.o
 .debug_aranges
                0x00000048       0x40 ./system/src/newlib/_startup.o
 .debug_aranges
                0x00000088       0x30 ./system/src/newlib/_syscalls.o
 .debug_aranges
                0x000000b8       0x38 ./system/src/diag/Trace.o
 .debug_aranges
                0x000000f0       0x30 ./system/src/diag/trace_impl.o
 .debug_aranges
                0x00000120       0x28 ./system/src/cortexm/_initialize_hardware.o
 .debug_aranges
                0x00000148       0x90 ./system/src/cortexm/exception_handlers.o
 .debug_aranges
                0x000001d8       0x38 ./system/src/cmsis/system_stm32f10x.o
 .debug_aranges
                0x00000210       0x20 ./system/src/cmsis/vectors_stm32f10x.o
 .debug_aranges
                0x00000230       0xd8 ./src/CanTp.o
 .debug_aranges
                0x00000308       0x18 ./src/CanTp_Cfg.o
 .debug_aranges
                0x00000320       0x80 ./src/RCC.o
 .debug_aranges
                0x000003a0       0x40 ./src/main.o
 .debug_aranges
                0x000003e0       0x58 ./ThirdParty/FreeRTOS/Source/portable/MemMang/heap_4.o
 .debug_aranges
                0x00000438       0x70 ./ThirdParty/FreeRTOS/Source/portable/GCC/ARM_CM3/port.o
 .debug_aranges
                0x000004a8       0x40 ./ThirdParty/FreeRTOS/Source/list.o
 .debug_aranges
                0x000004e8      0x1b0 ./ThirdParty/FreeRTOS/Source/tasks.o

.debug_pubnames
 *(.debug_pubnames)

.debug_info     0x00000000     0x638b
 *(.debug_info .gnu.linkonce.wi.*)
 .debug_info    0x00000000       0xef ./system/src/newlib/_exit.o
 .debug_info    0x000000ef      0x11f ./system/src/newlib/_sbrk.o
 .debug_info    0x0000020e      0x455 ./system/src/newlib/_startup.o
 .debug_info    0x00000663      0x1c7 ./system/src/newlib/_syscalls.o
 .debug_info    0x0000082a      0x2e7 ./system/src/diag/Trace.o
 .debug_info    0x00000b11      0x30b ./system/src/diag/trace_impl.o
 .debug_info    0x00000e1c      0x2b1 ./system/src/cortexm/_initialize_hardware.o
 .debug_info    0x000010cd      0x8da ./system/src/cortexm/exception_handlers.o
 .debug_info    0x000019a7      0x497 ./system/src/cmsis/system_stm32f10x.o
 .debug_info    0x00001e3e       0xd1 ./system/src/cmsis/vectors_stm32f10x.o
 .debug_info    0x00001f0f     0x10cc ./src/CanTp.o
 .debug_info    0x00002fdb      0x2b5 ./src/CanTp_Cfg.o
 .debug_info    0x00003290      0x3a0 ./src/RCC.o
 .debug_info    0x00003630      0x41e ./src/main.o
 .debug_info    0x00003a4e      0x4a9 ./ThirdParty/FreeRTOS/Source/portable/MemMang/heap_4.o
 .debug_info    0x00003ef7      0x327 ./ThirdParty/FreeRTOS/Source/portable/GCC/ARM_CM3/port.o
 .debug_info    0x0000421e      0x2a5 ./ThirdParty/FreeRTOS/Source/list.o
 .debug_info    0x000044c3     0x1ec8 ./ThirdParty/FreeRTOS/Source/tasks.o

.debug_abbrev   0x00000000     0x1963
 *(.debug_abbrev)
 .debug_abbrev  0x00000000       0x8e ./system/src/newlib/_exit.o
 .debug_abbrev  0x0000008e       0xb9 ./system/src/newlib/_sbrk.o
 .debug_abbrev  0x00000147      0x1ac ./system/src/newlib/_startup.o
 .debug_abbrev  0x000002f3       0xec ./system/src/newlib/_syscalls.o
 .debug_abbrev  0x000003df      0x156 ./system/src/diag/Trace.o
 .debug_abbrev  0x00000535      0x1c8 ./system/src/diag/trace_impl.o
 .debug_abbrev  0x000006fd       0xea ./system/src/cortexm/_initialize_hardware.o
 .debug_abbrev  0x000007e7      0x247 ./system/src/cortexm/exception_handlers.o
 .debug_abbrev  0x00000a2e      0x159 ./system/src/cmsis/system_stm32f10x.o
 .debug_abbrev  0x00000b87       0x9d ./system/src/cmsis/vectors_stm32f10x.o
 .debug_abbrev  0x00000c24      0x27c ./src/CanTp.o
 .debug_abbrev  0x00000ea0       0x7c ./src/CanTp_Cfg.o
 .debug_abbrev  0x00000f1c      0x148 ./src/RCC.o
 .debug_abbrev  0x00001064      0x1a8 ./src/main.o
 .debug_abbrev  0x0000120c      0x1bf ./ThirdParty/FreeRTOS/Source/portable/MemMang/heap_4.o
 .debug_abbrev  0x000013cb      0x1cd ./ThirdParty/FreeRTOS/Source/portable/GCC/ARM_CM3/port.o
 .debug_abbrev  0x00001598       0xe6 ./ThirdParty/FreeRTOS/Source/list.o
 .debug_abbrev  0x0000167e      0x2e5 ./ThirdParty/FreeRTOS/Source/tasks.o

.debug_line     0x00000000     0x4b99
 *(.debug_line)
 .debug_line    0x00000000      0x345 ./system/src/newlib/_exit.o
 .debug_line    0x00000345      0x2f6 ./system/src/newlib/_sbrk.o
 .debug_line    0x0000063b      0x3ac ./system/src/newlib/_startup.o
 .debug_line    0x000009e7      0x413 ./system/src/newlib/_syscalls.o
 .debug_line    0x00000dfa      0x3b3 ./system/src/diag/Trace.o
 .debug_line    0x000011ad      0x62b ./system/src/diag/trace_impl.o
 .debug_line    0x000017d8      0x375 ./system/src/cortexm/_initialize_hardware.o
 .debug_line    0x00001b4d      0x6d4 ./system/src/cortexm/exception_handlers.o
 .debug_line    0x00002221      0x3d5 ./system/src/cmsis/system_stm32f10x.o
 .debug_line    0x000025f6      0x105 ./system/src/cmsis/vectors_stm32f10x.o
 .debug_line    0x000026fb      0x58e ./src/CanTp.o
 .debug_line    0x00002c89       0xa3 ./src/CanTp_Cfg.o
 .debug_line    0x00002d2c      0x163 ./src/RCC.o
 .debug_line    0x00002e8f      0x524 ./src/main.o
 .debug_line    0x000033b3      0x4ed ./ThirdParty/FreeRTOS/Source/portable/MemMang/heap_4.o
 .debug_line    0x000038a0      0x321 ./ThirdParty/FreeRTOS/Source/portable/GCC/ARM_CM3/port.o
 .debug_line    0x00003bc1      0x436 ./ThirdParty/FreeRTOS/Source/list.o
 .debug_line    0x00003ff7      0xba2 ./ThirdParty/FreeRTOS/Source/tasks.o

.debug_frame    0x00000000     0x1264
 *(.debug_frame)
 .debug_frame   0x00000000       0x38 ./system/src/newlib/_exit.o
 .debug_frame   0x00000038       0x28 ./system/src/newlib/_sbrk.o
 .debug_frame   0x00000060       0x7c ./system/src/newlib/_startup.o
 .debug_frame   0x000000dc       0x50 ./system/src/newlib/_syscalls.o
 .debug_frame   0x0000012c       0x94 ./system/src/diag/Trace.o
 .debug_frame   0x000001c0       0x60 ./system/src/diag/trace_impl.o
 .debug_frame   0x00000220       0x40 ./system/src/cortexm/_initialize_hardware.o
 .debug_frame   0x00000260      0x158 ./system/src/cortexm/exception_handlers.o
 .debug_frame   0x000003b8       0x68 ./system/src/cmsis/system_stm32f10x.o
 .debug_frame   0x00000420       0x20 ./system/src/cmsis/vectors_stm32f10x.o
 .debug_frame   0x00000440      0x27c ./src/CanTp.o
 .debug_frame   0x000006bc       0xf4 ./src/RCC.o
 .debug_frame   0x000007b0       0x7c ./src/main.o
 .debug_frame   0x0000082c       0xcc ./ThirdParty/FreeRTOS/Source/portable/MemMang/heap_4.o
 .debug_frame   0x000008f8       0xd8 ./ThirdParty/FreeRTOS/Source/portable/GCC/ARM_CM3/port.o
 .debug_frame   0x000009d0       0x6c ./ThirdParty/FreeRTOS/Source/list.o
 .debug_frame   0x00000a3c      0x53c ./ThirdParty/FreeRTOS/Source/tasks.o
 .debug_frame   0x00000f78       0x20 d:/iti/lectures/7-es turkey/material/arm tools iti/arm gcc/bin/../lib/gcc/arm-none-eabi/5.4.1/../../../../arm-none-eabi/lib/armv7-m\libg_nano.a(lib_a-errno.o)
 .debug_frame   0x00000f98       0x28 d:/iti/lectures/7-es turkey/material/arm tools iti/arm gcc/bin/../lib/gcc/arm-none-eabi/5.4.1/../../../../arm-none-eabi/lib/armv7-m\libg_nano.a(lib_a-memcpy-stub.o)
 .debug_frame   0x00000fc0       0x48 d:/iti/lectures/7-es turkey/material/arm tools iti/arm gcc/bin/../lib/gcc/arm-none-eabi/5.4.1/../../../../arm-none-eabi/lib/armv7-m\libg_nano.a(lib_a-vsnprintf.o)
 .debug_frame   0x00001008       0x90 d:/iti/lectures/7-es turkey/material/arm tools iti/arm gcc/bin/../lib/gcc/arm-none-eabi/5.4.1/../../../../arm-none-eabi/lib/armv7-m\libg_nano.a(lib_a-nano-svfprintf.o)
 .debug_frame   0x00001098       0x60 d:/iti/lectures/7-es turkey/material/arm tools iti/arm gcc/bin/../lib/gcc/arm-none-eabi/5.4.1/../../../../arm-none-eabi/lib/armv7-m\libg_nano.a(lib_a-nano-vfprintf_i.o)
 .debug_frame   0x000010f8       0x28 d:/iti/lectures/7-es turkey/material/arm tools iti/arm gcc/bin/../lib/gcc/arm-none-eabi/5.4.1/../../../../arm-none-eabi/lib/armv7-m\libg_nano.a(lib_a-memchr-stub.o)
 .debug_frame   0x00001120       0x28 d:/iti/lectures/7-es turkey/material/arm tools iti/arm gcc/bin/../lib/gcc/arm-none-eabi/5.4.1/../../../../arm-none-eabi/lib/armv7-m\libg_nano.a(lib_a-memmove.o)
 .debug_frame   0x00001148       0x38 d:/iti/lectures/7-es turkey/material/arm tools iti/arm gcc/bin/../lib/gcc/arm-none-eabi/5.4.1/../../../../arm-none-eabi/lib/armv7-m\libg_nano.a(lib_a-nano-freer.o)
 .debug_frame   0x00001180       0x2c d:/iti/lectures/7-es turkey/material/arm tools iti/arm gcc/bin/../lib/gcc/arm-none-eabi/5.4.1/../../../../arm-none-eabi/lib/armv7-m\libg_nano.a(lib_a-nano-mallocr.o)
 .debug_frame   0x000011ac       0x3c d:/iti/lectures/7-es turkey/material/arm tools iti/arm gcc/bin/../lib/gcc/arm-none-eabi/5.4.1/../../../../arm-none-eabi/lib/armv7-m\libg_nano.a(lib_a-nano-reallocr.o)
 .debug_frame   0x000011e8       0x2c d:/iti/lectures/7-es turkey/material/arm tools iti/arm gcc/bin/../lib/gcc/arm-none-eabi/5.4.1/../../../../arm-none-eabi/lib/armv7-m\libg_nano.a(lib_a-sbrkr.o)
 .debug_frame   0x00001214       0x30 d:/iti/lectures/7-es turkey/material/arm tools iti/arm gcc/bin/../lib/gcc/arm-none-eabi/5.4.1/../../../../arm-none-eabi/lib/armv7-m\libg_nano.a(lib_a-mlock.o)
 .debug_frame   0x00001244       0x20 d:/iti/lectures/7-es turkey/material/arm tools iti/arm gcc/bin/../lib/gcc/arm-none-eabi/5.4.1/../../../../arm-none-eabi/lib/armv7-m\libg_nano.a(lib_a-nano-msizer.o)

.debug_str      0x00000000    0x5d375
 *(.debug_str)
 .debug_str     0x00000000     0x6d28 ./system/src/newlib/_exit.o
                               0x6e9a (size before relaxing)
 .debug_str     0x00006d28      0x35e ./system/src/newlib/_sbrk.o
                               0x6285 (size before relaxing)
 .debug_str     0x00007086      0xbba ./system/src/newlib/_startup.o
                               0x5e3a (size before relaxing)
 .debug_str     0x00007c40      0xe18 ./system/src/newlib/_syscalls.o
                               0x70e5 (size before relaxing)
 .debug_str     0x00008a58      0x890 ./system/src/diag/Trace.o
                               0x768a (size before relaxing)
 .debug_str     0x000092e8    0x4b0fd ./system/src/diag/trace_impl.o
                              0x51c9a (size before relaxing)
 .debug_str     0x000543e5       0xc4 ./system/src/cortexm/_initialize_hardware.o
                              0x4de54 (size before relaxing)
 .debug_str     0x000544a9      0x172 ./system/src/cortexm/exception_handlers.o
                              0x52a5c (size before relaxing)
 .debug_str     0x0005461b      0x124 ./system/src/cmsis/system_stm32f10x.o
                              0x4defe (size before relaxing)
 .debug_str     0x0005473f       0x57 ./system/src/cmsis/vectors_stm32f10x.o
                               0x3055 (size before relaxing)
 .debug_str     0x00054796     0x1a04 ./src/CanTp.o
                               0x4a39 (size before relaxing)
 .debug_str     0x0005619a       0x13 ./src/CanTp_Cfg.o
                               0x366c (size before relaxing)
 .debug_str     0x000561ad      0xec2 ./src/RCC.o
                               0x349b (size before relaxing)
 .debug_str     0x0005706f     0x45ac ./src/main.o
                               0xc432 (size before relaxing)
 .debug_str     0x0005b61b      0x3cf ./ThirdParty/FreeRTOS/Source/portable/MemMang/heap_4.o
                               0x9e48 (size before relaxing)
 .debug_str     0x0005b9ea      0x6db ./ThirdParty/FreeRTOS/Source/portable/GCC/ARM_CM3/port.o
                               0x7718 (size before relaxing)
 .debug_str     0x0005c0c5      0x124 ./ThirdParty/FreeRTOS/Source/list.o
                               0x953a (size before relaxing)
 .debug_str     0x0005c1e9     0x118c ./ThirdParty/FreeRTOS/Source/tasks.o
                               0xb6f5 (size before relaxing)

.debug_loc      0x00000000     0x35c3
 *(.debug_loc)
 .debug_loc     0x00000000       0x82 ./system/src/newlib/_sbrk.o
 .debug_loc     0x00000082      0x265 ./system/src/newlib/_startup.o
 .debug_loc     0x000002e7       0x63 ./system/src/newlib/_syscalls.o
 .debug_loc     0x0000034a      0x102 ./system/src/diag/Trace.o
 .debug_loc     0x0000044c      0x17c ./system/src/diag/trace_impl.o
 .debug_loc     0x000005c8      0x2a8 ./system/src/cortexm/exception_handlers.o
 .debug_loc     0x00000870       0xdf ./system/src/cmsis/system_stm32f10x.o
 .debug_loc     0x0000094f      0xf0c ./src/CanTp.o
 .debug_loc     0x0000185b      0x294 ./src/RCC.o
 .debug_loc     0x00001aef       0x42 ./src/main.o
 .debug_loc     0x00001b31      0x390 ./ThirdParty/FreeRTOS/Source/portable/MemMang/heap_4.o
 .debug_loc     0x00001ec1       0xa8 ./ThirdParty/FreeRTOS/Source/portable/GCC/ARM_CM3/port.o
 .debug_loc     0x00001f69       0x65 ./ThirdParty/FreeRTOS/Source/list.o
 .debug_loc     0x00001fce     0x15f5 ./ThirdParty/FreeRTOS/Source/tasks.o

.debug_macinfo
 *(.debug_macinfo)

.debug_weaknames
 *(.debug_weaknames)

.debug_funcnames
 *(.debug_funcnames)

.debug_typenames
 *(.debug_typenames)

.debug_varnames
 *(.debug_varnames)
OUTPUT(STM32_RTOS_LCD.elf elf32-littlearm)

.debug_ranges   0x00000000      0x5f8
 .debug_ranges  0x00000000       0x18 ./system/src/newlib/_exit.o
 .debug_ranges  0x00000018       0x10 ./system/src/newlib/_sbrk.o
 .debug_ranges  0x00000028       0x48 ./system/src/newlib/_startup.o
 .debug_ranges  0x00000070       0x20 ./system/src/newlib/_syscalls.o
 .debug_ranges  0x00000090       0x28 ./system/src/diag/Trace.o
 .debug_ranges  0x000000b8       0x38 ./system/src/diag/trace_impl.o
 .debug_ranges  0x000000f0       0x18 ./system/src/cortexm/_initialize_hardware.o
 .debug_ranges  0x00000108       0x98 ./system/src/cortexm/exception_handlers.o
 .debug_ranges  0x000001a0       0x28 ./system/src/cmsis/system_stm32f10x.o
 .debug_ranges  0x000001c8       0x10 ./system/src/cmsis/vectors_stm32f10x.o
 .debug_ranges  0x000001d8       0xc8 ./src/CanTp.o
 .debug_ranges  0x000002a0       0x70 ./src/RCC.o
 .debug_ranges  0x00000310       0x30 ./src/main.o
 .debug_ranges  0x00000340       0x48 ./ThirdParty/FreeRTOS/Source/portable/MemMang/heap_4.o
 .debug_ranges  0x00000388       0x60 ./ThirdParty/FreeRTOS/Source/portable/GCC/ARM_CM3/port.o
 .debug_ranges  0x000003e8       0x30 ./ThirdParty/FreeRTOS/Source/list.o
 .debug_ranges  0x00000418      0x1e0 ./ThirdParty/FreeRTOS/Source/tasks.o

.debug_macro    0x00000000     0x3fed
 .debug_macro   0x00000000      0x19c ./system/src/newlib/_exit.o
 .debug_macro   0x0000019c       0x9c ./system/src/newlib/_exit.o
 .debug_macro   0x00000238      0x10e ./system/src/newlib/_exit.o
 .debug_macro   0x00000346       0x8d ./system/src/newlib/_exit.o
 .debug_macro   0x000003d3       0x43 ./system/src/newlib/_exit.o
 .debug_macro   0x00000416      0x30d ./system/src/newlib/_exit.o
 .debug_macro   0x00000723       0x35 ./system/src/newlib/_exit.o
 .debug_macro   0x00000758      0x151 ./system/src/newlib/_sbrk.o
 .debug_macro   0x000008a9      0x174 ./system/src/newlib/_sbrk.o
 .debug_macro   0x00000a1d       0x10 ./system/src/newlib/_sbrk.o
 .debug_macro   0x00000a2d      0x23b ./system/src/newlib/_sbrk.o
 .debug_macro   0x00000c68      0x15b ./system/src/newlib/_startup.o
 .debug_macro   0x00000dc3      0x1ff ./system/src/newlib/_syscalls.o
 .debug_macro   0x00000fc2       0x1c ./system/src/newlib/_syscalls.o
 .debug_macro   0x00000fde       0x10 ./system/src/newlib/_syscalls.o
 .debug_macro   0x00000fee       0x10 ./system/src/newlib/_syscalls.o
 .debug_macro   0x00000ffe       0x10 ./system/src/newlib/_syscalls.o
 .debug_macro   0x0000100e       0x35 ./system/src/newlib/_syscalls.o
 .debug_macro   0x00001043      0x122 ./system/src/newlib/_syscalls.o
 .debug_macro   0x00001165       0x88 ./system/src/newlib/_syscalls.o
 .debug_macro   0x000011ed       0x2b ./system/src/newlib/_syscalls.o
 .debug_macro   0x00001218      0x118 ./system/src/newlib/_syscalls.o
 .debug_macro   0x00001330      0x159 ./system/src/newlib/_syscalls.o
 .debug_macro   0x00001489       0x16 ./system/src/newlib/_syscalls.o
 .debug_macro   0x0000149f      0x1d9 ./system/src/diag/Trace.o
 .debug_macro   0x00001678       0x16 ./system/src/diag/Trace.o
 .debug_macro   0x0000168e       0x97 ./system/src/diag/Trace.o
 .debug_macro   0x00001725       0xfd ./system/src/diag/Trace.o
 .debug_macro   0x00001822       0x10 ./system/src/diag/Trace.o
 .debug_macro   0x00001832       0x16 ./system/src/diag/Trace.o
 .debug_macro   0x00001848      0x18b ./system/src/diag/Trace.o
 .debug_macro   0x000019d3       0x4c ./system/src/diag/Trace.o
 .debug_macro   0x00001a1f       0x16 ./system/src/diag/Trace.o
 .debug_macro   0x00001a35      0x2c2 ./system/src/diag/trace_impl.o
 .debug_macro   0x00001cf7       0x10 ./system/src/diag/trace_impl.o
 .debug_macro   0x00001d07       0xcf ./system/src/diag/trace_impl.o
 .debug_macro   0x00001dd6       0xbe ./system/src/diag/trace_impl.o
 .debug_macro   0x00001e94       0x22 ./system/src/diag/trace_impl.o
 .debug_macro   0x00001eb6      0x16b ./system/src/cortexm/_initialize_hardware.o
 .debug_macro   0x00002021      0x302 ./system/src/cortexm/exception_handlers.o
 .debug_macro   0x00002323       0x3b ./system/src/cortexm/exception_handlers.o
 .debug_macro   0x0000235e       0x10 ./system/src/cortexm/exception_handlers.o
 .debug_macro   0x0000236e      0x16e ./system/src/cmsis/system_stm32f10x.o
 .debug_macro   0x000024dc       0x34 ./system/src/cmsis/vectors_stm32f10x.o
 .debug_macro   0x00002510       0xcd ./src/CanTp.o
 .debug_macro   0x000025dd       0x52 ./src/CanTp.o
 .debug_macro   0x0000262f       0x3a ./src/CanTp.o
 .debug_macro   0x00002669       0x70 ./src/CanTp.o
 .debug_macro   0x000026d9       0x53 ./src/CanTp.o
 .debug_macro   0x0000272c       0x4c ./src/CanTp.o
 .debug_macro   0x00002778      0x13c ./src/CanTp.o
 .debug_macro   0x000028b4       0x82 ./src/CanTp.o
 .debug_macro   0x00002936       0x16 ./src/CanTp.o
 .debug_macro   0x0000294c       0x16 ./src/CanTp.o
 .debug_macro   0x00002962       0x69 ./src/CanTp_Cfg.o
 .debug_macro   0x000029cb       0x5d ./src/RCC.o
 .debug_macro   0x00002a28       0x22 ./src/RCC.o
 .debug_macro   0x00002a4a      0x22e ./src/RCC.o
 .debug_macro   0x00002c78      0x256 ./src/main.o
 .debug_macro   0x00002ece       0x22 ./src/main.o
 .debug_macro   0x00002ef0       0x22 ./src/main.o
 .debug_macro   0x00002f12       0xa0 ./src/main.o
 .debug_macro   0x00002fb2      0x15a ./src/main.o
 .debug_macro   0x0000310c       0xdd ./src/main.o
 .debug_macro   0x000031e9       0x1c ./src/main.o
 .debug_macro   0x00003205       0x26 ./src/main.o
 .debug_macro   0x0000322b      0x54a ./src/main.o
 .debug_macro   0x00003775       0xb5 ./src/main.o
 .debug_macro   0x0000382a       0xaa ./src/main.o
 .debug_macro   0x000038d4       0x91 ./src/main.o
 .debug_macro   0x00003965      0x18a ./ThirdParty/FreeRTOS/Source/portable/MemMang/heap_4.o
 .debug_macro   0x00003aef      0x145 ./ThirdParty/FreeRTOS/Source/portable/GCC/ARM_CM3/port.o
 .debug_macro   0x00003c34      0x163 ./ThirdParty/FreeRTOS/Source/list.o
 .debug_macro   0x00003d97      0x246 ./ThirdParty/FreeRTOS/Source/tasks.o
 .debug_macro   0x00003fdd       0x10 ./ThirdParty/FreeRTOS/Source/tasks.o
