******************************************************************************
                  TI ARM Linker PC v18.12.2                    
******************************************************************************
>> Linked Wed Jun 17 19:16:09 2020

OUTPUT FILE NAME:   <freertos_demo.out>
ENTRY POINT SYMBOL: "_c_int00_noargs"  address: 000012a1


MEMORY CONFIGURATION

         name            origin    length      used     unused   attr    fill
----------------------  --------  ---------  --------  --------  ----  --------
  FLASH                 00000000   00040000  0000167e  0003e982  R  X
  SRAM                  20000000   00008000  00007a37  000005c9  RW X


SEGMENT ALLOCATION MAP

run origin  load origin   length   init length attrs members
----------  ----------- ---------- ----------- ----- -------
00000000    00000000    00001680   00001680    r-x
  00000000    00000000    0000026c   0000026c    r-- .intvecs
  0000026c    0000026c    000012da   000012da    r-x .text
  00001548    00001548    000000f8   000000f8    r-- .const
  00001640    00001640    00000040   00000040    r-- .cinit
20000000    20000000    00007a3b   00000000    rw-
  20000000    20000000    000077ec   00000000    rw- .bss
  200077f0    200077f0    00000200   00000000    rw- .stack
  200079f0    200079f0    0000004b   00000000    rw- .data


SECTION ALLOCATION MAP

 output                                  attributes/
section   page    origin      length       input sections
--------  ----  ----------  ----------   ----------------
.intvecs   0    00000000    0000026c     
                  00000000    0000026c     startup_ccs.obj (.intvecs)

.text      0    0000026c    000012da     
                  0000026c    000001b6     rtsv7M4_T_le_v4SPD16_eabi.lib : fd_add_t2.asm.obj (.text)
                  00000422    00000002     startup_ccs.obj (.text:FaultISR)
                  00000424    00000178     CanTp.obj (.text:CanTp_MainFunction)
                  0000059c    00000104     tasks.obj (.text:xTaskIncrementTick)
                  000006a0    00000100     tasks.obj (.text:xTaskGenericCreate)
                  000007a0    000000e4     tasks.obj (.text:xTaskResumeAll)
                  00000884    000000d2     portasm.obj (.text)
                  00000956    00000002     startup_ccs.obj (.text:IntDefaultHandler)
                  00000958    000000ac     heap_2.obj (.text:pvPortMalloc)
                  00000a04    000000a8     CanTp.obj (.text:CanTp_Transmit)
                  00000aac    0000009c     rtsv7M4_T_le_v4SPD16_eabi.lib : memcpy_t2.asm.obj (.text)
                  00000b48    00000098     CanTp.obj (.text:SendFlowControlFrame)
                  00000be0    0000008c     tasks.obj (.text:vTaskSwitchContext)
                  00000c6c    0000007a     rtsv7M4_T_le_v4SPD16_eabi.lib : memset_t2.asm.obj (.text)
                  00000ce6    0000006c     CanTp.obj (.text:SendNextTxFrame)
                  00000d52    00000002     startup_ccs.obj (.text:NmiSR)
                  00000d54    0000006c     freertos_demo.obj (.text:main)
                  00000dc0    00000068     rtsv7M4_T_le_v4SPD16_eabi.lib : copy_decompress_lzss.c.obj (.text:decompress:lzss:__TI_decompress_lzss)
                  00000e28    00000064     freertos_demo.obj (.text:Task_2)
                  00000e8c    00000060     tasks.obj (.text:prvInitialiseTaskLists)
                  00000eec    00000060     tasks.obj (.text:vTaskStartScheduler)
                  00000f4c    0000005c     tasks.obj (.text:vTaskDelay)
                  00000fa8    00000058     tasks.obj (.text:prvCheckTasksWaitingTermination)
                  00001000    00000056     tasks.obj (.text:prvInitialiseTCBVariables)
                  00001056    00000002     freertos_demo.obj (.text:vApplicationStackOverflowHook)
                  00001058    0000004c     tasks.obj (.text:prvAddCurrentTaskToDelayedList)
                  000010a4    00000048     rtsv7M4_T_le_v4SPD16_eabi.lib : fd_toi_t2.asm.obj (.text)
                  000010ec    00000044                                   : autoinit.c.obj (.text:__TI_auto_init_nobinit_nopinit:__TI_auto_init_nobinit_nopinit)
                  00001130    00000044                                   : fd_tou_t2.asm.obj (.text)
                  00001174    00000044     heap_2.obj (.text:vPortFree)
                  000011b8    00000040     port.obj (.text:xPortStartScheduler)
                  000011f8    0000003a     tasks.obj (.text:prvAllocateTCBAndStack)
                  00001232    00000038     list.obj (.text:vListInsert)
                  0000126a    00000002     --HOLE-- [fill = 0]
                  0000126c    00000034     CanTp.obj (.text:CanTp_Init)
                  000012a0    00000034     rtsv7M4_T_le_v4SPD16_eabi.lib : boot_cortex_m.c.obj (.text:_c_int00_noargs:_c_int00_noargs)
                  000012d4    00000030     heap_2.obj (.text:prvHeapInit)
                  00001304    0000002c     CanTp.obj (.text:PduR_CanTpCopyRxData)
                  00001330    0000002c     port.obj (.text:xPortSysTickHandler)
                  0000135c    00000028     tasks.obj (.text:prvResetNextTaskUnblockTime)
                  00001384    00000028     port.obj (.text:pxPortInitialiseStack)
                  000013ac    00000022     CanTp.obj (.text:PadFrame)
                  000013ce    00000020     CanTp.obj (.text:StartNewTransmission)
                  000013ee    00000020     rtsv7M4_T_le_v4SPD16_eabi.lib : u_tofd_t2.asm.obj (.text)
                  0000140e    00000020     list.obj (.text:uxListRemove)
                  0000142e    0000001e     CanTp.obj (.text:StartNewReception)
                  0000144c    0000001c     port.obj (.text:vPortEnterCritical)
                  00001468    00000018     list.obj (.text:vListInsertEnd)
                  00001480    00000018     port.obj (.text:vPortExitCritical)
                  00001498    00000016     list.obj (.text:vListInitialise)
                  000014ae    00000002     --HOLE-- [fill = 0]
                  000014b0    00000014     port.obj (.text:vPortSetupTimerInterrupt)
                  000014c4    00000012     tasks.obj (.text:prvDeleteTCB)
                  000014d6    00000010     freertos_demo.obj (.text:Task_1)
                  000014e6    00000010     port.obj (.text:prvTaskExitError)
                  000014f6    00000002     --HOLE-- [fill = 0]
                  000014f8    00000010     tasks.obj (.text:vTaskSuspendAll)
                  00001508    0000000e     rtsv7M4_T_le_v4SPD16_eabi.lib : copy_decompress_none.c.obj (.text:decompress:none:__TI_decompress_none)
                  00001516    0000000c                                   : copy_zero_init.c.obj (.text:decompress:ZI:__TI_zero_init)
                  00001522    00000008     tasks.obj (.text:prvIdleTask)
                  0000152a    00000006     startup_ccs.obj (.text:ResetISR)
                  00001530    00000006     list.obj (.text:vListInitialiseItem)
                  00001536    00000004     CanTp.obj (.text:CanIf_Transmit)
                  0000153a    00000004     CanTp.obj (.text:PduR_CanTpCopyTxData)
                  0000153e    00000004     rtsv7M4_T_le_v4SPD16_eabi.lib : pre_init.c.obj (.text:_system_pre_init)
                  00001542    00000004                                   : exit.c.obj (.text:abort:abort)

.const     0    00001548    000000f8     
                  00001548    00000080     CanTp_Cfg.obj (.const:CanTpRxNSdu)
                  000015c8    00000050     CanTp_Cfg.obj (.const:CanTpTxNSdu)
                  00001618    00000012     freertos_demo.obj (.const:.string:$P$T0$1)
                  0000162a    00000008     freertos_demo.obj (.const:.string:$P$T1$2)
                  00001632    00000007     freertos_demo.obj (.const:.string:$P$T2$3)
                  00001639    00000003     --HOLE-- [fill = 0]
                  0000163c    00000004     port.obj (.const)

.cinit     0    00001640    00000040     
                  00001640    00000019     (.cinit..data.load) [load image, compression = lzss]
                  00001659    00000003     --HOLE-- [fill = 0]
                  0000165c    0000000c     (__TI_handler_table)
                  00001668    00000008     (.cinit..bss.load) [load image, compression = zero_init]
                  00001670    00000010     (__TI_cinit_table)

.init_array 
*          0    00000000    00000000     UNINITIALIZED

.bss       0    20000000    000077ec     UNINITIALIZED
                  20000000    00007530     heap_2.obj (.bss:ucHeap)
                  20007530    00000140     tasks.obj (.bss:pxReadyTasksLists)
                  20007670    00000080     (.common:CanTpRunTimeRxData)
                  200076f0    00000080     (.common:CanTpRunTimeTxData)
                  20007770    00000014     tasks.obj (.bss:xDelayedTaskList1)
                  20007784    00000014     tasks.obj (.bss:xDelayedTaskList2)
                  20007798    00000014     tasks.obj (.bss:xPendingReadyList)
                  200077ac    00000014     tasks.obj (.bss:xSuspendedTaskList)
                  200077c0    00000014     tasks.obj (.bss:xTasksWaitingTermination)
                  200077d4    00000008     tasks.obj (.bss)
                  200077dc    00000008     heap_2.obj (.bss:xEnd)
                  200077e4    00000008     heap_2.obj (.bss:xStart)

.data      0    200079f0    0000004b     UNINITIALIZED
                  200079f0    00000030     tasks.obj (.data)
                  20007a20    00000008     heap_2.obj (.data)
                  20007a28    00000006     CanTp_Cfg.obj (.data:ChannelInfo)
                  20007a2e    00000002     --HOLE--
                  20007a30    00000004     freertos_demo.obj (.data)
                  20007a34    00000004     port.obj (.data)
                  20007a38    00000003     CanTp.obj (.data)

.stack     0    200077f0    00000200     UNINITIALIZED
                  200077f0    00000004     rtsv7M4_T_le_v4SPD16_eabi.lib : boot_cortex_m.c.obj (.stack)
                  200077f4    000001fc     --HOLE--

MODULE SUMMARY

       Module                       code   ro data   rw data
       ------                       ----   -------   -------
    .\
       CanTp.obj                    1004   0         259    
       startup_ccs.obj              12     620       0      
       freertos_demo.obj            226    33        4      
       CanTp_Cfg.obj                0      208       6      
    +--+----------------------------+------+---------+---------+
       Total:                       1242   861       269    
                                                            
    .\third_party\FreeRTOS\Source\
       tasks.obj                    1558   0         476    
       list.obj                     140    0         0      
    +--+----------------------------+------+---------+---------+
       Total:                       1698   0         476    
                                                            
    .\third_party\FreeRTOS\Source\portable\CCS\ARM_CM4F\
       port.obj                     236    4         4      
       portasm.obj                  210    0         0      
    +--+----------------------------+------+---------+---------+
       Total:                       446    4         4      
                                                            
    .\third_party\FreeRTOS\Source\portable\MemMang\
       heap_2.obj                   288    0         30024  
    +--+----------------------------+------+---------+---------+
       Total:                       288    0         30024  
                                                            
    C:\ti\ccs910\ccs\tools\compiler\ti-cgt-arm_18.12.2.LTS\lib\rtsv7M4_T_le_v4SPD16_eabi.lib
       fd_add_t2.asm.obj            438    0         0      
       memcpy_t2.asm.obj            156    0         0      
       memset_t2.asm.obj            122    0         0      
       copy_decompress_lzss.c.obj   104    0         0      
       fd_toi_t2.asm.obj            72     0         0      
       autoinit.c.obj               68     0         0      
       fd_tou_t2.asm.obj            68     0         0      
       boot_cortex_m.c.obj          52     0         0      
       u_tofd_t2.asm.obj            32     0         0      
       copy_decompress_none.c.obj   14     0         0      
       copy_zero_init.c.obj         12     0         0      
       exit.c.obj                   4      0         0      
       pre_init.c.obj               4      0         0      
    +--+----------------------------+------+---------+---------+
       Total:                       1146   0         0      
                                                            
       Stack:                       0      0         512    
       Linker Generated:            0      61        0      
    +--+----------------------------+------+---------+---------+
       Grand Total:                 4820   926       31285  


LINKER GENERATED COPY TABLES

__TI_cinit_table @ 00001670 records: 2, size/record: 8, table size: 16
	.data: load addr=00001640, load size=00000019 bytes, run addr=200079f0, run size=0000004b bytes, compression=lzss
	.bss: load addr=00001668, load size=00000008 bytes, run addr=20000000, run size=000077ec bytes, compression=zero_init


LINKER GENERATED HANDLER TABLE

__TI_handler_table @ 0000165c records: 3, size/record: 4, table size: 12
	index: 0, handler: __TI_decompress_lzss
	index: 1, handler: __TI_decompress_none
	index: 2, handler: __TI_zero_init


GLOBAL SYMBOLS: SORTED ALPHABETICALLY BY Name 

address   name                          
-------   ----                          
00001543  C$$EXIT                       
00001537  CanIf_Transmit                
20007670  CanTpRunTimeRxData            
200076f0  CanTpRunTimeTxData            
00001548  CanTpRxNSdu                   
000015c8  CanTpTxNSdu                   
0000126d  CanTp_Init                    
00000425  CanTp_MainFunction            
00000a05  CanTp_Transmit                
20007a28  ChannelInfo                   
00001305  PduR_CanTpCopyRxData          
0000153b  PduR_CanTpCopyTxData          
0000152b  ResetISR                      
200079f0  __STACK_END                   
00000200  __STACK_SIZE                  
200079f0  __STACK_TOP                   
00001670  __TI_CINIT_Base               
00001680  __TI_CINIT_Limit              
0000165c  __TI_Handler_Table_Base       
00001668  __TI_Handler_Table_Limit      
000010ed  __TI_auto_init_nobinit_nopinit
00000dc1  __TI_decompress_lzss          
00001509  __TI_decompress_none          
ffffffff  __TI_pprof_out_hndl           
ffffffff  __TI_prof_data_size           
ffffffff  __TI_prof_data_start          
00000000  __TI_static_base__            
00001517  __TI_zero_init                
000010a5  __aeabi_d2iz                  
00001131  __aeabi_d2uiz                 
00000277  __aeabi_dadd                  
0000026d  __aeabi_dsub                  
00000c6d  __aeabi_memclr                
00000c6d  __aeabi_memclr4               
00000c6d  __aeabi_memclr8               
00000aad  __aeabi_memcpy                
00000aad  __aeabi_memcpy4               
00000aad  __aeabi_memcpy8               
00000c6f  __aeabi_memset                
00000c6f  __aeabi_memset4               
00000c6f  __aeabi_memset8               
000013ef  __aeabi_ui2d                  
ffffffff  __binit__                     
ffffffff  __c_args__                    
UNDEFED   __mpu_init                    
200077f0  __stack                       
000012a1  _c_int00_noargs               
UNDEFED   _system_post_cinit            
0000153f  _system_pre_init              
00001543  abort                         
ffffffff  binit                         
20007a30  flag                          
00000000  g_pfnVectors                  
00000d55  main                          
00000aad  memcpy                        
00000c75  memset                        
00000959  pvPortMalloc                  
200079f0  pxCurrentTCB                  
00001385  pxPortInitialiseStack         
0000163c  ulMaxSyscallInterruptPriority 
00000895  ulPortGetIPSR                 
0000140f  uxListRemove                  
00001057  vApplicationStackOverflowHook 
00001499  vListInitialise               
00001531  vListInitialiseItem           
00001233  vListInsert                   
00001469  vListInsertEnd                
00000949  vPortEnableVFP                
0000144d  vPortEnterCritical            
00001481  vPortExitCritical             
00001175  vPortFree                     
0000090d  vPortSVCHandler               
000014b1  vPortSetupTimerInterrupt      
0000092d  vPortStartFirstTask           
00000f4d  vTaskDelay                    
00000eed  vTaskStartScheduler           
000014f9  vTaskSuspendAll               
00000be1  vTaskSwitchContext            
000008ad  xPortPendSVHandler            
000011b9  xPortStartScheduler           
00001331  xPortSysTickHandler           
000006a1  xTaskGenericCreate            
0000059d  xTaskIncrementTick            
000007a1  xTaskResumeAll                


GLOBAL SYMBOLS: SORTED BY Symbol Address 

address   name                          
-------   ----                          
00000000  __TI_static_base__            
00000000  g_pfnVectors                  
00000200  __STACK_SIZE                  
0000026d  __aeabi_dsub                  
00000277  __aeabi_dadd                  
00000425  CanTp_MainFunction            
0000059d  xTaskIncrementTick            
000006a1  xTaskGenericCreate            
000007a1  xTaskResumeAll                
00000895  ulPortGetIPSR                 
000008ad  xPortPendSVHandler            
0000090d  vPortSVCHandler               
0000092d  vPortStartFirstTask           
00000949  vPortEnableVFP                
00000959  pvPortMalloc                  
00000a05  CanTp_Transmit                
00000aad  __aeabi_memcpy                
00000aad  __aeabi_memcpy4               
00000aad  __aeabi_memcpy8               
00000aad  memcpy                        
00000be1  vTaskSwitchContext            
00000c6d  __aeabi_memclr                
00000c6d  __aeabi_memclr4               
00000c6d  __aeabi_memclr8               
00000c6f  __aeabi_memset                
00000c6f  __aeabi_memset4               
00000c6f  __aeabi_memset8               
00000c75  memset                        
00000d55  main                          
00000dc1  __TI_decompress_lzss          
00000eed  vTaskStartScheduler           
00000f4d  vTaskDelay                    
00001057  vApplicationStackOverflowHook 
000010a5  __aeabi_d2iz                  
000010ed  __TI_auto_init_nobinit_nopinit
00001131  __aeabi_d2uiz                 
00001175  vPortFree                     
000011b9  xPortStartScheduler           
00001233  vListInsert                   
0000126d  CanTp_Init                    
000012a1  _c_int00_noargs               
00001305  PduR_CanTpCopyRxData          
00001331  xPortSysTickHandler           
00001385  pxPortInitialiseStack         
000013ef  __aeabi_ui2d                  
0000140f  uxListRemove                  
0000144d  vPortEnterCritical            
00001469  vListInsertEnd                
00001481  vPortExitCritical             
00001499  vListInitialise               
000014b1  vPortSetupTimerInterrupt      
000014f9  vTaskSuspendAll               
00001509  __TI_decompress_none          
00001517  __TI_zero_init                
0000152b  ResetISR                      
00001531  vListInitialiseItem           
00001537  CanIf_Transmit                
0000153b  PduR_CanTpCopyTxData          
0000153f  _system_pre_init              
00001543  C$$EXIT                       
00001543  abort                         
00001548  CanTpRxNSdu                   
000015c8  CanTpTxNSdu                   
0000163c  ulMaxSyscallInterruptPriority 
0000165c  __TI_Handler_Table_Base       
00001668  __TI_Handler_Table_Limit      
00001670  __TI_CINIT_Base               
00001680  __TI_CINIT_Limit              
20007670  CanTpRunTimeRxData            
200076f0  CanTpRunTimeTxData            
200077f0  __stack                       
200079f0  __STACK_END                   
200079f0  __STACK_TOP                   
200079f0  pxCurrentTCB                  
20007a28  ChannelInfo                   
20007a30  flag                          
ffffffff  __TI_pprof_out_hndl           
ffffffff  __TI_prof_data_size           
ffffffff  __TI_prof_data_start          
ffffffff  __binit__                     
ffffffff  __c_args__                    
ffffffff  binit                         
UNDEFED   __mpu_init                    
UNDEFED   _system_post_cinit            

[84 symbols]
