Archive member included to satisfy reference by file (symbol)

d:/iti intake 40/embedded tools/arm environment/imt_sdk_win_64/imt_sdk_win_64/winarm/armgcc/bin/../lib/gcc/arm-none-eabi/7.2.1/thumb/v7-m\libgcc.a(_arm_addsubdf3.o)
                              ./src/CanTp.o (__aeabi_dsub)
d:/iti intake 40/embedded tools/arm environment/imt_sdk_win_64/imt_sdk_win_64/winarm/armgcc/bin/../lib/gcc/arm-none-eabi/7.2.1/thumb/v7-m\libgcc.a(_arm_fixunsdfsi.o)
                              ./src/CanTp.o (__aeabi_d2uiz)
d:/iti intake 40/embedded tools/arm environment/imt_sdk_win_64/imt_sdk_win_64/winarm/armgcc/bin/../lib/gcc/arm-none-eabi/7.2.1/../../../../arm-none-eabi/lib/thumb/v7-m\libg_nano.a(lib_a-errno.o)
                              ./system/src/newlib/_sbrk.o (__errno)
d:/iti intake 40/embedded tools/arm environment/imt_sdk_win_64/imt_sdk_win_64/winarm/armgcc/bin/../lib/gcc/arm-none-eabi/7.2.1/../../../../arm-none-eabi/lib/thumb/v7-m\libg_nano.a(lib_a-impure.o)
                              d:/iti intake 40/embedded tools/arm environment/imt_sdk_win_64/imt_sdk_win_64/winarm/armgcc/bin/../lib/gcc/arm-none-eabi/7.2.1/../../../../arm-none-eabi/lib/thumb/v7-m\libg_nano.a(lib_a-errno.o) (_impure_ptr)
d:/iti intake 40/embedded tools/arm environment/imt_sdk_win_64/imt_sdk_win_64/winarm/armgcc/bin/../lib/gcc/arm-none-eabi/7.2.1/../../../../arm-none-eabi/lib/thumb/v7-m\libg_nano.a(lib_a-memcpy-stub.o)
                              ./ThirdParty/FreeRTOS/Source/queue.o (memcpy)
d:/iti intake 40/embedded tools/arm environment/imt_sdk_win_64/imt_sdk_win_64/winarm/armgcc/bin/../lib/gcc/arm-none-eabi/7.2.1/../../../../arm-none-eabi/lib/thumb/v7-m\libg_nano.a(lib_a-memset.o)
                              ./ThirdParty/FreeRTOS/Source/stream_buffer.o (memset)
d:/iti intake 40/embedded tools/arm environment/imt_sdk_win_64/imt_sdk_win_64/winarm/armgcc/bin/../lib/gcc/arm-none-eabi/7.2.1/../../../../arm-none-eabi/lib/thumb/v7-m\libg_nano.a(lib_a-strlen.o)
                              ./system/src/diag/Trace.o (strlen)
d:/iti intake 40/embedded tools/arm environment/imt_sdk_win_64/imt_sdk_win_64/winarm/armgcc/bin/../lib/gcc/arm-none-eabi/7.2.1/../../../../arm-none-eabi/lib/thumb/v7-m\libg_nano.a(lib_a-vsnprintf.o)
                              ./system/src/diag/Trace.o (vsnprintf)
d:/iti intake 40/embedded tools/arm environment/imt_sdk_win_64/imt_sdk_win_64/winarm/armgcc/bin/../lib/gcc/arm-none-eabi/7.2.1/../../../../arm-none-eabi/lib/thumb/v7-m\libg_nano.a(lib_a-nano-svfprintf.o)
                              d:/iti intake 40/embedded tools/arm environment/imt_sdk_win_64/imt_sdk_win_64/winarm/armgcc/bin/../lib/gcc/arm-none-eabi/7.2.1/../../../../arm-none-eabi/lib/thumb/v7-m\libg_nano.a(lib_a-vsnprintf.o) (_svfprintf_r)
d:/iti intake 40/embedded tools/arm environment/imt_sdk_win_64/imt_sdk_win_64/winarm/armgcc/bin/../lib/gcc/arm-none-eabi/7.2.1/../../../../arm-none-eabi/lib/thumb/v7-m\libg_nano.a(lib_a-nano-vfprintf_i.o)
                              d:/iti intake 40/embedded tools/arm environment/imt_sdk_win_64/imt_sdk_win_64/winarm/armgcc/bin/../lib/gcc/arm-none-eabi/7.2.1/../../../../arm-none-eabi/lib/thumb/v7-m\libg_nano.a(lib_a-nano-svfprintf.o) (_printf_i)
d:/iti intake 40/embedded tools/arm environment/imt_sdk_win_64/imt_sdk_win_64/winarm/armgcc/bin/../lib/gcc/arm-none-eabi/7.2.1/../../../../arm-none-eabi/lib/thumb/v7-m\libg_nano.a(lib_a-memchr-stub.o)
                              d:/iti intake 40/embedded tools/arm environment/imt_sdk_win_64/imt_sdk_win_64/winarm/armgcc/bin/../lib/gcc/arm-none-eabi/7.2.1/../../../../arm-none-eabi/lib/thumb/v7-m\libg_nano.a(lib_a-nano-svfprintf.o) (memchr)
d:/iti intake 40/embedded tools/arm environment/imt_sdk_win_64/imt_sdk_win_64/winarm/armgcc/bin/../lib/gcc/arm-none-eabi/7.2.1/../../../../arm-none-eabi/lib/thumb/v7-m\libg_nano.a(lib_a-memmove.o)
                              d:/iti intake 40/embedded tools/arm environment/imt_sdk_win_64/imt_sdk_win_64/winarm/armgcc/bin/../lib/gcc/arm-none-eabi/7.2.1/../../../../arm-none-eabi/lib/thumb/v7-m\libg_nano.a(lib_a-nano-svfprintf.o) (memmove)
d:/iti intake 40/embedded tools/arm environment/imt_sdk_win_64/imt_sdk_win_64/winarm/armgcc/bin/../lib/gcc/arm-none-eabi/7.2.1/../../../../arm-none-eabi/lib/thumb/v7-m\libg_nano.a(lib_a-nano-freer.o)
                              d:/iti intake 40/embedded tools/arm environment/imt_sdk_win_64/imt_sdk_win_64/winarm/armgcc/bin/../lib/gcc/arm-none-eabi/7.2.1/../../../../arm-none-eabi/lib/thumb/v7-m\libg_nano.a(lib_a-nano-svfprintf.o) (_free_r)
d:/iti intake 40/embedded tools/arm environment/imt_sdk_win_64/imt_sdk_win_64/winarm/armgcc/bin/../lib/gcc/arm-none-eabi/7.2.1/../../../../arm-none-eabi/lib/thumb/v7-m\libg_nano.a(lib_a-nano-mallocr.o)
                              d:/iti intake 40/embedded tools/arm environment/imt_sdk_win_64/imt_sdk_win_64/winarm/armgcc/bin/../lib/gcc/arm-none-eabi/7.2.1/../../../../arm-none-eabi/lib/thumb/v7-m\libg_nano.a(lib_a-nano-svfprintf.o) (_malloc_r)
[...]
Memory Configuration

Name             Origin             Length             Attributes
RAM              0x20000000         0x00005000         xrw
CCMRAM           0x00000000         0x00000000         xrw
FLASH            0x08000000         0x00008000         xr
FLASHB1          0x00000000         0x00000000         xr
EXTMEMB0         0x00000000         0x00000000         xr
EXTMEMB1         0x00000000         0x00000000         xr
EXTMEMB2         0x00000000         0x00000000         xr
EXTMEMB3         0x00000000         0x00000000         xr
MEMORY_ARRAY     0x00000000         0x00000000         xrw
*default*        0x00000000         0xffffffff

Linker script and memory map

LOAD ./system/src/stm32f1-stdperiph/misc.o
LOAD ./system/src/stm32f1-stdperiph/stm32f10x_gpio.o
LOAD ./system/src/stm32f1-stdperiph/stm32f10x_rcc.o
LOAD ./system/src/newlib/_cxx.o
LOAD ./system/src/newlib/_exit.o
LOAD ./system/src/newlib/_sbrk.o
LOAD ./system/src/newlib/_startup.o
LOAD ./system/src/newlib/_syscalls.o
LOAD ./system/src/newlib/assert.o
LOAD ./system/src/diag/Trace.o
LOAD ./system/src/diag/trace_impl.o
LOAD ./system/src/cortexm/_initialize_hardware.o
LOAD ./system/src/cortexm/_reset_hardware.o
LOAD ./system/src/cortexm/exception_handlers.o
LOAD ./system/src/cmsis/system_stm32f10x.o
LOAD ./system/src/cmsis/vectors_stm32f10x.o
LOAD ./src/CanTp.o
LOAD ./src/CanTp_Cfg.o
LOAD ./src/RCC.o
LOAD ./src/main.o
LOAD ./ThirdParty/FreeRTOS/Source/portable/MemMang/heap_4.o
LOAD ./ThirdParty/FreeRTOS/Source/portable/GCC/ARM_CM3/port.o
LOAD ./ThirdParty/FreeRTOS/Source/croutine.o
LOAD ./ThirdParty/FreeRTOS/Source/event_groups.o
LOAD ./ThirdParty/FreeRTOS/Source/list.o
LOAD ./ThirdParty/FreeRTOS/Source/queue.o
LOAD ./ThirdParty/FreeRTOS/Source/stream_buffer.o
LOAD ./ThirdParty/FreeRTOS/Source/tasks.o
LOAD ./ThirdParty/FreeRTOS/Source/timers.o
LOAD d:/iti intake 40/embedded tools/arm environment/imt_sdk_win_64/imt_sdk_win_64/winarm/armgcc/bin/../lib/gcc/arm-none-eabi/7.2.1/../../../../arm-none-eabi/lib/thumb/v7-m\libstdc++_nano.a
LOAD d:/iti intake 40/embedded tools/arm environment/imt_sdk_win_64/imt_sdk_win_64/winarm/armgcc/bin/../lib/gcc/arm-none-eabi/7.2.1/../../../../arm-none-eabi/lib/thumb/v7-m\libm.a
START GROUP
LOAD d:/iti intake 40/embedded tools/arm environment/imt_sdk_win_64/imt_sdk_win_64/winarm/armgcc/bin/../lib/gcc/arm-none-eabi/7.2.1/thumb/v7-m\libgcc.a
LOAD d:/iti intake 40/embedded tools/arm environment/imt_sdk_win_64/imt_sdk_win_64/winarm/armgcc/bin/../lib/gcc/arm-none-eabi/7.2.1/../../../../arm-none-eabi/lib/thumb/v7-m\libg_nano.a
LOAD d:/iti intake 40/embedded tools/arm environment/imt_sdk_win_64/imt_sdk_win_64/winarm/armgcc/bin/../lib/gcc/arm-none-eabi/7.2.1/../../../../arm-none-eabi/lib/thumb/v7-m\libc_nano.a
END GROUP
START GROUP
LOAD d:/iti intake 40/embedded tools/arm environment/imt_sdk_win_64/imt_sdk_win_64/winarm/armgcc/bin/../lib/gcc/arm-none-eabi/7.2.1/thumb/v7-m\libgcc.a
LOAD d:/iti intake 40/embedded tools/arm environment/imt_sdk_win_64/imt_sdk_win_64/winarm/armgcc/bin/../lib/gcc/arm-none-eabi/7.2.1/../../../../arm-none-eabi/lib/thumb/v7-m\libc_nano.a
END GROUP
                0x20005000                __stack = (ORIGIN (RAM) + LENGTH (RAM))
                0x20005000                _estack = __stack
                0x00000400                __Main_Stack_Size = 0x400
                [!provide]                PROVIDE (_Main_Stack_Size, __Main_Stack_Size)
                0x20004c00                __Main_Stack_Limit = (__stack - __Main_Stack_Size)
                [!provide]                PROVIDE (_Main_Stack_Limit, __Main_Stack_Limit)
                0x00000100                _Minimum_Stack_Size = 0x100
                0x2000484c                PROVIDE (_Heap_Begin, _end_noinit)
                0x20004c00                PROVIDE (_Heap_Limit, (__stack - __Main_Stack_Size))

.isr_vector     0x08000000      0x350
 FILL mask 0xff
                0x08000000                __vectors_start = ABSOLUTE (.)
                0x08000000                __vectors_start__ = ABSOLUTE (.)
 *(.isr_vector)
 .isr_vector    0x08000000      0x10c ./system/src/cmsis/vectors_stm32f10x.o
                0x08000000                __isr_vectors
 *(.cfmconfig)
 *(.after_vectors .after_vectors.*)
 .after_vectors
                0x0800010c      0x114 ./system/src/newlib/_startup.o
                0x0800010c                _start
 .after_vectors
                0x08000220      0x12c ./system/src/cortexm/exception_handlers.o
                0x08000220                Reset_Handler
                0x08000226                NMI_Handler
                0x0800022a                HardFault_Handler
                0x0800023e                HardFault_Handler_C
                0x0800029c                MemManage_Handler
                0x080002a0                BusFault_Handler
                0x080002b4                BusFault_Handler_C
                0x080002e8                UsageFault_Handler
                0x080002fc                UsageFault_Handler_C
                0x08000334                DebugMon_Handler
 .after_vectors
                0x0800034c        0x4 ./system/src/cmsis/vectors_stm32f10x.o
                0x0800034c                EXTI2_IRQHandler
                0x0800034c                TIM8_TRG_COM_IRQHandler
                0x0800034c                TIM8_CC_IRQHandler
                0x0800034c                TIM1_CC_IRQHandler
                0x0800034c                TIM6_IRQHandler
                0x0800034c                PVD_IRQHandler
                0x0800034c                SDIO_IRQHandler
                0x0800034c                CAN2_RX1_IRQHandler
                0x0800034c                EXTI3_IRQHandler
                0x0800034c                TIM8_TRG_COM_TIM14_IRQHandler
                0x0800034c                TIM1_UP_TIM10_IRQHandler
                0x0800034c                TIM8_UP_TIM13_IRQHandler
                0x0800034c                EXTI0_IRQHandler
                0x0800034c                I2C2_EV_IRQHandler
                0x0800034c                CAN1_RX0_IRQHandler
                0x0800034c                TIM1_UP_TIM16_IRQHandler
                0x0800034c                CAN2_SCE_IRQHandler
                0x0800034c                ADC1_2_IRQHandler
                0x0800034c                SPI1_IRQHandler
                0x0800034c                TAMPER_IRQHandler
                0x0800034c                TIM6_DAC_IRQHandler
                0x0800034c                TIM1_BRK_TIM9_IRQHandler
                0x0800034c                CAN2_RX0_IRQHandler
                0x0800034c                TIM8_UP_IRQHandler
                0x0800034c                DMA2_Channel2_IRQHandler
                0x0800034c                DMA1_Channel4_IRQHandler
                0x0800034c                USART3_IRQHandler
                0x0800034c                RTC_IRQHandler
                0x0800034c                DMA1_Channel7_IRQHandler
                0x0800034c                CAN1_RX1_IRQHandler
                0x0800034c                UART5_IRQHandler
                0x0800034c                ADC3_IRQHandler
                0x0800034c                TIM4_IRQHandler
                0x0800034c                DMA2_Channel1_IRQHandler
                0x0800034c                I2C1_EV_IRQHandler
                0x0800034c                DMA1_Channel6_IRQHandler
                0x0800034c                UART4_IRQHandler
                0x0800034c                DMA2_Channel4_IRQHandler
                0x0800034c                TIM3_IRQHandler
                0x0800034c                RCC_IRQHandler
                0x0800034c                TIM8_BRK_TIM12_IRQHandler
                0x0800034c                TIM1_TRG_COM_IRQHandler
                0x0800034c                DMA1_Channel1_IRQHandler
                0x0800034c                Default_Handler
                0x0800034c                CEC_IRQHandler
                0x0800034c                EXTI15_10_IRQHandler
                0x0800034c                TIM14_IRQHandler
                0x0800034c                TIM13_IRQHandler
                0x0800034c                TIM12_IRQHandler
                0x0800034c                TIM7_IRQHandler
                0x0800034c                CAN2_TX_IRQHandler
                0x0800034c                TIM5_IRQHandler
                0x0800034c                EXTI9_5_IRQHandler
                0x0800034c                ETH_WKUP_IRQHandler
                0x0800034c                SPI2_IRQHandler
                0x0800034c                CAN1_TX_IRQHandler
                0x0800034c                DMA2_Channel5_IRQHandler
                0x0800034c                DMA1_Channel5_IRQHandler
                0x0800034c                EXTI4_IRQHandler
                0x0800034c                USB_LP_CAN1_RX0_IRQHandler
                0x0800034c                TIM1_TRG_COM_TIM17_IRQHandler
                0x0800034c                USB_HP_CAN1_TX_IRQHandler
                0x0800034c                DMA1_Channel3_IRQHandler
                0x0800034c                FSMC_IRQHandler
                0x0800034c                ETH_IRQHandler
                0x0800034c                TIM1_UP_IRQHandler
                0x0800034c                WWDG_IRQHandler
                0x0800034c                TIM2_IRQHandler
                0x0800034c                OTG_FS_WKUP_IRQHandler
                0x0800034c                TIM1_TRG_COM_TIM11_IRQHandler
                0x0800034c                TIM1_BRK_IRQHandler
                0x0800034c                EXTI1_IRQHandler
                0x0800034c                RTCAlarm_IRQHandler
                0x0800034c                DMA2_Channel4_5_IRQHandler
                0x0800034c                USART2_IRQHandler
                0x0800034c                I2C2_ER_IRQHandler
                0x0800034c                DMA1_Channel2_IRQHandler
                0x0800034c                TIM8_BRK_IRQHandler
                0x0800034c                CAN1_SCE_IRQHandler
                0x0800034c                FLASH_IRQHandler
                0x0800034c                USART1_IRQHandler
                0x0800034c                OTG_FS_IRQHandler
                0x0800034c                SPI3_IRQHandler
                0x0800034c                I2C1_ER_IRQHandler
                0x0800034c                USBWakeUp_IRQHandler
                0x0800034c                DMA2_Channel3_IRQHandler
                0x0800034c                TIM1_BRK_TIM15_IRQHandler

.inits          0x08000350       0x28
                0x08000350                __data_regions_array_start = .
                0x08000350        0x4 LONG 0x8002e08 LOADADDR (.data)
                0x08000354        0x4 LONG 0x20000000 ADDR (.data)
                0x08000358        0x4 LONG 0x200000ac (ADDR (.data) + SIZEOF (.data))
                0x0800035c        0x4 LONG 0x8002e08 LOADADDR (.data_CCMRAM)
                0x08000360        0x4 LONG 0x0 ADDR (.data_CCMRAM)
                0x08000364        0x4 LONG 0x0 (ADDR (.data_CCMRAM) + SIZEOF (.data_CCMRAM))
                0x08000368                __data_regions_array_end = .
                0x08000368                __bss_regions_array_start = .
                0x08000368        0x4 LONG 0x200000b0 ADDR (.bss)
                0x0800036c        0x4 LONG 0x2000484c (ADDR (.bss) + SIZEOF (.bss))
                0x08000370        0x4 LONG 0x0 ADDR (.bss_CCMRAM)
                0x08000374        0x4 LONG 0x0 (ADDR (.bss_CCMRAM) + SIZEOF (.bss_CCMRAM))
                0x08000378                __bss_regions_array_end = .
 *(.init)
 *(.fini)
                0x08000378                . = ALIGN (0x4)
                0x08000378                PROVIDE (__preinit_array_start, .)
 *(.preinit_array_sysinit .preinit_array_sysinit.*)
 *(.preinit_array_platform .preinit_array_platform.*)
 *(.preinit_array .preinit_array.*)
                0x08000378                PROVIDE (__preinit_array_end, .)
                0x08000378                . = ALIGN (0x4)
                0x08000378                PROVIDE (__init_array_start, .)
 *(SORT_BY_NAME(.init_array.*))
 *(.init_array)
                0x08000378                PROVIDE (__init_array_end, .)
                0x08000378                . = ALIGN (0x4)
                0x08000378                PROVIDE (__fini_array_start, .)
 *(SORT_BY_NAME(.fini_array.*))
 *(.fini_array)
                0x08000378                PROVIDE (__fini_array_end, .)

.flashtext
 *(.flashtext .flashtext.*)

.text           0x08000380     0x2a87
 *(.text .text.*)
 .text._exit    0x08000380        0x2 ./system/src/newlib/_exit.o
                0x08000380                _exit
 *fill*         0x08000382        0x2 
 .text._sbrk    0x08000384       0x44 ./system/src/newlib/_sbrk.o
                0x08000384                _sbrk
 .text.__initialize_args
                0x080003c8       0x10 ./system/src/newlib/_syscalls.o
                0x080003c8                __initialize_args
 .text.trace_printf
                0x080003d8       0x30 ./system/src/diag/Trace.o
                0x080003d8                trace_printf
 .text._trace_write_semihosting_debug
                0x08000408       0x60 ./system/src/diag/trace_impl.o
 .text.trace_write
                0x08000468        0x8 ./system/src/diag/trace_impl.o
                0x08000468                trace_write
 .text.__initialize_hardware_early
                0x08000470       0x18 ./system/src/cortexm/_initialize_hardware.o
                0x08000470                __initialize_hardware_early
 .text.__initialize_hardware
                0x08000488        0x8 ./system/src/cortexm/_initialize_hardware.o
                0x08000488                __initialize_hardware
 .text.dumpExceptionStack
                0x08000490       0xf4 ./system/src/cortexm/exception_handlers.o
                0x08000490                dumpExceptionStack
 .text.isSemihosting
                0x08000584       0x20 ./system/src/cortexm/exception_handlers.o
                0x08000584                isSemihosting
 .text.SetSysClockTo72
                0x080005a4       0xc4 ./system/src/cmsis/system_stm32f10x.o
 .text.SetSysClock
                0x08000668        0x8 ./system/src/cmsis/system_stm32f10x.o
 .text.SystemInit
                0x08000670       0x50 ./system/src/cmsis/system_stm32f10x.o
                0x08000670                SystemInit
 .text.SystemCoreClockUpdate
                0x080006c0       0x94 ./system/src/cmsis/system_stm32f10x.o
                0x080006c0                SystemCoreClockUpdate
 .text.ReceiveFlowControlFrame
                0x08000754       0x64 ./src/CanTp.o
 .text.PadFrame
                0x080007b8       0x18 ./src/CanTp.o
 .text.StartNewReception
                0x080007d0       0x1c ./src/CanTp.o
 .text.StartNewTransmission
                0x080007ec       0x1e ./src/CanTp.o
 *fill*         0x0800080a        0x2 
 .text.PduR_CanTpCopyTxData
                0x0800080c       0x60 ./src/CanTp.o
                0x0800080c                PduR_CanTpCopyTxData
 .text.PduR_CanTpStartOfReception
                0x0800086c        0x8 ./src/CanTp.o
                0x0800086c                PduR_CanTpStartOfReception
 .text.PduR_CanTpCopyRxData
                0x08000874        0xc ./src/CanTp.o
                0x08000874                PduR_CanTpCopyRxData
 .text.ReceiveSingleFrame
                0x08000880       0xb0 ./src/CanTp.o
 .text.ReceiveConsecutiveFrame
                0x08000930       0xe4 ./src/CanTp.o
 .text.CanTp_Init
                0x08000a14       0x50 ./src/CanTp.o
                0x08000a14                CanTp_Init
 .text.CanTp_Transmit
                0x08000a64       0xd4 ./src/CanTp.o
                0x08000a64                CanTp_Transmit
 .text.CanTp_RxIndication
                0x08000b38       0x1c ./src/CanTp.o
                0x08000b38                CanTp_RxIndication
 .text.CanIf_Transmit
                0x08000b54       0x18 ./src/CanTp.o
                0x08000b54                CanIf_Transmit
 .text.SendNextTxFrame
                0x08000b6c       0xf0 ./src/CanTp.o
 .text.HandleNextTxFrame
                0x08000c5c       0x96 ./src/CanTp.o
 *fill*         0x08000cf2        0x2 
 .text.CanTp_TxConfirmation
                0x08000cf4       0xc0 ./src/CanTp.o
                0x08000cf4                CanTp_TxConfirmation
 .text.SendFlowControlFrame
                0x08000db4       0xd0 ./src/CanTp.o
 .text.CanTp_MainFunction
                0x08000e84      0x334 ./src/CanTp.o
                0x08000e84                CanTp_MainFunction
 .text.ReceiveFirstFrame
                0x080011b8      0x104 ./src/CanTp.o
 .text.HandleReceivedFrame
                0x080012bc       0xf0 ./src/CanTp.o
 .text.RCC_WaitFlagReady
                0x080013ac       0x40 ./src/RCC.o
 .text.Select_SystemClock
                0x080013ec       0x14 ./src/RCC.o
                0x080013ec                Select_SystemClock
 .text.RCC_SetClock
                0x08001400       0x28 ./src/RCC.o
                0x08001400                RCC_SetClock
 .text.RCC_EnablePeripheral_APB2
                0x08001428       0x10 ./src/RCC.o
                0x08001428                RCC_EnablePeripheral_APB2
 .text.RCC_EnablePeripheral_APB1
                0x08001438       0x10 ./src/RCC.o
                0x08001438                RCC_EnablePeripheral_APB1
 .text.Task_2   0x08001448       0x44 ./src/main.o
 .text.Task_1   0x0800148c       0x10 ./src/main.o
 .text.main     0x0800149c       0x68 ./src/main.o
                0x0800149c                main
 .text.prvHeapInit
                0x08001504       0x64 ./ThirdParty/FreeRTOS/Source/portable/MemMang/heap_4.o
 .text.prvInsertBlockIntoFreeList
                0x08001568       0x58 ./ThirdParty/FreeRTOS/Source/portable/MemMang/heap_4.o
 .text.pvPortMalloc
                0x080015c0       0xcc ./ThirdParty/FreeRTOS/Source/portable/MemMang/heap_4.o
                0x080015c0                pvPortMalloc
 .text.vPortFree
                0x0800168c       0x58 ./ThirdParty/FreeRTOS/Source/portable/MemMang/heap_4.o
                0x0800168c                vPortFree
 .text.prvTaskExitError
                0x080016e4       0x20 ./ThirdParty/FreeRTOS/Source/portable/GCC/ARM_CM3/port.o
 .text.prvPortStartFirstTask
                0x08001704       0x20 ./ThirdParty/FreeRTOS/Source/portable/GCC/ARM_CM3/port.o
 .text.pxPortInitialiseStack
                0x08001724       0x24 ./ThirdParty/FreeRTOS/Source/portable/GCC/ARM_CM3/port.o
                0x08001724                pxPortInitialiseStack
 *fill*         0x08001748        0x8 
 .text.SVC_Handler
                0x08001750       0x24 ./ThirdParty/FreeRTOS/Source/portable/GCC/ARM_CM3/port.o
                0x08001750                SVC_Handler
 .text.vPortEnterCritical
                0x08001774       0x20 ./ThirdParty/FreeRTOS/Source/portable/GCC/ARM_CM3/port.o
                0x08001774                vPortEnterCritical
 .text.vPortExitCritical
                0x08001794       0x14 ./ThirdParty/FreeRTOS/Source/portable/GCC/ARM_CM3/port.o
                0x08001794                vPortExitCritical
 *fill*         0x080017a8        0x8 
 .text.PendSV_Handler
                0x080017b0       0x44 ./ThirdParty/FreeRTOS/Source/portable/GCC/ARM_CM3/port.o
                0x080017b0                PendSV_Handler
 .text.SysTick_Handler
                0x080017f4       0x2c ./ThirdParty/FreeRTOS/Source/portable/GCC/ARM_CM3/port.o
                0x080017f4                SysTick_Handler
 .text.vPortSetupTimerInterrupt
                0x08001820       0x24 ./ThirdParty/FreeRTOS/Source/portable/GCC/ARM_CM3/port.o
                0x08001820                vPortSetupTimerInterrupt
 .text.xPortStartScheduler
                0x08001844       0x38 ./ThirdParty/FreeRTOS/Source/portable/GCC/ARM_CM3/port.o
                0x08001844                xPortStartScheduler
 .text.vListInitialise
                0x0800187c       0x16 ./ThirdParty/FreeRTOS/Source/list.o
                0x0800187c                vListInitialise
 .text.vListInitialiseItem
                0x08001892        0x6 ./ThirdParty/FreeRTOS/Source/list.o
                0x08001892                vListInitialiseItem
 .text.vListInsertEnd
                0x08001898       0x18 ./ThirdParty/FreeRTOS/Source/list.o
                0x08001898                vListInsertEnd
 .text.vListInsert
                0x080018b0       0x34 ./ThirdParty/FreeRTOS/Source/list.o
                0x080018b0                vListInsert
 .text.uxListRemove
                0x080018e4       0x28 ./ThirdParty/FreeRTOS/Source/list.o
                0x080018e4                uxListRemove
 .text.prvResetNextTaskUnblockTime
                0x0800190c       0x2c ./ThirdParty/FreeRTOS/Source/tasks.o
 .text.prvDeleteTCB
                0x08001938       0x12 ./ThirdParty/FreeRTOS/Source/tasks.o
 .text.prvInitialiseNewTask
                0x0800194a       0x8c ./ThirdParty/FreeRTOS/Source/tasks.o
 *fill*         0x080019d6        0x2 
 .text.prvInitialiseTaskLists
                0x080019d8       0x68 ./ThirdParty/FreeRTOS/Source/tasks.o
 .text.prvAddNewTaskToReadyList
                0x08001a40       0xa8 ./ThirdParty/FreeRTOS/Source/tasks.o
 .text.prvCheckTasksWaitingTermination
                0x08001ae8       0x4c ./ThirdParty/FreeRTOS/Source/tasks.o
 .text.prvIdleTask
                0x08001b34       0x28 ./ThirdParty/FreeRTOS/Source/tasks.o
 .text.prvAddCurrentTaskToDelayedList
                0x08001b5c       0x98 ./ThirdParty/FreeRTOS/Source/tasks.o
 .text.xTaskCreate
                0x08001bf4       0x62 ./ThirdParty/FreeRTOS/Source/tasks.o
                0x08001bf4                xTaskCreate
 *fill*         0x08001c56        0x2 
 .text.vTaskStartScheduler
                0x08001c58       0x64 ./ThirdParty/FreeRTOS/Source/tasks.o
                0x08001c58                vTaskStartScheduler
 .text.vTaskSuspendAll
                0x08001cbc       0x10 ./ThirdParty/FreeRTOS/Source/tasks.o
                0x08001cbc                vTaskSuspendAll
 .text.xTaskIncrementTick
                0x08001ccc      0x100 ./ThirdParty/FreeRTOS/Source/tasks.o
                0x08001ccc                xTaskIncrementTick
 .text.xTaskResumeAll
                0x08001dcc       0xe4 ./ThirdParty/FreeRTOS/Source/tasks.o
                0x08001dcc                xTaskResumeAll
 .text.vTaskDelay
                0x08001eb0       0x34 ./ThirdParty/FreeRTOS/Source/tasks.o
                0x08001eb0                vTaskDelay
 .text.vTaskSwitchContext
                0x08001ee4       0x7c ./ThirdParty/FreeRTOS/Source/tasks.o
                0x08001ee4                vTaskSwitchContext
 .text          0x08001f60      0x378 d:/iti intake 40/embedded tools/arm environment/imt_sdk_win_64/imt_sdk_win_64/winarm/armgcc/bin/../lib/gcc/arm-none-eabi/7.2.1/thumb/v7-m\libgcc.a(_arm_addsubdf3.o)
                0x08001f60                __aeabi_drsub
                0x08001f68                __aeabi_dsub
                0x08001f68                __subdf3
                0x08001f6c                __aeabi_dadd
                0x08001f6c                __adddf3
                0x080021e4                __floatunsidf
                0x080021e4                __aeabi_ui2d
                0x08002204                __floatsidf
                0x08002204                __aeabi_i2d
                0x08002228                __aeabi_f2d
                0x08002228                __extendsfdf2
                0x0800226c                __floatundidf
                0x0800226c                __aeabi_ul2d
                0x0800227c                __floatdidf
                0x0800227c                __aeabi_l2d
 .text          0x080022d8       0x40 d:/iti intake 40/embedded tools/arm environment/imt_sdk_win_64/imt_sdk_win_64/winarm/armgcc/bin/../lib/gcc/arm-none-eabi/7.2.1/thumb/v7-m\libgcc.a(_arm_fixunsdfsi.o)
                0x080022d8                __aeabi_d2uiz
                0x080022d8                __fixunsdfsi
 .text.__errno  0x08002318        0xc d:/iti intake 40/embedded tools/arm environment/imt_sdk_win_64/imt_sdk_win_64/winarm/armgcc/bin/../lib/gcc/arm-none-eabi/7.2.1/../../../../arm-none-eabi/lib/thumb/v7-m\libg_nano.a(lib_a-errno.o)
                0x08002318                __errno
 .text.memcpy   0x08002324       0x16 d:/iti intake 40/embedded tools/arm environment/imt_sdk_win_64/imt_sdk_win_64/winarm/armgcc/bin/../lib/gcc/arm-none-eabi/7.2.1/../../../../arm-none-eabi/lib/thumb/v7-m\libg_nano.a(lib_a-memcpy-stub.o)
                0x08002324                memcpy
 .text._vsnprintf_r
                0x0800233a       0x58 d:/iti intake 40/embedded tools/arm environment/imt_sdk_win_64/imt_sdk_win_64/winarm/armgcc/bin/../lib/gcc/arm-none-eabi/7.2.1/../../../../arm-none-eabi/lib/thumb/v7-m\libg_nano.a(lib_a-vsnprintf.o)
                0x0800233a                _vsniprintf_r
                0x0800233a                _vsnprintf_r
 *fill*         0x08002392        0x2 
 .text.vsnprintf
                0x08002394       0x1c d:/iti intake 40/embedded tools/arm environment/imt_sdk_win_64/imt_sdk_win_64/winarm/armgcc/bin/../lib/gcc/arm-none-eabi/7.2.1/../../../../arm-none-eabi/lib/thumb/v7-m\libg_nano.a(lib_a-vsnprintf.o)
                0x08002394                vsniprintf
                0x08002394                vsnprintf
 .text.__ssputs_r
                0x080023b0       0xb4 d:/iti intake 40/embedded tools/arm environment/imt_sdk_win_64/imt_sdk_win_64/winarm/armgcc/bin/../lib/gcc/arm-none-eabi/7.2.1/../../../../arm-none-eabi/lib/thumb/v7-m\libg_nano.a(lib_a-nano-svfprintf.o)
                0x080023b0                __ssputs_r
 .text._svfprintf_r
                0x08002464      0x1ec d:/iti intake 40/embedded tools/arm environment/imt_sdk_win_64/imt_sdk_win_64/winarm/armgcc/bin/../lib/gcc/arm-none-eabi/7.2.1/../../../../arm-none-eabi/lib/thumb/v7-m\libg_nano.a(lib_a-nano-svfprintf.o)
                0x08002464                _svfiprintf_r
                0x08002464                _svfprintf_r
 .text._printf_common
                0x08002650       0xec d:/iti intake 40/embedded tools/arm environment/imt_sdk_win_64/imt_sdk_win_64/winarm/armgcc/bin/../lib/gcc/arm-none-eabi/7.2.1/../../../../arm-none-eabi/lib/thumb/v7-m\libg_nano.a(lib_a-nano-vfprintf_i.o)
                0x08002650                _printf_common
 .text._printf_i
                0x0800273c      0x224 d:/iti intake 40/embedded tools/arm environment/imt_sdk_win_64/imt_sdk_win_64/winarm/armgcc/bin/../lib/gcc/arm-none-eabi/7.2.1/../../../../arm-none-eabi/lib/thumb/v7-m\libg_nano.a(lib_a-nano-vfprintf_i.o)
                0x0800273c                _printf_i
 .text.memchr   0x08002960       0x1c d:/iti intake 40/embedded tools/arm environment/imt_sdk_win_64/imt_sdk_win_64/winarm/armgcc/bin/../lib/gcc/arm-none-eabi/7.2.1/../../../../arm-none-eabi/lib/thumb/v7-m\libg_nano.a(lib_a-memchr-stub.o)
                0x08002960                memchr
 .text.memmove  0x0800297c       0x32 d:/iti intake 40/embedded tools/arm environment/imt_sdk_win_64/imt_sdk_win_64/winarm/armgcc/bin/../lib/gcc/arm-none-eabi/7.2.1/../../../../arm-none-eabi/lib/thumb/v7-m\libg_nano.a(lib_a-memmove.o)
                0x0800297c                memmove
 *fill*         0x080029ae        0x2 
 .text._free_r  0x080029b0       0x98 d:/iti intake 40/embedded tools/arm environment/imt_sdk_win_64/imt_sdk_win_64/winarm/armgcc/bin/../lib/gcc/arm-none-eabi/7.2.1/../../../../arm-none-eabi/lib/thumb/v7-m\libg_nano.a(lib_a-nano-freer.o)
                0x080029b0                _free_r
 .text._malloc_r
                0x08002a48       0xb4 d:/iti intake 40/embedded tools/arm environment/imt_sdk_win_64/imt_sdk_win_64/winarm/armgcc/bin/../lib/gcc/arm-none-eabi/7.2.1/../../../../arm-none-eabi/lib/thumb/v7-m\libg_nano.a(lib_a-nano-mallocr.o)
                0x08002a48                _malloc_r
 .text._realloc_r
                0x08002afc       0x4c d:/iti intake 40/embedded tools/arm environment/imt_sdk_win_64/imt_sdk_win_64/winarm/armgcc/bin/../lib/gcc/arm-none-eabi/7.2.1/../../../../arm-none-eabi/lib/thumb/v7-m\libg_nano.a(lib_a-nano-reallocr.o)
                0x08002afc                _realloc_r
 .text._sbrk_r  0x08002b48       0x20 d:/iti intake 40/embedded tools/arm environment/imt_sdk_win_64/imt_sdk_win_64/winarm/armgcc/bin/../lib/gcc/arm-none-eabi/7.2.1/../../../../arm-none-eabi/lib/thumb/v7-m\libg_nano.a(lib_a-sbrkr.o)
                0x08002b48                _sbrk_r
 .text.__malloc_lock
                0x08002b68        0x2 d:/iti intake 40/embedded tools/arm environment/imt_sdk_win_64/imt_sdk_win_64/winarm/armgcc/bin/../lib/gcc/arm-none-eabi/7.2.1/../../../../arm-none-eabi/lib/thumb/v7-m\libg_nano.a(lib_a-mlock.o)
                0x08002b68                __malloc_lock
 .text.__malloc_unlock
                0x08002b6a        0x2 d:/iti intake 40/embedded tools/arm environment/imt_sdk_win_64/imt_sdk_win_64/winarm/armgcc/bin/../lib/gcc/arm-none-eabi/7.2.1/../../../../arm-none-eabi/lib/thumb/v7-m\libg_nano.a(lib_a-mlock.o)
                0x08002b6a                __malloc_unlock
 .text._malloc_usable_size_r
                0x08002b6c       0x10 d:/iti intake 40/embedded tools/arm environment/imt_sdk_win_64/imt_sdk_win_64/winarm/armgcc/bin/../lib/gcc/arm-none-eabi/7.2.1/../../../../arm-none-eabi/lib/thumb/v7-m\libg_nano.a(lib_a-nano-msizer.o)
                0x08002b6c                _malloc_usable_size_r
 *(.rodata .rodata.* .constdata .constdata.*)
 .rodata.dumpExceptionStack.str1.4
                0x08002b7c      0x11a ./system/src/cortexm/exception_handlers.o
 *fill*         0x08002c96        0x2 
 .rodata.str1.4
                0x08002c98       0x2a ./system/src/cortexm/exception_handlers.o
 *fill*         0x08002cc2        0x2 
 .rodata        0x08002cc4       0x12 ./src/CanTp.o
 *fill*         0x08002cd6        0x2 
 .rodata.CanTpRxNSdu
                0x08002cd8       0x80 ./src/CanTp_Cfg.o
                0x08002cd8                CanTpRxNSdu
 .rodata.CanTpTxNSdu
                0x08002d58       0x50 ./src/CanTp_Cfg.o
                0x08002d58                CanTpTxNSdu
 .rodata        0x08002da8       0x12 ./src/main.o
 *fill*         0x08002dba        0x2 
 .rodata.main.str1.4
                0x08002dbc        0xf ./src/main.o
 *fill*         0x08002dcb        0x1 
 .rodata.vTaskStartScheduler.str1.4
                0x08002dcc        0x8 ./ThirdParty/FreeRTOS/Source/tasks.o
                                  0x5 (size before relaxing)
 .rodata._svfprintf_r.str1.1
                0x08002dd4       0x11 d:/iti intake 40/embedded tools/arm environment/imt_sdk_win_64/imt_sdk_win_64/winarm/armgcc/bin/../lib/gcc/arm-none-eabi/7.2.1/../../../../arm-none-eabi/lib/thumb/v7-m\libg_nano.a(lib_a-nano-svfprintf.o)
 .rodata._printf_i.str1.1
                0x08002de5       0x22 d:/iti intake 40/embedded tools/arm environment/imt_sdk_win_64/imt_sdk_win_64/winarm/armgcc/bin/../lib/gcc/arm-none-eabi/7.2.1/../../../../arm-none-eabi/lib/thumb/v7-m\libg_nano.a(lib_a-nano-vfprintf_i.o)
 *(vtable)
 *(.eh_frame*)
 *(.glue_7)
 .glue_7        0x08002e07        0x0 linker stubs
 *(.glue_7t)
 .glue_7t       0x08002e07        0x0 linker stubs

.vfp11_veneer   0x08002e08        0x0
 .vfp11_veneer  0x08002e08        0x0 linker stubs

.v4_bx          0x08002e08        0x0
 .v4_bx         0x08002e08        0x0 linker stubs

.iplt           0x08002e08        0x0
 .iplt          0x08002e08        0x0 ./system/src/newlib/_exit.o

.rel.dyn        0x08002e08        0x0
 .rel.iplt      0x08002e08        0x0 ./system/src/newlib/_exit.o

.ARM.extab
 *(.ARM.extab* .gnu.linkonce.armextab.*)
                0x08002e08                . = ALIGN (0x4)
                0x08002e08                __exidx_start = .

.ARM.exidx
 *(.ARM.exidx* .gnu.linkonce.armexidx.*)
                0x08002e08                __exidx_end = .
                0x08002e08                . = ALIGN (0x4)
                0x08002e08                _etext = .
                0x08002e08                __etext = .

.data_CCMRAM    0x00000000        0x0 load address 0x08002e08
 FILL mask 0xff
 *(.data.CCMRAM .data.CCMRAM.*)
                0x00000000                . = ALIGN (0x4)
                0x08002e08                _sidata = LOADADDR (.data)

.data           0x20000000       0xac load address 0x08002e08
 FILL mask 0xff
                0x20000000                _sdata = .
                0x20000000                __data_start__ = .
 *(.data_begin .data_begin.*)
 .data_begin    0x20000000        0x4 ./system/src/newlib/_startup.o
 *(.data .data.*)
 .data.argv.4310
                0x20000004        0x8 ./system/src/newlib/_syscalls.o
 .data.AHBPrescTable
                0x2000000c       0x10 ./system/src/cmsis/system_stm32f10x.o
                0x2000000c                AHBPrescTable
 .data.SystemCoreClock
                0x2000001c        0x4 ./system/src/cmsis/system_stm32f10x.o
                0x2000001c                SystemCoreClock
 .data.canif_ids
                0x20000020        0x2 ./src/CanTp.o
                0x20000020                canif_ids
 *fill*         0x20000022        0x2 ff
 .data.cantp_cainf_FC
                0x20000024        0x2 ./src/CanTp.o
                0x20000024                cantp_cainf_FC
 *fill*         0x20000026        0x2 ff
 .data.cantp_com_copy_tx
                0x20000028        0x2 ./src/CanTp.o
                0x20000028                cantp_com_copy_tx
 *fill*         0x2000002a        0x2 ff
 .data.cantp_com_rx_or_copy
                0x2000002c        0x2 ./src/CanTp.o
                0x2000002c                cantp_com_rx_or_copy
 *fill*         0x2000002e        0x2 ff
 .data.ChannelInfo
                0x20000030        0xc ./src/CanTp_Cfg.o
                0x20000030                ChannelInfo
 .data.flag     0x2000003c        0x4 ./src/main.o
                0x2000003c                flag
 .data.uxCriticalNesting
                0x20000040        0x4 ./ThirdParty/FreeRTOS/Source/portable/GCC/ARM_CM3/port.o
 .data._impure_ptr
                0x20000044        0x4 d:/iti intake 40/embedded tools/arm environment/imt_sdk_win_64/imt_sdk_win_64/winarm/armgcc/bin/../lib/gcc/arm-none-eabi/7.2.1/../../../../arm-none-eabi/lib/thumb/v7-m\libg_nano.a(lib_a-impure.o)
                0x20000044                _impure_ptr
 .data.impure_data
                0x20000048       0x60 d:/iti intake 40/embedded tools/arm environment/imt_sdk_win_64/imt_sdk_win_64/winarm/armgcc/bin/../lib/gcc/arm-none-eabi/7.2.1/../../../../arm-none-eabi/lib/thumb/v7-m\libg_nano.a(lib_a-impure.o)
 *(.data_end .data_end.*)
 .data_end      0x200000a8        0x4 ./system/src/newlib/_startup.o
                0x200000ac                . = ALIGN (0x4)
                0x200000ac                _edata = .
                0x200000ac                __data_end__ = .

.igot.plt       0x200000ac        0x0 load address 0x08002eb4
 .igot.plt      0x200000ac        0x0 ./system/src/newlib/_exit.o

.bss_CCMRAM     0x00000000        0x0
 *(.bss.CCMRAM .bss.CCMRAM.*)

.bss            0x200000b0     0x479c
                0x200000b0                __bss_start__ = .
                0x200000b0                _sbss = .
 *(.bss_begin .bss_begin.*)
 .bss_begin     0x200000b0        0x4 ./system/src/newlib/_startup.o
 *(.bss .bss.*)
 .bss.current_heap_end.3961
                0x200000b4        0x4 ./system/src/newlib/_sbrk.o
 .bss.name.4309
                0x200000b8        0x1 ./system/src/newlib/_syscalls.o
 *fill*         0x200000b9        0x3 
 .bss.buf.5205  0x200000bc       0x80 ./system/src/diag/Trace.o
 .bss.FCWaitCount.3898
                0x2000013c        0x1 ./src/CanTp.o
 .bss.InternalState
                0x2000013d        0x1 ./src/CanTp.o
                0x2000013d                InternalState
 .bss.count.3807
                0x2000013e        0x1 ./src/CanTp.o
 *fill*         0x2000013f        0x1 
 .bss.pxEnd     0x20000140        0x4 ./ThirdParty/FreeRTOS/Source/portable/MemMang/heap_4.o
 .bss.ucHeap    0x20000144     0x4400 ./ThirdParty/FreeRTOS/Source/portable/MemMang/heap_4.o
 .bss.xBlockAllocatedBit
                0x20004544        0x4 ./ThirdParty/FreeRTOS/Source/portable/MemMang/heap_4.o
 .bss.xFreeBytesRemaining
                0x20004548        0x4 ./ThirdParty/FreeRTOS/Source/portable/MemMang/heap_4.o
 .bss.xMinimumEverFreeBytesRemaining
                0x2000454c        0x4 ./ThirdParty/FreeRTOS/Source/portable/MemMang/heap_4.o
 .bss.xNumberOfSuccessfulAllocations
                0x20004550        0x4 ./ThirdParty/FreeRTOS/Source/portable/MemMang/heap_4.o
 .bss.xNumberOfSuccessfulFrees
                0x20004554        0x4 ./ThirdParty/FreeRTOS/Source/portable/MemMang/heap_4.o
 .bss.xStart    0x20004558        0x8 ./ThirdParty/FreeRTOS/Source/portable/MemMang/heap_4.o
 .bss.pxCurrentTCB
                0x20004560        0x4 ./ThirdParty/FreeRTOS/Source/tasks.o
                0x20004560                pxCurrentTCB
 .bss.pxDelayedTaskList
                0x20004564        0x4 ./ThirdParty/FreeRTOS/Source/tasks.o
 .bss.pxOverflowDelayedTaskList
                0x20004568        0x4 ./ThirdParty/FreeRTOS/Source/tasks.o
 .bss.pxReadyTasksLists
                0x2000456c       0x64 ./ThirdParty/FreeRTOS/Source/tasks.o
 .bss.uxCurrentNumberOfTasks
                0x200045d0        0x4 ./ThirdParty/FreeRTOS/Source/tasks.o
 .bss.uxDeletedTasksWaitingCleanUp
                0x200045d4        0x4 ./ThirdParty/FreeRTOS/Source/tasks.o
 .bss.uxSchedulerSuspended
                0x200045d8        0x4 ./ThirdParty/FreeRTOS/Source/tasks.o
 .bss.uxTaskNumber
                0x200045dc        0x4 ./ThirdParty/FreeRTOS/Source/tasks.o
 .bss.uxTopReadyPriority
                0x200045e0        0x4 ./ThirdParty/FreeRTOS/Source/tasks.o
 .bss.xDelayedTaskList1
                0x200045e4       0x14 ./ThirdParty/FreeRTOS/Source/tasks.o
 .bss.xDelayedTaskList2
                0x200045f8       0x14 ./ThirdParty/FreeRTOS/Source/tasks.o
 .bss.xIdleTaskHandle
                0x2000460c        0x4 ./ThirdParty/FreeRTOS/Source/tasks.o
 .bss.xNextTaskUnblockTime
                0x20004610        0x4 ./ThirdParty/FreeRTOS/Source/tasks.o
 .bss.xNumOfOverflows
                0x20004614        0x4 ./ThirdParty/FreeRTOS/Source/tasks.o
 .bss.xPendedTicks
                0x20004618        0x4 ./ThirdParty/FreeRTOS/Source/tasks.o
 .bss.xPendingReadyList
                0x2000461c       0x14 ./ThirdParty/FreeRTOS/Source/tasks.o
 .bss.xSchedulerRunning
                0x20004630        0x4 ./ThirdParty/FreeRTOS/Source/tasks.o
 .bss.xSuspendedTaskList
                0x20004634       0x14 ./ThirdParty/FreeRTOS/Source/tasks.o
 .bss.xTasksWaitingTermination
                0x20004648       0x14 ./ThirdParty/FreeRTOS/Source/tasks.o
 .bss.xTickCount
                0x2000465c        0x4 ./ThirdParty/FreeRTOS/Source/tasks.o
 .bss.xYieldPending
                0x20004660        0x4 ./ThirdParty/FreeRTOS/Source/tasks.o
 .bss.__malloc_free_list
                0x20004664        0x4 d:/iti intake 40/embedded tools/arm environment/imt_sdk_win_64/imt_sdk_win_64/winarm/armgcc/bin/../lib/gcc/arm-none-eabi/7.2.1/../../../../arm-none-eabi/lib/thumb/v7-m\libg_nano.a(lib_a-nano-mallocr.o)
                0x20004664                __malloc_free_list
 .bss.__malloc_sbrk_start
                0x20004668        0x4 d:/iti intake 40/embedded tools/arm environment/imt_sdk_win_64/imt_sdk_win_64/winarm/armgcc/bin/../lib/gcc/arm-none-eabi/7.2.1/../../../../arm-none-eabi/lib/thumb/v7-m\libg_nano.a(lib_a-nano-mallocr.o)
                0x20004668                __malloc_sbrk_start
 *(COMMON)
 COMMON         0x2000466c        0x4 ./system/src/newlib/_syscalls.o
                0x2000466c                errno
 COMMON         0x20004670      0x1d8 ./src/CanTp.o
                0x20004670                g_DataCanIf
                0x20004678                CanTpRunTimeRxData
                0x200046f8                G_CanTpRxNSdu
                0x20004778                CanTpRunTimeTxData
                0x200047f8                G_CanTpTxNSdu
 *(.bss_end .bss_end.*)
 .bss_end       0x20004848        0x4 ./system/src/newlib/_startup.o
                0x2000484c                . = ALIGN (0x4)
                0x2000484c                __bss_end__ = .
                0x2000484c                _ebss = .

.noinit_CCMRAM
 *(.noinit.CCMRAM .noinit.CCMRAM.*)

.noinit         0x2000484c        0x0
                0x2000484c                _noinit = .
 *(.noinit .noinit.*)
                0x2000484c                . = ALIGN (0x4)
                0x2000484c                _end_noinit = .
                [!provide]                PROVIDE (end, _end_noinit)
                [!provide]                PROVIDE (_end, _end_noinit)
                [!provide]                PROVIDE (__end, _end_noinit)
                [!provide]                PROVIDE (__end__, _end_noinit)

._check_stack   0x2000484c      0x100
                0x2000494c                . = (. + _Minimum_Stack_Size)
 *fill*         0x2000484c      0x100 

.b1text
 *(.b1text)
 *(.b1rodata)
 *(.b1rodata.*)

.eb0text
 *(.eb0text)
 *(.eb0rodata)
 *(.eb0rodata.*)

.eb1text
 *(.eb1text)
 *(.eb1rodata)
 *(.eb1rodata.*)

.eb2text
 *(.eb2text)
 *(.eb2rodata)
 *(.eb2rodata.*)

.eb3text
 *(.eb3text)
 *(.eb3rodata)
 *(.eb3rodata.*)

.stab
 *(.stab)

.stabstr
 *(.stabstr)

.stab.excl
 *(.stab.excl)

.stab.exclstr
 *(.stab.exclstr)

.stab.index
 *(.stab.index)

.stab.indexstr
 *(.stab.indexstr)

.comment        0x00000000       0x7e
 *(.comment)
 .comment       0x00000000       0x7e ./system/src/newlib/_exit.o
                                 0x7f (size before relaxing)
 .comment       0x0000007e       0x7f ./system/src/newlib/_sbrk.o
 .comment       0x0000007e       0x7f ./system/src/newlib/_startup.o
 .comment       0x0000007e       0x7f ./system/src/newlib/_syscalls.o
 .comment       0x0000007e       0x7f ./system/src/diag/Trace.o
 .comment       0x0000007e       0x7f ./system/src/diag/trace_impl.o
 .comment       0x0000007e       0x7f ./system/src/cortexm/_initialize_hardware.o
 .comment       0x0000007e       0x7f ./system/src/cortexm/exception_handlers.o
 .comment       0x0000007e       0x7f ./system/src/cmsis/system_stm32f10x.o
 .comment       0x0000007e       0x7f ./system/src/cmsis/vectors_stm32f10x.o
 .comment       0x0000007e       0x7f ./src/CanTp.o
 .comment       0x0000007e       0x7f ./src/CanTp_Cfg.o
 .comment       0x0000007e       0x7f ./src/RCC.o
 .comment       0x0000007e       0x7f ./src/main.o
 .comment       0x0000007e       0x7f ./ThirdParty/FreeRTOS/Source/portable/MemMang/heap_4.o
 .comment       0x0000007e       0x7f ./ThirdParty/FreeRTOS/Source/portable/GCC/ARM_CM3/port.o
 .comment       0x0000007e       0x7f ./ThirdParty/FreeRTOS/Source/list.o
 .comment       0x0000007e       0x7f ./ThirdParty/FreeRTOS/Source/tasks.o

.ARM.attributes
                0x00000000       0x31
 .ARM.attributes
                0x00000000       0x33 ./system/src/newlib/_exit.o
 .ARM.attributes
                0x00000033       0x33 ./system/src/newlib/_sbrk.o
 .ARM.attributes
                0x00000066       0x33 ./system/src/newlib/_startup.o
 .ARM.attributes
                0x00000099       0x33 ./system/src/newlib/_syscalls.o
 .ARM.attributes
                0x000000cc       0x33 ./system/src/diag/Trace.o
 .ARM.attributes
                0x000000ff       0x33 ./system/src/diag/trace_impl.o
 .ARM.attributes
                0x00000132       0x33 ./system/src/cortexm/_initialize_hardware.o
 .ARM.attributes
                0x00000165       0x33 ./system/src/cortexm/exception_handlers.o
 .ARM.attributes
                0x00000198       0x33 ./system/src/cmsis/system_stm32f10x.o
 .ARM.attributes
                0x000001cb       0x33 ./system/src/cmsis/vectors_stm32f10x.o
 .ARM.attributes
                0x000001fe       0x33 ./src/CanTp.o
 .ARM.attributes
                0x00000231       0x33 ./src/CanTp_Cfg.o
 .ARM.attributes
                0x00000264       0x33 ./src/RCC.o
 .ARM.attributes
                0x00000297       0x33 ./src/main.o
 .ARM.attributes
                0x000002ca       0x33 ./ThirdParty/FreeRTOS/Source/portable/MemMang/heap_4.o
 .ARM.attributes
                0x000002fd       0x33 ./ThirdParty/FreeRTOS/Source/portable/GCC/ARM_CM3/port.o
 .ARM.attributes
                0x00000330       0x33 ./ThirdParty/FreeRTOS/Source/list.o
 .ARM.attributes
                0x00000363       0x33 ./ThirdParty/FreeRTOS/Source/tasks.o
 .ARM.attributes
                0x00000396       0x1d d:/iti intake 40/embedded tools/arm environment/imt_sdk_win_64/imt_sdk_win_64/winarm/armgcc/bin/../lib/gcc/arm-none-eabi/7.2.1/thumb/v7-m\libgcc.a(_arm_addsubdf3.o)
 .ARM.attributes
                0x000003b3       0x1d d:/iti intake 40/embedded tools/arm environment/imt_sdk_win_64/imt_sdk_win_64/winarm/armgcc/bin/../lib/gcc/arm-none-eabi/7.2.1/thumb/v7-m\libgcc.a(_arm_fixunsdfsi.o)
 .ARM.attributes
                0x000003d0       0x2d d:/iti intake 40/embedded tools/arm environment/imt_sdk_win_64/imt_sdk_win_64/winarm/armgcc/bin/../lib/gcc/arm-none-eabi/7.2.1/../../../../arm-none-eabi/lib/thumb/v7-m\libg_nano.a(lib_a-errno.o)
 .ARM.attributes
                0x000003fd       0x2d d:/iti intake 40/embedded tools/arm environment/imt_sdk_win_64/imt_sdk_win_64/winarm/armgcc/bin/../lib/gcc/arm-none-eabi/7.2.1/../../../../arm-none-eabi/lib/thumb/v7-m\libg_nano.a(lib_a-impure.o)
 .ARM.attributes
                0x0000042a       0x2d d:/iti intake 40/embedded tools/arm environment/imt_sdk_win_64/imt_sdk_win_64/winarm/armgcc/bin/../lib/gcc/arm-none-eabi/7.2.1/../../../../arm-none-eabi/lib/thumb/v7-m\libg_nano.a(lib_a-memcpy-stub.o)
 .ARM.attributes
                0x00000457       0x2d d:/iti intake 40/embedded tools/arm environment/imt_sdk_win_64/imt_sdk_win_64/winarm/armgcc/bin/../lib/gcc/arm-none-eabi/7.2.1/../../../../arm-none-eabi/lib/thumb/v7-m\libg_nano.a(lib_a-vsnprintf.o)
 .ARM.attributes
                0x00000484       0x2d d:/iti intake 40/embedded tools/arm environment/imt_sdk_win_64/imt_sdk_win_64/winarm/armgcc/bin/../lib/gcc/arm-none-eabi/7.2.1/../../../../arm-none-eabi/lib/thumb/v7-m\libg_nano.a(lib_a-nano-svfprintf.o)
 .ARM.attributes
                0x000004b1       0x2d d:/iti intake 40/embedded tools/arm environment/imt_sdk_win_64/imt_sdk_win_64/winarm/armgcc/bin/../lib/gcc/arm-none-eabi/7.2.1/../../../../arm-none-eabi/lib/thumb/v7-m\libg_nano.a(lib_a-nano-vfprintf_i.o)
 .ARM.attributes
                0x000004de       0x2d d:/iti intake 40/embedded tools/arm environment/imt_sdk_win_64/imt_sdk_win_64/winarm/armgcc/bin/../lib/gcc/arm-none-eabi/7.2.1/../../../../arm-none-eabi/lib/thumb/v7-m\libg_nano.a(lib_a-memchr-stub.o)
 .ARM.attributes
                0x0000050b       0x2d d:/iti intake 40/embedded tools/arm environment/imt_sdk_win_64/imt_sdk_win_64/winarm/armgcc/bin/../lib/gcc/arm-none-eabi/7.2.1/../../../../arm-none-eabi/lib/thumb/v7-m\libg_nano.a(lib_a-memmove.o)
 .ARM.attributes
                0x00000538       0x2d d:/iti intake 40/embedded tools/arm environment/imt_sdk_win_64/imt_sdk_win_64/winarm/armgcc/bin/../lib/gcc/arm-none-eabi/7.2.1/../../../../arm-none-eabi/lib/thumb/v7-m\libg_nano.a(lib_a-nano-freer.o)
 .ARM.attributes
                0x00000565       0x2d d:/iti intake 40/embedded tools/arm environment/imt_sdk_win_64/imt_sdk_win_64/winarm/armgcc/bin/../lib/gcc/arm-none-eabi/7.2.1/../../../../arm-none-eabi/lib/thumb/v7-m\libg_nano.a(lib_a-nano-mallocr.o)
 .ARM.attributes
                0x00000592       0x2d d:/iti intake 40/embedded tools/arm environment/imt_sdk_win_64/imt_sdk_win_64/winarm/armgcc/bin/../lib/gcc/arm-none-eabi/7.2.1/../../../../arm-none-eabi/lib/thumb/v7-m\libg_nano.a(lib_a-nano-reallocr.o)
 .ARM.attributes
                0x000005bf       0x2d d:/iti intake 40/embedded tools/arm environment/imt_sdk_win_64/imt_sdk_win_64/winarm/armgcc/bin/../lib/gcc/arm-none-eabi/7.2.1/../../../../arm-none-eabi/lib/thumb/v7-m\libg_nano.a(lib_a-sbrkr.o)
 .ARM.attributes
                0x000005ec       0x2d d:/iti intake 40/embedded tools/arm environment/imt_sdk_win_64/imt_sdk_win_64/winarm/armgcc/bin/../lib/gcc/arm-none-eabi/7.2.1/../../../../arm-none-eabi/lib/thumb/v7-m\libg_nano.a(lib_a-mlock.o)
 .ARM.attributes
                0x00000619       0x2d d:/iti intake 40/embedded tools/arm environment/imt_sdk_win_64/imt_sdk_win_64/winarm/armgcc/bin/../lib/gcc/arm-none-eabi/7.2.1/../../../../arm-none-eabi/lib/thumb/v7-m\libg_nano.a(lib_a-nano-msizer.o)

.debug
 *(.debug)

.line
 *(.line)

.debug_srcinfo
 *(.debug_srcinfo)

.debug_sfnames
 *(.debug_sfnames)

.debug_aranges  0x00000000      0x698
 *(.debug_aranges)
 .debug_aranges
                0x00000000       0x28 ./system/src/newlib/_exit.o
 .debug_aranges
                0x00000028       0x20 ./system/src/newlib/_sbrk.o
 .debug_aranges
                0x00000048       0x40 ./system/src/newlib/_startup.o
 .debug_aranges
                0x00000088       0x30 ./system/src/newlib/_syscalls.o
 .debug_aranges
                0x000000b8       0x38 ./system/src/diag/Trace.o
 .debug_aranges
                0x000000f0       0x30 ./system/src/diag/trace_impl.o
 .debug_aranges
                0x00000120       0x28 ./system/src/cortexm/_initialize_hardware.o
 .debug_aranges
                0x00000148       0x90 ./system/src/cortexm/exception_handlers.o
 .debug_aranges
                0x000001d8       0x38 ./system/src/cmsis/system_stm32f10x.o
 .debug_aranges
                0x00000210       0x20 ./system/src/cmsis/vectors_stm32f10x.o
 .debug_aranges
                0x00000230       0xd8 ./src/CanTp.o
 .debug_aranges
                0x00000308       0x18 ./src/CanTp_Cfg.o
 .debug_aranges
                0x00000320       0x80 ./src/RCC.o
 .debug_aranges
                0x000003a0       0x40 ./src/main.o
 .debug_aranges
                0x000003e0       0x58 ./ThirdParty/FreeRTOS/Source/portable/MemMang/heap_4.o
 .debug_aranges
                0x00000438       0x70 ./ThirdParty/FreeRTOS/Source/portable/GCC/ARM_CM3/port.o
 .debug_aranges
                0x000004a8       0x40 ./ThirdParty/FreeRTOS/Source/list.o
 .debug_aranges
                0x000004e8      0x1b0 ./ThirdParty/FreeRTOS/Source/tasks.o

.debug_pubnames
 *(.debug_pubnames)

.debug_info     0x00000000     0xa600
 *(.debug_info .gnu.linkonce.wi.*)
 .debug_info    0x00000000      0x956 ./system/src/newlib/_exit.o
 .debug_info    0x00000956      0x942 ./system/src/newlib/_sbrk.o
 .debug_info    0x00001298      0x42e ./system/src/newlib/_startup.o
 .debug_info    0x000016c6      0xa19 ./system/src/newlib/_syscalls.o
 .debug_info    0x000020df      0xb2a ./system/src/diag/Trace.o
 .debug_info    0x00002c09      0x363 ./system/src/diag/trace_impl.o
 .debug_info    0x00002f6c      0x2b5 ./system/src/cortexm/_initialize_hardware.o
 .debug_info    0x00003221     0x1140 ./system/src/cortexm/exception_handlers.o
 .debug_info    0x00004361      0x494 ./system/src/cmsis/system_stm32f10x.o
 .debug_info    0x000047f5       0xca ./system/src/cmsis/vectors_stm32f10x.o
 .debug_info    0x000048bf     0x1148 ./src/CanTp.o
 .debug_info    0x00005a07      0x2ae ./src/CanTp_Cfg.o
 .debug_info    0x00005cb5      0x39c ./src/RCC.o
 .debug_info    0x00006051      0x45f ./src/main.o
 .debug_info    0x000064b0      0xcc2 ./ThirdParty/FreeRTOS/Source/portable/MemMang/heap_4.o
 .debug_info    0x00007172      0x320 ./ThirdParty/FreeRTOS/Source/portable/GCC/ARM_CM3/port.o
 .debug_info    0x00007492      0xac2 ./ThirdParty/FreeRTOS/Source/list.o
 .debug_info    0x00007f54     0x26ac ./ThirdParty/FreeRTOS/Source/tasks.o

.debug_abbrev   0x00000000     0x22ed
 *(.debug_abbrev)
 .debug_abbrev  0x00000000      0x1f3 ./system/src/newlib/_exit.o
 .debug_abbrev  0x000001f3      0x1fc ./system/src/newlib/_sbrk.o
 .debug_abbrev  0x000003ef      0x1b3 ./system/src/newlib/_startup.o
 .debug_abbrev  0x000005a2      0x234 ./system/src/newlib/_syscalls.o
 .debug_abbrev  0x000007d6      0x276 ./system/src/diag/Trace.o
 .debug_abbrev  0x00000a4c      0x1e2 ./system/src/diag/trace_impl.o
 .debug_abbrev  0x00000c2e       0xea ./system/src/cortexm/_initialize_hardware.o
 .debug_abbrev  0x00000d18      0x32b ./system/src/cortexm/exception_handlers.o
 .debug_abbrev  0x00001043      0x177 ./system/src/cmsis/system_stm32f10x.o
 .debug_abbrev  0x000011ba       0x9d ./system/src/cmsis/vectors_stm32f10x.o
 .debug_abbrev  0x00001257      0x29f ./src/CanTp.o
 .debug_abbrev  0x000014f6       0x7c ./src/CanTp_Cfg.o
 .debug_abbrev  0x00001572      0x160 ./src/RCC.o
 .debug_abbrev  0x000016d2      0x196 ./src/main.o
 .debug_abbrev  0x00001868      0x2e4 ./ThirdParty/FreeRTOS/Source/portable/MemMang/heap_4.o
 .debug_abbrev  0x00001b4c      0x1cd ./ThirdParty/FreeRTOS/Source/portable/GCC/ARM_CM3/port.o
 .debug_abbrev  0x00001d19      0x223 ./ThirdParty/FreeRTOS/Source/list.o
 .debug_abbrev  0x00001f3c      0x3b1 ./ThirdParty/FreeRTOS/Source/tasks.o

.debug_line     0x00000000     0x5585
 *(.debug_line)
 .debug_line    0x00000000      0x3e7 ./system/src/newlib/_exit.o
 .debug_line    0x000003e7      0x39b ./system/src/newlib/_sbrk.o
 .debug_line    0x00000782      0x455 ./system/src/newlib/_startup.o
 .debug_line    0x00000bd7      0x4d7 ./system/src/newlib/_syscalls.o
 .debug_line    0x000010ae      0x463 ./system/src/diag/Trace.o
 .debug_line    0x00001511      0x6d0 ./system/src/diag/trace_impl.o
 .debug_line    0x00001be1      0x39a ./system/src/cortexm/_initialize_hardware.o
 .debug_line    0x00001f7b      0x792 ./system/src/cortexm/exception_handlers.o
 .debug_line    0x0000270d      0x40d ./system/src/cmsis/system_stm32f10x.o
 .debug_line    0x00002b1a      0x126 ./system/src/cmsis/vectors_stm32f10x.o
 .debug_line    0x00002c40      0x67a ./src/CanTp.o
 .debug_line    0x000032ba       0xa3 ./src/CanTp_Cfg.o
 .debug_line    0x0000335d      0x172 ./src/RCC.o
 .debug_line    0x000034cf      0x5da ./src/main.o
 .debug_line    0x00003aa9      0x59c ./ThirdParty/FreeRTOS/Source/portable/MemMang/heap_4.o
 .debug_line    0x00004045      0x365 ./ThirdParty/FreeRTOS/Source/portable/GCC/ARM_CM3/port.o
 .debug_line    0x000043aa      0x4d8 ./ThirdParty/FreeRTOS/Source/list.o
 .debug_line    0x00004882      0xd03 ./ThirdParty/FreeRTOS/Source/tasks.o

.debug_frame    0x00000000     0x135c
 *(.debug_frame)
 .debug_frame   0x00000000       0x38 ./system/src/newlib/_exit.o
 .debug_frame   0x00000038       0x28 ./system/src/newlib/_sbrk.o
 .debug_frame   0x00000060       0x7c ./system/src/newlib/_startup.o
 .debug_frame   0x000000dc       0x50 ./system/src/newlib/_syscalls.o
 .debug_frame   0x0000012c       0x94 ./system/src/diag/Trace.o
 .debug_frame   0x000001c0       0x64 ./system/src/diag/trace_impl.o
 .debug_frame   0x00000224       0x40 ./system/src/cortexm/_initialize_hardware.o
 .debug_frame   0x00000264      0x158 ./system/src/cortexm/exception_handlers.o
 .debug_frame   0x000003bc       0x6c ./system/src/cmsis/system_stm32f10x.o
 .debug_frame   0x00000428       0x20 ./system/src/cmsis/vectors_stm32f10x.o
 .debug_frame   0x00000448      0x298 ./src/CanTp.o
 .debug_frame   0x000006e0       0xf4 ./src/RCC.o
 .debug_frame   0x000007d4       0x78 ./src/main.o
 .debug_frame   0x0000084c       0xcc ./ThirdParty/FreeRTOS/Source/portable/MemMang/heap_4.o
 .debug_frame   0x00000918       0xd8 ./ThirdParty/FreeRTOS/Source/portable/GCC/ARM_CM3/port.o
 .debug_frame   0x000009f0       0x6c ./ThirdParty/FreeRTOS/Source/list.o
 .debug_frame   0x00000a5c      0x540 ./ThirdParty/FreeRTOS/Source/tasks.o
 .debug_frame   0x00000f9c       0xac d:/iti intake 40/embedded tools/arm environment/imt_sdk_win_64/imt_sdk_win_64/winarm/armgcc/bin/../lib/gcc/arm-none-eabi/7.2.1/thumb/v7-m\libgcc.a(_arm_addsubdf3.o)
 .debug_frame   0x00001048       0x24 d:/iti intake 40/embedded tools/arm environment/imt_sdk_win_64/imt_sdk_win_64/winarm/armgcc/bin/../lib/gcc/arm-none-eabi/7.2.1/thumb/v7-m\libgcc.a(_arm_fixunsdfsi.o)
 .debug_frame   0x0000106c       0x20 d:/iti intake 40/embedded tools/arm environment/imt_sdk_win_64/imt_sdk_win_64/winarm/armgcc/bin/../lib/gcc/arm-none-eabi/7.2.1/../../../../arm-none-eabi/lib/thumb/v7-m\libg_nano.a(lib_a-errno.o)
 .debug_frame   0x0000108c       0x28 d:/iti intake 40/embedded tools/arm environment/imt_sdk_win_64/imt_sdk_win_64/winarm/armgcc/bin/../lib/gcc/arm-none-eabi/7.2.1/../../../../arm-none-eabi/lib/thumb/v7-m\libg_nano.a(lib_a-memcpy-stub.o)
 .debug_frame   0x000010b4       0x4c d:/iti intake 40/embedded tools/arm environment/imt_sdk_win_64/imt_sdk_win_64/winarm/armgcc/bin/../lib/gcc/arm-none-eabi/7.2.1/../../../../arm-none-eabi/lib/thumb/v7-m\libg_nano.a(lib_a-vsnprintf.o)
 .debug_frame   0x00001100       0x90 d:/iti intake 40/embedded tools/arm environment/imt_sdk_win_64/imt_sdk_win_64/winarm/armgcc/bin/../lib/gcc/arm-none-eabi/7.2.1/../../../../arm-none-eabi/lib/thumb/v7-m\libg_nano.a(lib_a-nano-svfprintf.o)
 .debug_frame   0x00001190       0x60 d:/iti intake 40/embedded tools/arm environment/imt_sdk_win_64/imt_sdk_win_64/winarm/armgcc/bin/../lib/gcc/arm-none-eabi/7.2.1/../../../../arm-none-eabi/lib/thumb/v7-m\libg_nano.a(lib_a-nano-vfprintf_i.o)
 .debug_frame   0x000011f0       0x28 d:/iti intake 40/embedded tools/arm environment/imt_sdk_win_64/imt_sdk_win_64/winarm/armgcc/bin/../lib/gcc/arm-none-eabi/7.2.1/../../../../arm-none-eabi/lib/thumb/v7-m\libg_nano.a(lib_a-memchr-stub.o)
 .debug_frame   0x00001218       0x28 d:/iti intake 40/embedded tools/arm environment/imt_sdk_win_64/imt_sdk_win_64/winarm/armgcc/bin/../lib/gcc/arm-none-eabi/7.2.1/../../../../arm-none-eabi/lib/thumb/v7-m\libg_nano.a(lib_a-memmove.o)
 .debug_frame   0x00001240       0x38 d:/iti intake 40/embedded tools/arm environment/imt_sdk_win_64/imt_sdk_win_64/winarm/armgcc/bin/../lib/gcc/arm-none-eabi/7.2.1/../../../../arm-none-eabi/lib/thumb/v7-m\libg_nano.a(lib_a-nano-freer.o)
 .debug_frame   0x00001278       0x2c d:/iti intake 40/embedded tools/arm environment/imt_sdk_win_64/imt_sdk_win_64/winarm/armgcc/bin/../lib/gcc/arm-none-eabi/7.2.1/../../../../arm-none-eabi/lib/thumb/v7-m\libg_nano.a(lib_a-nano-mallocr.o)
 .debug_frame   0x000012a4       0x3c d:/iti intake 40/embedded tools/arm environment/imt_sdk_win_64/imt_sdk_win_64/winarm/armgcc/bin/../lib/gcc/arm-none-eabi/7.2.1/../../../../arm-none-eabi/lib/thumb/v7-m\libg_nano.a(lib_a-nano-reallocr.o)
 .debug_frame   0x000012e0       0x2c d:/iti intake 40/embedded tools/arm environment/imt_sdk_win_64/imt_sdk_win_64/winarm/armgcc/bin/../lib/gcc/arm-none-eabi/7.2.1/../../../../arm-none-eabi/lib/thumb/v7-m\libg_nano.a(lib_a-sbrkr.o)
 .debug_frame   0x0000130c       0x30 d:/iti intake 40/embedded tools/arm environment/imt_sdk_win_64/imt_sdk_win_64/winarm/armgcc/bin/../lib/gcc/arm-none-eabi/7.2.1/../../../../arm-none-eabi/lib/thumb/v7-m\libg_nano.a(lib_a-mlock.o)
 .debug_frame   0x0000133c       0x20 d:/iti intake 40/embedded tools/arm environment/imt_sdk_win_64/imt_sdk_win_64/winarm/armgcc/bin/../lib/gcc/arm-none-eabi/7.2.1/../../../../arm-none-eabi/lib/thumb/v7-m\libg_nano.a(lib_a-nano-msizer.o)

.debug_str      0x00000000    0x5e3a2
 *(.debug_str)
 .debug_str     0x00000000     0x7d0f ./system/src/newlib/_exit.o
                               0x7ee2 (size before relaxing)
 .debug_str     0x00007d0f      0x375 ./system/src/newlib/_sbrk.o
                               0x7294 (size before relaxing)
 .debug_str     0x00008084      0xbb4 ./system/src/newlib/_startup.o
                               0x69cf (size before relaxing)
 .debug_str     0x00008c38      0xe8b ./system/src/newlib/_syscalls.o
                               0x816f (size before relaxing)
 .debug_str     0x00009ac3      0x826 ./system/src/diag/Trace.o
                               0x865a (size before relaxing)
 .debug_str     0x0000a2e9    0x4b107 ./system/src/diag/trace_impl.o
                              0x5288e (size before relaxing)
 .debug_str     0x000553f0       0xc4 ./system/src/cortexm/_initialize_hardware.o
                              0x4e67f (size before relaxing)
 .debug_str     0x000554b4      0x172 ./system/src/cortexm/exception_handlers.o
                              0x53ab3 (size before relaxing)
 .debug_str     0x00055626      0x114 ./system/src/cmsis/system_stm32f10x.o
                              0x4e719 (size before relaxing)
 .debug_str     0x0005573a       0x57 ./system/src/cmsis/vectors_stm32f10x.o
                               0x3870 (size before relaxing)
 .debug_str     0x00055791     0x1a3c ./src/CanTp.o
                               0x52a8 (size before relaxing)
 .debug_str     0x000571cd       0x13 ./src/CanTp_Cfg.o
                               0x3eb8 (size before relaxing)
 .debug_str     0x000571e0      0xec2 ./src/RCC.o
                               0x3cbf (size before relaxing)
 .debug_str     0x000580a2     0x45a6 ./src/main.o
                               0xd00d (size before relaxing)
 .debug_str     0x0005c648      0x3cf ./ThirdParty/FreeRTOS/Source/portable/MemMang/heap_4.o
                               0xacb3 (size before relaxing)
 .debug_str     0x0005ca17      0x6db ./ThirdParty/FreeRTOS/Source/portable/GCC/ARM_CM3/port.o
                               0x7f33 (size before relaxing)
 .debug_str     0x0005d0f2      0x124 ./ThirdParty/FreeRTOS/Source/list.o
                               0xa3a5 (size before relaxing)
 .debug_str     0x0005d216     0x118c ./ThirdParty/FreeRTOS/Source/tasks.o
                               0xc569 (size before relaxing)

.debug_loc      0x00000000     0x3adc
 *(.debug_loc)
 .debug_loc     0x00000000       0x85 ./system/src/newlib/_sbrk.o
 .debug_loc     0x00000085      0x1a9 ./system/src/newlib/_startup.o
 .debug_loc     0x0000022e       0x63 ./system/src/newlib/_syscalls.o
 .debug_loc     0x00000291       0xf6 ./system/src/diag/Trace.o
 .debug_loc     0x00000387      0x121 ./system/src/diag/trace_impl.o
 .debug_loc     0x000004a8      0x291 ./system/src/cortexm/exception_handlers.o
 .debug_loc     0x00000739       0xdf ./system/src/cmsis/system_stm32f10x.o
 .debug_loc     0x00000818     0x136a ./src/CanTp.o
 .debug_loc     0x00001b82      0x294 ./src/RCC.o
 .debug_loc     0x00001e16       0x42 ./src/main.o
 .debug_loc     0x00001e58      0x38e ./ThirdParty/FreeRTOS/Source/portable/MemMang/heap_4.o
 .debug_loc     0x000021e6       0xa8 ./ThirdParty/FreeRTOS/Source/portable/GCC/ARM_CM3/port.o
 .debug_loc     0x0000228e       0x70 ./ThirdParty/FreeRTOS/Source/list.o
 .debug_loc     0x000022fe     0x17de ./ThirdParty/FreeRTOS/Source/tasks.o

.debug_macinfo
 *(.debug_macinfo)

.debug_weaknames
 *(.debug_weaknames)

.debug_funcnames
 *(.debug_funcnames)

.debug_typenames
 *(.debug_typenames)

.debug_varnames
 *(.debug_varnames)
OUTPUT(STM32_RTOS_LCD.elf elf32-littlearm)

.debug_ranges   0x00000000      0x6d0
 .debug_ranges  0x00000000       0x18 ./system/src/newlib/_exit.o
 .debug_ranges  0x00000018       0x10 ./system/src/newlib/_sbrk.o
 .debug_ranges  0x00000028       0x78 ./system/src/newlib/_startup.o
 .debug_ranges  0x000000a0       0x20 ./system/src/newlib/_syscalls.o
 .debug_ranges  0x000000c0       0x28 ./system/src/diag/Trace.o
 .debug_ranges  0x000000e8       0x50 ./system/src/diag/trace_impl.o
 .debug_ranges  0x00000138       0x18 ./system/src/cortexm/_initialize_hardware.o
 .debug_ranges  0x00000150       0x80 ./system/src/cortexm/exception_handlers.o
 .debug_ranges  0x000001d0       0x28 ./system/src/cmsis/system_stm32f10x.o
 .debug_ranges  0x000001f8       0x10 ./system/src/cmsis/vectors_stm32f10x.o
 .debug_ranges  0x00000208       0xe0 ./src/CanTp.o
 .debug_ranges  0x000002e8       0x70 ./src/RCC.o
 .debug_ranges  0x00000358       0x30 ./src/main.o
 .debug_ranges  0x00000388       0x48 ./ThirdParty/FreeRTOS/Source/portable/MemMang/heap_4.o
 .debug_ranges  0x000003d0       0x60 ./ThirdParty/FreeRTOS/Source/portable/GCC/ARM_CM3/port.o
 .debug_ranges  0x00000430       0x30 ./ThirdParty/FreeRTOS/Source/list.o
 .debug_ranges  0x00000460      0x270 ./ThirdParty/FreeRTOS/Source/tasks.o

.debug_macro    0x00000000     0x4105
 .debug_macro   0x00000000      0x1b4 ./system/src/newlib/_exit.o
 .debug_macro   0x000001b4       0x9c ./system/src/newlib/_exit.o
 .debug_macro   0x00000250      0x10e ./system/src/newlib/_exit.o
 .debug_macro   0x0000035e       0x8d ./system/src/newlib/_exit.o
 .debug_macro   0x000003eb       0x43 ./system/src/newlib/_exit.o
 .debug_macro   0x0000042e      0x330 ./system/src/newlib/_exit.o
 .debug_macro   0x0000075e       0x35 ./system/src/newlib/_exit.o
 .debug_macro   0x00000793      0x169 ./system/src/newlib/_sbrk.o
 .debug_macro   0x000008fc      0x174 ./system/src/newlib/_sbrk.o
 .debug_macro   0x00000a70       0x10 ./system/src/newlib/_sbrk.o
 .debug_macro   0x00000a80      0x23b ./system/src/newlib/_sbrk.o
 .debug_macro   0x00000cbb      0x173 ./system/src/newlib/_startup.o
 .debug_macro   0x00000e2e      0x217 ./system/src/newlib/_syscalls.o
 .debug_macro   0x00001045       0x1c ./system/src/newlib/_syscalls.o
 .debug_macro   0x00001061       0x10 ./system/src/newlib/_syscalls.o
 .debug_macro   0x00001071       0x10 ./system/src/newlib/_syscalls.o
 .debug_macro   0x00001081       0x10 ./system/src/newlib/_syscalls.o
 .debug_macro   0x00001091       0x35 ./system/src/newlib/_syscalls.o
 .debug_macro   0x000010c6      0x122 ./system/src/newlib/_syscalls.o
 .debug_macro   0x000011e8       0x88 ./system/src/newlib/_syscalls.o
 .debug_macro   0x00001270       0x2b ./system/src/newlib/_syscalls.o
 .debug_macro   0x0000129b      0x118 ./system/src/newlib/_syscalls.o
 .debug_macro   0x000013b3      0x189 ./system/src/newlib/_syscalls.o
 .debug_macro   0x0000153c       0x16 ./system/src/newlib/_syscalls.o
 .debug_macro   0x00001552      0x1fb ./system/src/diag/Trace.o
 .debug_macro   0x0000174d       0x16 ./system/src/diag/Trace.o
 .debug_macro   0x00001763       0x97 ./system/src/diag/Trace.o
 .debug_macro   0x000017fa       0xfd ./system/src/diag/Trace.o
 .debug_macro   0x000018f7       0x10 ./system/src/diag/Trace.o
 .debug_macro   0x00001907       0x16 ./system/src/diag/Trace.o
 .debug_macro   0x0000191d      0x16f ./system/src/diag/Trace.o
 .debug_macro   0x00001a8c       0x4c ./system/src/diag/Trace.o
 .debug_macro   0x00001ad8       0x16 ./system/src/diag/Trace.o
 .debug_macro   0x00001aee      0x2da ./system/src/diag/trace_impl.o
 .debug_macro   0x00001dc8       0x10 ./system/src/diag/trace_impl.o
 .debug_macro   0x00001dd8       0xcf ./system/src/diag/trace_impl.o
 .debug_macro   0x00001ea7       0xbe ./system/src/diag/trace_impl.o
 .debug_macro   0x00001f65       0x22 ./system/src/diag/trace_impl.o
 .debug_macro   0x00001f87      0x16b ./system/src/cortexm/_initialize_hardware.o
 .debug_macro   0x000020f2      0x324 ./system/src/cortexm/exception_handlers.o
 .debug_macro   0x00002416       0x3b ./system/src/cortexm/exception_handlers.o
 .debug_macro   0x00002451       0x10 ./system/src/cortexm/exception_handlers.o
 .debug_macro   0x00002461      0x16e ./system/src/cmsis/system_stm32f10x.o
 .debug_macro   0x000025cf       0x34 ./system/src/cmsis/vectors_stm32f10x.o
 .debug_macro   0x00002603       0xcd ./src/CanTp.o
 .debug_macro   0x000026d0       0x52 ./src/CanTp.o
 .debug_macro   0x00002722       0x3a ./src/CanTp.o
 .debug_macro   0x0000275c       0x70 ./src/CanTp.o
 .debug_macro   0x000027cc       0x53 ./src/CanTp.o
 .debug_macro   0x0000281f       0x4c ./src/CanTp.o
 .debug_macro   0x0000286b      0x142 ./src/CanTp.o
 .debug_macro   0x000029ad       0x82 ./src/CanTp.o
 .debug_macro   0x00002a2f       0x16 ./src/CanTp.o
 .debug_macro   0x00002a45       0x16 ./src/CanTp.o
 .debug_macro   0x00002a5b       0x69 ./src/CanTp_Cfg.o
 .debug_macro   0x00002ac4       0x5d ./src/RCC.o
 .debug_macro   0x00002b21       0x22 ./src/RCC.o
 .debug_macro   0x00002b43      0x22e ./src/RCC.o
 .debug_macro   0x00002d71      0x26e ./src/main.o
 .debug_macro   0x00002fdf       0x22 ./src/main.o
 .debug_macro   0x00003001       0x22 ./src/main.o
 .debug_macro   0x00003023       0xa0 ./src/main.o
 .debug_macro   0x000030c3      0x15a ./src/main.o
 .debug_macro   0x0000321d       0xdd ./src/main.o
 .debug_macro   0x000032fa       0x1c ./src/main.o
 .debug_macro   0x00003316       0x26 ./src/main.o
 .debug_macro   0x0000333c      0x54a ./src/main.o
 .debug_macro   0x00003886       0xb5 ./src/main.o
 .debug_macro   0x0000393b       0xaa ./src/main.o
 .debug_macro   0x000039e5       0x91 ./src/main.o
 .debug_macro   0x00003a76      0x189 ./ThirdParty/FreeRTOS/Source/portable/MemMang/heap_4.o
 .debug_macro   0x00003bff      0x145 ./ThirdParty/FreeRTOS/Source/portable/GCC/ARM_CM3/port.o
 .debug_macro   0x00003d44      0x162 ./ThirdParty/FreeRTOS/Source/list.o
 .debug_macro   0x00003ea6      0x24f ./ThirdParty/FreeRTOS/Source/tasks.o
 .debug_macro   0x000040f5       0x10 ./ThirdParty/FreeRTOS/Source/tasks.o
