Archive member included to satisfy reference by file (symbol)

d:/iti intake 40/embedded tools/arm environment/imt_sdk_win_64/imt_sdk_win_64/winarm/armgcc/bin/../lib/gcc/arm-none-eabi/7.2.1/thumb/v7-m\libgcc.a(_arm_addsubdf3.o)
                              ./src/CanTp.o (__aeabi_dsub)
d:/iti intake 40/embedded tools/arm environment/imt_sdk_win_64/imt_sdk_win_64/winarm/armgcc/bin/../lib/gcc/arm-none-eabi/7.2.1/thumb/v7-m\libgcc.a(_arm_fixunsdfsi.o)
                              ./src/CanTp.o (__aeabi_d2uiz)
d:/iti intake 40/embedded tools/arm environment/imt_sdk_win_64/imt_sdk_win_64/winarm/armgcc/bin/../lib/gcc/arm-none-eabi/7.2.1/../../../../arm-none-eabi/lib/thumb/v7-m\libg_nano.a(lib_a-errno.o)
                              ./system/src/newlib/_sbrk.o (__errno)
d:/iti intake 40/embedded tools/arm environment/imt_sdk_win_64/imt_sdk_win_64/winarm/armgcc/bin/../lib/gcc/arm-none-eabi/7.2.1/../../../../arm-none-eabi/lib/thumb/v7-m\libg_nano.a(lib_a-impure.o)
                              d:/iti intake 40/embedded tools/arm environment/imt_sdk_win_64/imt_sdk_win_64/winarm/armgcc/bin/../lib/gcc/arm-none-eabi/7.2.1/../../../../arm-none-eabi/lib/thumb/v7-m\libg_nano.a(lib_a-errno.o) (_impure_ptr)
d:/iti intake 40/embedded tools/arm environment/imt_sdk_win_64/imt_sdk_win_64/winarm/armgcc/bin/../lib/gcc/arm-none-eabi/7.2.1/../../../../arm-none-eabi/lib/thumb/v7-m\libg_nano.a(lib_a-memcpy-stub.o)
                              ./ThirdParty/queue.o (memcpy)
d:/iti intake 40/embedded tools/arm environment/imt_sdk_win_64/imt_sdk_win_64/winarm/armgcc/bin/../lib/gcc/arm-none-eabi/7.2.1/../../../../arm-none-eabi/lib/thumb/v7-m\libg_nano.a(lib_a-memset.o)
                              ./ThirdParty/stream_buffer.o (memset)
d:/iti intake 40/embedded tools/arm environment/imt_sdk_win_64/imt_sdk_win_64/winarm/armgcc/bin/../lib/gcc/arm-none-eabi/7.2.1/../../../../arm-none-eabi/lib/thumb/v7-m\libg_nano.a(lib_a-strlen.o)
                              ./system/src/diag/Trace.o (strlen)
d:/iti intake 40/embedded tools/arm environment/imt_sdk_win_64/imt_sdk_win_64/winarm/armgcc/bin/../lib/gcc/arm-none-eabi/7.2.1/../../../../arm-none-eabi/lib/thumb/v7-m\libg_nano.a(lib_a-vsnprintf.o)
                              ./system/src/diag/Trace.o (vsnprintf)
d:/iti intake 40/embedded tools/arm environment/imt_sdk_win_64/imt_sdk_win_64/winarm/armgcc/bin/../lib/gcc/arm-none-eabi/7.2.1/../../../../arm-none-eabi/lib/thumb/v7-m\libg_nano.a(lib_a-nano-svfprintf.o)
                              d:/iti intake 40/embedded tools/arm environment/imt_sdk_win_64/imt_sdk_win_64/winarm/armgcc/bin/../lib/gcc/arm-none-eabi/7.2.1/../../../../arm-none-eabi/lib/thumb/v7-m\libg_nano.a(lib_a-vsnprintf.o) (_svfprintf_r)
d:/iti intake 40/embedded tools/arm environment/imt_sdk_win_64/imt_sdk_win_64/winarm/armgcc/bin/../lib/gcc/arm-none-eabi/7.2.1/../../../../arm-none-eabi/lib/thumb/v7-m\libg_nano.a(lib_a-nano-vfprintf_i.o)
                              d:/iti intake 40/embedded tools/arm environment/imt_sdk_win_64/imt_sdk_win_64/winarm/armgcc/bin/../lib/gcc/arm-none-eabi/7.2.1/../../../../arm-none-eabi/lib/thumb/v7-m\libg_nano.a(lib_a-nano-svfprintf.o) (_printf_i)
d:/iti intake 40/embedded tools/arm environment/imt_sdk_win_64/imt_sdk_win_64/winarm/armgcc/bin/../lib/gcc/arm-none-eabi/7.2.1/../../../../arm-none-eabi/lib/thumb/v7-m\libg_nano.a(lib_a-memchr-stub.o)
                              d:/iti intake 40/embedded tools/arm environment/imt_sdk_win_64/imt_sdk_win_64/winarm/armgcc/bin/../lib/gcc/arm-none-eabi/7.2.1/../../../../arm-none-eabi/lib/thumb/v7-m\libg_nano.a(lib_a-nano-svfprintf.o) (memchr)
d:/iti intake 40/embedded tools/arm environment/imt_sdk_win_64/imt_sdk_win_64/winarm/armgcc/bin/../lib/gcc/arm-none-eabi/7.2.1/../../../../arm-none-eabi/lib/thumb/v7-m\libg_nano.a(lib_a-memmove.o)
                              d:/iti intake 40/embedded tools/arm environment/imt_sdk_win_64/imt_sdk_win_64/winarm/armgcc/bin/../lib/gcc/arm-none-eabi/7.2.1/../../../../arm-none-eabi/lib/thumb/v7-m\libg_nano.a(lib_a-nano-svfprintf.o) (memmove)
d:/iti intake 40/embedded tools/arm environment/imt_sdk_win_64/imt_sdk_win_64/winarm/armgcc/bin/../lib/gcc/arm-none-eabi/7.2.1/../../../../arm-none-eabi/lib/thumb/v7-m\libg_nano.a(lib_a-nano-freer.o)
                              d:/iti intake 40/embedded tools/arm environment/imt_sdk_win_64/imt_sdk_win_64/winarm/armgcc/bin/../lib/gcc/arm-none-eabi/7.2.1/../../../../arm-none-eabi/lib/thumb/v7-m\libg_nano.a(lib_a-nano-svfprintf.o) (_free_r)
d:/iti intake 40/embedded tools/arm environment/imt_sdk_win_64/imt_sdk_win_64/winarm/armgcc/bin/../lib/gcc/arm-none-eabi/7.2.1/../../../../arm-none-eabi/lib/thumb/v7-m\libg_nano.a(lib_a-nano-mallocr.o)
                              d:/iti intake 40/embedded tools/arm environment/imt_sdk_win_64/imt_sdk_win_64/winarm/armgcc/bin/../lib/gcc/arm-none-eabi/7.2.1/../../../../arm-none-eabi/lib/thumb/v7-m\libg_nano.a(lib_a-nano-svfprintf.o) (_malloc_r)
[...]
Memory Configuration

Name             Origin             Length             Attributes
RAM              0x20000000         0x00005000         xrw
CCMRAM           0x00000000         0x00000000         xrw
FLASH            0x08000000         0x00010000         xr
FLASHB1          0x00000000         0x00000000         xr
EXTMEMB0         0x00000000         0x00000000         xr
EXTMEMB1         0x00000000         0x00000000         xr
EXTMEMB2         0x00000000         0x00000000         xr
EXTMEMB3         0x00000000         0x00000000         xr
MEMORY_ARRAY     0x00000000         0x00000000         xrw
*default*        0x00000000         0xffffffff

Linker script and memory map

LOAD ./system/src/stm32f1-stdperiph/misc.o
LOAD ./system/src/stm32f1-stdperiph/stm32f10x_gpio.o
LOAD ./system/src/stm32f1-stdperiph/stm32f10x_rcc.o
LOAD ./system/src/newlib/_cxx.o
LOAD ./system/src/newlib/_exit.o
LOAD ./system/src/newlib/_sbrk.o
LOAD ./system/src/newlib/_startup.o
LOAD ./system/src/newlib/_syscalls.o
LOAD ./system/src/newlib/assert.o
LOAD ./system/src/diag/Trace.o
LOAD ./system/src/diag/trace_impl.o
LOAD ./system/src/cortexm/_initialize_hardware.o
LOAD ./system/src/cortexm/_reset_hardware.o
LOAD ./system/src/cortexm/exception_handlers.o
LOAD ./system/src/cmsis/system_stm32f10x.o
LOAD ./system/src/cmsis/vectors_stm32f10x.o
LOAD ./src/CanIf.o
LOAD ./src/CanTp.o
LOAD ./src/CanTp_LCfg.o
LOAD ./src/Det.o
LOAD ./src/ECUC.o
LOAD ./src/PduR.o
LOAD ./src/RCC.o
LOAD ./src/_write.o
LOAD ./src/main.o
LOAD ./ThirdParty/portable/MemMang/heap_4.o
LOAD ./ThirdParty/portable/GCC/ARM_CM3/port.o
LOAD ./ThirdParty/croutine.o
LOAD ./ThirdParty/event_groups.o
LOAD ./ThirdParty/list.o
LOAD ./ThirdParty/queue.o
LOAD ./ThirdParty/stream_buffer.o
LOAD ./ThirdParty/tasks.o
LOAD ./ThirdParty/timers.o
LOAD d:/iti intake 40/embedded tools/arm environment/imt_sdk_win_64/imt_sdk_win_64/winarm/armgcc/bin/../lib/gcc/arm-none-eabi/7.2.1/../../../../arm-none-eabi/lib/thumb/v7-m\libstdc++_nano.a
LOAD d:/iti intake 40/embedded tools/arm environment/imt_sdk_win_64/imt_sdk_win_64/winarm/armgcc/bin/../lib/gcc/arm-none-eabi/7.2.1/../../../../arm-none-eabi/lib/thumb/v7-m\libm.a
START GROUP
LOAD d:/iti intake 40/embedded tools/arm environment/imt_sdk_win_64/imt_sdk_win_64/winarm/armgcc/bin/../lib/gcc/arm-none-eabi/7.2.1/thumb/v7-m\libgcc.a
LOAD d:/iti intake 40/embedded tools/arm environment/imt_sdk_win_64/imt_sdk_win_64/winarm/armgcc/bin/../lib/gcc/arm-none-eabi/7.2.1/../../../../arm-none-eabi/lib/thumb/v7-m\libg_nano.a
LOAD d:/iti intake 40/embedded tools/arm environment/imt_sdk_win_64/imt_sdk_win_64/winarm/armgcc/bin/../lib/gcc/arm-none-eabi/7.2.1/../../../../arm-none-eabi/lib/thumb/v7-m\libc_nano.a
END GROUP
START GROUP
LOAD d:/iti intake 40/embedded tools/arm environment/imt_sdk_win_64/imt_sdk_win_64/winarm/armgcc/bin/../lib/gcc/arm-none-eabi/7.2.1/thumb/v7-m\libgcc.a
LOAD d:/iti intake 40/embedded tools/arm environment/imt_sdk_win_64/imt_sdk_win_64/winarm/armgcc/bin/../lib/gcc/arm-none-eabi/7.2.1/../../../../arm-none-eabi/lib/thumb/v7-m\libc_nano.a
END GROUP
                0x20005000                __stack = (ORIGIN (RAM) + LENGTH (RAM))
                0x20005000                _estack = __stack
                0x00000400                __Main_Stack_Size = 0x400
                [!provide]                PROVIDE (_Main_Stack_Size, __Main_Stack_Size)
                0x20004c00                __Main_Stack_Limit = (__stack - __Main_Stack_Size)
                [!provide]                PROVIDE (_Main_Stack_Limit, __Main_Stack_Limit)
                0x00000100                _Minimum_Stack_Size = 0x100
                0x20004738                PROVIDE (_Heap_Begin, _end_noinit)
                0x20004c00                PROVIDE (_Heap_Limit, (__stack - __Main_Stack_Size))

.isr_vector     0x08000000      0x350
 FILL mask 0xff
                0x08000000                __vectors_start = ABSOLUTE (.)
                0x08000000                __vectors_start__ = ABSOLUTE (.)
 *(.isr_vector)
 .isr_vector    0x08000000      0x10c ./system/src/cmsis/vectors_stm32f10x.o
                0x08000000                __isr_vectors
 *(.cfmconfig)
 *(.after_vectors .after_vectors.*)
 .after_vectors
                0x0800010c      0x114 ./system/src/newlib/_startup.o
                0x0800010c                _start
 .after_vectors
                0x08000220      0x12c ./system/src/cortexm/exception_handlers.o
                0x08000220                Reset_Handler
                0x08000226                NMI_Handler
                0x0800022a                HardFault_Handler
                0x0800023e                HardFault_Handler_C
                0x0800029c                MemManage_Handler
                0x080002a0                BusFault_Handler
                0x080002b4                BusFault_Handler_C
                0x080002e8                UsageFault_Handler
                0x080002fc                UsageFault_Handler_C
                0x08000330                SVC_Handler
                0x08000334                DebugMon_Handler
                0x08000338                PendSV_Handler
                0x0800033c                SysTick_Handler
 .after_vectors
                0x0800034c        0x4 ./system/src/cmsis/vectors_stm32f10x.o
                0x0800034c                EXTI2_IRQHandler
                0x0800034c                TIM8_TRG_COM_IRQHandler
                0x0800034c                TIM8_CC_IRQHandler
                0x0800034c                TIM1_CC_IRQHandler
                0x0800034c                TIM6_IRQHandler
                0x0800034c                PVD_IRQHandler
                0x0800034c                SDIO_IRQHandler
                0x0800034c                CAN2_RX1_IRQHandler
                0x0800034c                EXTI3_IRQHandler
                0x0800034c                TIM8_TRG_COM_TIM14_IRQHandler
                0x0800034c                TIM1_UP_TIM10_IRQHandler
                0x0800034c                TIM8_UP_TIM13_IRQHandler
                0x0800034c                EXTI0_IRQHandler
                0x0800034c                I2C2_EV_IRQHandler
                0x0800034c                CAN1_RX0_IRQHandler
                0x0800034c                TIM1_UP_TIM16_IRQHandler
                0x0800034c                CAN2_SCE_IRQHandler
                0x0800034c                ADC1_2_IRQHandler
                0x0800034c                SPI1_IRQHandler
                0x0800034c                TAMPER_IRQHandler
                0x0800034c                TIM6_DAC_IRQHandler
                0x0800034c                TIM1_BRK_TIM9_IRQHandler
                0x0800034c                CAN2_RX0_IRQHandler
                0x0800034c                TIM8_UP_IRQHandler
                0x0800034c                DMA2_Channel2_IRQHandler
                0x0800034c                DMA1_Channel4_IRQHandler
                0x0800034c                USART3_IRQHandler
                0x0800034c                RTC_IRQHandler
                0x0800034c                DMA1_Channel7_IRQHandler
                0x0800034c                CAN1_RX1_IRQHandler
                0x0800034c                UART5_IRQHandler
                0x0800034c                ADC3_IRQHandler
                0x0800034c                TIM4_IRQHandler
                0x0800034c                DMA2_Channel1_IRQHandler
                0x0800034c                I2C1_EV_IRQHandler
                0x0800034c                DMA1_Channel6_IRQHandler
                0x0800034c                UART4_IRQHandler
                0x0800034c                DMA2_Channel4_IRQHandler
                0x0800034c                TIM3_IRQHandler
                0x0800034c                RCC_IRQHandler
                0x0800034c                TIM8_BRK_TIM12_IRQHandler
                0x0800034c                TIM1_TRG_COM_IRQHandler
                0x0800034c                DMA1_Channel1_IRQHandler
                0x0800034c                Default_Handler
                0x0800034c                CEC_IRQHandler
                0x0800034c                EXTI15_10_IRQHandler
                0x0800034c                TIM14_IRQHandler
                0x0800034c                TIM13_IRQHandler
                0x0800034c                TIM12_IRQHandler
                0x0800034c                TIM7_IRQHandler
                0x0800034c                CAN2_TX_IRQHandler
                0x0800034c                TIM5_IRQHandler
                0x0800034c                EXTI9_5_IRQHandler
                0x0800034c                ETH_WKUP_IRQHandler
                0x0800034c                SPI2_IRQHandler
                0x0800034c                CAN1_TX_IRQHandler
                0x0800034c                DMA2_Channel5_IRQHandler
                0x0800034c                DMA1_Channel5_IRQHandler
                0x0800034c                EXTI4_IRQHandler
                0x0800034c                USB_LP_CAN1_RX0_IRQHandler
                0x0800034c                TIM1_TRG_COM_TIM17_IRQHandler
                0x0800034c                USB_HP_CAN1_TX_IRQHandler
                0x0800034c                DMA1_Channel3_IRQHandler
                0x0800034c                FSMC_IRQHandler
                0x0800034c                ETH_IRQHandler
                0x0800034c                TIM1_UP_IRQHandler
                0x0800034c                WWDG_IRQHandler
                0x0800034c                TIM2_IRQHandler
                0x0800034c                OTG_FS_WKUP_IRQHandler
                0x0800034c                TIM1_TRG_COM_TIM11_IRQHandler
                0x0800034c                TIM1_BRK_IRQHandler
                0x0800034c                EXTI1_IRQHandler
                0x0800034c                RTCAlarm_IRQHandler
                0x0800034c                DMA2_Channel4_5_IRQHandler
                0x0800034c                USART2_IRQHandler
                0x0800034c                I2C2_ER_IRQHandler
                0x0800034c                DMA1_Channel2_IRQHandler
                0x0800034c                TIM8_BRK_IRQHandler
                0x0800034c                CAN1_SCE_IRQHandler
                0x0800034c                FLASH_IRQHandler
                0x0800034c                USART1_IRQHandler
                0x0800034c                OTG_FS_IRQHandler
                0x0800034c                SPI3_IRQHandler
                0x0800034c                I2C1_ER_IRQHandler
                0x0800034c                USBWakeUp_IRQHandler
                0x0800034c                DMA2_Channel3_IRQHandler
                0x0800034c                TIM1_BRK_TIM15_IRQHandler

.inits          0x08000350       0x28
                0x08000350                __data_regions_array_start = .
                0x08000350        0x4 LONG 0x80031e4 LOADADDR (.data)
                0x08000354        0x4 LONG 0x20000000 ADDR (.data)
                0x08000358        0x4 LONG 0x2000009c (ADDR (.data) + SIZEOF (.data))
                0x0800035c        0x4 LONG 0x80031e4 LOADADDR (.data_CCMRAM)
                0x08000360        0x4 LONG 0x0 ADDR (.data_CCMRAM)
                0x08000364        0x4 LONG 0x0 (ADDR (.data_CCMRAM) + SIZEOF (.data_CCMRAM))
                0x08000368                __data_regions_array_end = .
                0x08000368                __bss_regions_array_start = .
                0x08000368        0x4 LONG 0x2000009c ADDR (.bss)
                0x0800036c        0x4 LONG 0x20004738 (ADDR (.bss) + SIZEOF (.bss))
                0x08000370        0x4 LONG 0x0 ADDR (.bss_CCMRAM)
                0x08000374        0x4 LONG 0x0 (ADDR (.bss_CCMRAM) + SIZEOF (.bss_CCMRAM))
                0x08000378                __bss_regions_array_end = .
 *(.init)
 *(.fini)
                0x08000378                . = ALIGN (0x4)
                0x08000378                PROVIDE (__preinit_array_start, .)
 *(.preinit_array_sysinit .preinit_array_sysinit.*)
 *(.preinit_array_platform .preinit_array_platform.*)
 *(.preinit_array .preinit_array.*)
                0x08000378                PROVIDE (__preinit_array_end, .)
                0x08000378                . = ALIGN (0x4)
                0x08000378                PROVIDE (__init_array_start, .)
 *(SORT_BY_NAME(.init_array.*))
 *(.init_array)
                0x08000378                PROVIDE (__init_array_end, .)
                0x08000378                . = ALIGN (0x4)
                0x08000378                PROVIDE (__fini_array_start, .)
 *(SORT_BY_NAME(.fini_array.*))
 *(.fini_array)
                0x08000378                PROVIDE (__fini_array_end, .)

.flashtext
 *(.flashtext .flashtext.*)

.text           0x08000380     0x2e63
 *(.text .text.*)
 .text._exit    0x08000380        0x2 ./system/src/newlib/_exit.o
                0x08000380                _exit
 *fill*         0x08000382        0x2 
 .text._sbrk    0x08000384       0x44 ./system/src/newlib/_sbrk.o
                0x08000384                _sbrk
 .text.__initialize_args
                0x080003c8       0x10 ./system/src/newlib/_syscalls.o
                0x080003c8                __initialize_args
 .text.trace_printf
                0x080003d8       0x30 ./system/src/diag/Trace.o
                0x080003d8                trace_printf
 .text._trace_write_semihosting_debug
                0x08000408       0x60 ./system/src/diag/trace_impl.o
 .text.trace_write
                0x08000468        0x8 ./system/src/diag/trace_impl.o
                0x08000468                trace_write
 .text.__initialize_hardware_early
                0x08000470       0x18 ./system/src/cortexm/_initialize_hardware.o
                0x08000470                __initialize_hardware_early
 .text.__initialize_hardware
                0x08000488        0x8 ./system/src/cortexm/_initialize_hardware.o
                0x08000488                __initialize_hardware
 .text.dumpExceptionStack
                0x08000490       0xf4 ./system/src/cortexm/exception_handlers.o
                0x08000490                dumpExceptionStack
 .text.isSemihosting
                0x08000584       0x20 ./system/src/cortexm/exception_handlers.o
                0x08000584                isSemihosting
 .text.SetSysClockTo72
                0x080005a4       0xc4 ./system/src/cmsis/system_stm32f10x.o
 .text.SetSysClock
                0x08000668        0x8 ./system/src/cmsis/system_stm32f10x.o
 .text.SystemInit
                0x08000670       0x50 ./system/src/cmsis/system_stm32f10x.o
                0x08000670                SystemInit
 .text.SystemCoreClockUpdate
                0x080006c0       0x94 ./system/src/cmsis/system_stm32f10x.o
                0x080006c0                SystemCoreClockUpdate
 .text.CanIf_Transmit
                0x08000754       0x18 ./src/CanIf.o
                0x08000754                CanIf_Transmit
 .text.PadFrame
                0x0800076c       0x18 ./src/CanTp.o
 .text.StartNewReception
                0x08000784       0x1c ./src/CanTp.o
 .text.StartNewTransmission
                0x080007a0       0x1e ./src/CanTp.o
 .text.ComputeBlockSize
                0x080007be       0x62 ./src/CanTp.o
 .text.ReceiveFlowControlFrame
                0x08000820       0x74 ./src/CanTp.o
 .text.SendNextTxFrame
                0x08000894      0x12c ./src/CanTp.o
 .text.MainFunctionTransmitChannel
                0x080009c0       0xec ./src/CanTp.o
 .text.HandleNextTxFrame
                0x08000aac       0xec ./src/CanTp.o
 .text.SendFlowControlFrame
                0x08000b98      0x100 ./src/CanTp.o
 .text.MainFunctionReceiveChannel
                0x08000c98      0x14c ./src/CanTp.o
 .text.ReceiveConsecutiveFrame
                0x08000de4      0x144 ./src/CanTp.o
 .text.ReceiveSingleFrame
                0x08000f28       0xe8 ./src/CanTp.o
 .text.ReceiveFirstFrame
                0x08001010      0x158 ./src/CanTp.o
 .text.HandleReceivedFrame
                0x08001168      0x16c ./src/CanTp.o
 .text.CanTp_Init
                0x080012d4       0x50 ./src/CanTp.o
                0x080012d4                CanTp_Init
 .text.CanTp_Transmit
                0x08001324      0x10c ./src/CanTp.o
                0x08001324                CanTp_Transmit
 .text.CanTp_MainFunction
                0x08001430       0x84 ./src/CanTp.o
                0x08001430                CanTp_MainFunction
 .text.CanTp_TxConfirmation
                0x080014b4      0x110 ./src/CanTp.o
                0x080014b4                CanTp_TxConfirmation
 .text.CanTp_RxIndication
                0x080015c4       0x40 ./src/CanTp.o
                0x080015c4                CanTp_RxIndication
 .text.Det_ReportError
                0x08001604       0x10 ./src/Det.o
                0x08001604                Det_ReportError
 .text.PduR_CanTpCopyTxData
                0x08001614       0x60 ./src/PduR.o
                0x08001614                PduR_CanTpCopyTxData
 .text.PduR_CanTpTxConfirmation
                0x08001674        0x2 ./src/PduR.o
                0x08001674                PduR_CanTpTxConfirmation
 .text.PduR_CanTpStartOfReception
                0x08001676        0x8 ./src/PduR.o
                0x08001676                PduR_CanTpStartOfReception
 .text.PduR_CanTpCopyRxData
                0x0800167e        0xc ./src/PduR.o
                0x0800167e                PduR_CanTpCopyRxData
 .text.PduR_CanTpRxIndication
                0x0800168a        0x2 ./src/PduR.o
                0x0800168a                PduR_CanTpRxIndication
 .text.RCC_WaitFlagReady
                0x0800168c       0x40 ./src/RCC.o
 .text.Select_SystemClock
                0x080016cc       0x14 ./src/RCC.o
                0x080016cc                Select_SystemClock
 .text.RCC_SetClock
                0x080016e0       0x28 ./src/RCC.o
                0x080016e0                RCC_SetClock
 .text.RCC_EnablePeripheral_APB2
                0x08001708       0x10 ./src/RCC.o
                0x08001708                RCC_EnablePeripheral_APB2
 .text.RCC_EnablePeripheral_APB1
                0x08001718       0x10 ./src/RCC.o
                0x08001718                RCC_EnablePeripheral_APB1
 .text.TransmitTask
                0x08001728       0x44 ./src/main.o
 .text.MainTask
                0x0800176c       0x10 ./src/main.o
 .text.main     0x0800177c       0x68 ./src/main.o
                0x0800177c                main
 .text.prvHeapInit
                0x080017e4       0x64 ./ThirdParty/portable/MemMang/heap_4.o
 .text.prvInsertBlockIntoFreeList
                0x08001848       0x58 ./ThirdParty/portable/MemMang/heap_4.o
 .text.pvPortMalloc
                0x080018a0       0xcc ./ThirdParty/portable/MemMang/heap_4.o
                0x080018a0                pvPortMalloc
 .text.vPortFree
                0x0800196c       0x58 ./ThirdParty/portable/MemMang/heap_4.o
                0x0800196c                vPortFree
 .text.prvTaskExitError
                0x080019c4       0x20 ./ThirdParty/portable/GCC/ARM_CM3/port.o
 .text.prvPortStartFirstTask
                0x080019e4       0x20 ./ThirdParty/portable/GCC/ARM_CM3/port.o
 .text.pxPortInitialiseStack
                0x08001a04       0x24 ./ThirdParty/portable/GCC/ARM_CM3/port.o
                0x08001a04                pxPortInitialiseStack
 *fill*         0x08001a28        0x8 
 .text.vPortSVCHandler
                0x08001a30       0x24 ./ThirdParty/portable/GCC/ARM_CM3/port.o
                0x08001a30                vPortSVCHandler
 .text.vPortEnterCritical
                0x08001a54       0x20 ./ThirdParty/portable/GCC/ARM_CM3/port.o
                0x08001a54                vPortEnterCritical
 .text.vPortExitCritical
                0x08001a74       0x14 ./ThirdParty/portable/GCC/ARM_CM3/port.o
                0x08001a74                vPortExitCritical
 *fill*         0x08001a88        0x8 
 .text.xPortPendSVHandler
                0x08001a90       0x44 ./ThirdParty/portable/GCC/ARM_CM3/port.o
                0x08001a90                xPortPendSVHandler
 .text.xPortSysTickHandler
                0x08001ad4       0x2c ./ThirdParty/portable/GCC/ARM_CM3/port.o
                0x08001ad4                xPortSysTickHandler
 .text.vPortSetupTimerInterrupt
                0x08001b00       0x24 ./ThirdParty/portable/GCC/ARM_CM3/port.o
                0x08001b00                vPortSetupTimerInterrupt
 .text.xPortStartScheduler
                0x08001b24       0x38 ./ThirdParty/portable/GCC/ARM_CM3/port.o
                0x08001b24                xPortStartScheduler
 .text.vListInitialise
                0x08001b5c       0x16 ./ThirdParty/list.o
                0x08001b5c                vListInitialise
 .text.vListInitialiseItem
                0x08001b72        0x6 ./ThirdParty/list.o
                0x08001b72                vListInitialiseItem
 .text.vListInsertEnd
                0x08001b78       0x18 ./ThirdParty/list.o
                0x08001b78                vListInsertEnd
 .text.vListInsert
                0x08001b90       0x34 ./ThirdParty/list.o
                0x08001b90                vListInsert
 .text.uxListRemove
                0x08001bc4       0x28 ./ThirdParty/list.o
                0x08001bc4                uxListRemove
 .text.prvResetNextTaskUnblockTime
                0x08001bec       0x2c ./ThirdParty/tasks.o
 .text.prvDeleteTCB
                0x08001c18       0x12 ./ThirdParty/tasks.o
 .text.prvInitialiseNewTask
                0x08001c2a       0x8c ./ThirdParty/tasks.o
 *fill*         0x08001cb6        0x2 
 .text.prvInitialiseTaskLists
                0x08001cb8       0x68 ./ThirdParty/tasks.o
 .text.prvAddNewTaskToReadyList
                0x08001d20       0xa8 ./ThirdParty/tasks.o
 .text.prvCheckTasksWaitingTermination
                0x08001dc8       0x4c ./ThirdParty/tasks.o
 .text.prvIdleTask
                0x08001e14       0x28 ./ThirdParty/tasks.o
 .text.prvAddCurrentTaskToDelayedList
                0x08001e3c       0x98 ./ThirdParty/tasks.o
 .text.xTaskCreate
                0x08001ed4       0x62 ./ThirdParty/tasks.o
                0x08001ed4                xTaskCreate
 *fill*         0x08001f36        0x2 
 .text.vTaskStartScheduler
                0x08001f38       0x64 ./ThirdParty/tasks.o
                0x08001f38                vTaskStartScheduler
 .text.vTaskSuspendAll
                0x08001f9c       0x10 ./ThirdParty/tasks.o
                0x08001f9c                vTaskSuspendAll
 .text.xTaskIncrementTick
                0x08001fac      0x100 ./ThirdParty/tasks.o
                0x08001fac                xTaskIncrementTick
 .text.xTaskResumeAll
                0x080020ac       0xe4 ./ThirdParty/tasks.o
                0x080020ac                xTaskResumeAll
 .text.vTaskDelay
                0x08002190       0x34 ./ThirdParty/tasks.o
                0x08002190                vTaskDelay
 .text.vTaskSwitchContext
                0x080021c4       0x7c ./ThirdParty/tasks.o
                0x080021c4                vTaskSwitchContext
 .text          0x08002240      0x378 d:/iti intake 40/embedded tools/arm environment/imt_sdk_win_64/imt_sdk_win_64/winarm/armgcc/bin/../lib/gcc/arm-none-eabi/7.2.1/thumb/v7-m\libgcc.a(_arm_addsubdf3.o)
                0x08002240                __aeabi_drsub
                0x08002248                __aeabi_dsub
                0x08002248                __subdf3
                0x0800224c                __aeabi_dadd
                0x0800224c                __adddf3
                0x080024c4                __floatunsidf
                0x080024c4                __aeabi_ui2d
                0x080024e4                __floatsidf
                0x080024e4                __aeabi_i2d
                0x08002508                __aeabi_f2d
                0x08002508                __extendsfdf2
                0x0800254c                __floatundidf
                0x0800254c                __aeabi_ul2d
                0x0800255c                __floatdidf
                0x0800255c                __aeabi_l2d
 .text          0x080025b8       0x40 d:/iti intake 40/embedded tools/arm environment/imt_sdk_win_64/imt_sdk_win_64/winarm/armgcc/bin/../lib/gcc/arm-none-eabi/7.2.1/thumb/v7-m\libgcc.a(_arm_fixunsdfsi.o)
                0x080025b8                __aeabi_d2uiz
                0x080025b8                __fixunsdfsi
 .text.__errno  0x080025f8        0xc d:/iti intake 40/embedded tools/arm environment/imt_sdk_win_64/imt_sdk_win_64/winarm/armgcc/bin/../lib/gcc/arm-none-eabi/7.2.1/../../../../arm-none-eabi/lib/thumb/v7-m\libg_nano.a(lib_a-errno.o)
                0x080025f8                __errno
 .text.memcpy   0x08002604       0x16 d:/iti intake 40/embedded tools/arm environment/imt_sdk_win_64/imt_sdk_win_64/winarm/armgcc/bin/../lib/gcc/arm-none-eabi/7.2.1/../../../../arm-none-eabi/lib/thumb/v7-m\libg_nano.a(lib_a-memcpy-stub.o)
                0x08002604                memcpy
 .text._vsnprintf_r
                0x0800261a       0x58 d:/iti intake 40/embedded tools/arm environment/imt_sdk_win_64/imt_sdk_win_64/winarm/armgcc/bin/../lib/gcc/arm-none-eabi/7.2.1/../../../../arm-none-eabi/lib/thumb/v7-m\libg_nano.a(lib_a-vsnprintf.o)
                0x0800261a                _vsniprintf_r
                0x0800261a                _vsnprintf_r
 *fill*         0x08002672        0x2 
 .text.vsnprintf
                0x08002674       0x1c d:/iti intake 40/embedded tools/arm environment/imt_sdk_win_64/imt_sdk_win_64/winarm/armgcc/bin/../lib/gcc/arm-none-eabi/7.2.1/../../../../arm-none-eabi/lib/thumb/v7-m\libg_nano.a(lib_a-vsnprintf.o)
                0x08002674                vsniprintf
                0x08002674                vsnprintf
 .text.__ssputs_r
                0x08002690       0xb4 d:/iti intake 40/embedded tools/arm environment/imt_sdk_win_64/imt_sdk_win_64/winarm/armgcc/bin/../lib/gcc/arm-none-eabi/7.2.1/../../../../arm-none-eabi/lib/thumb/v7-m\libg_nano.a(lib_a-nano-svfprintf.o)
                0x08002690                __ssputs_r
 .text._svfprintf_r
                0x08002744      0x1ec d:/iti intake 40/embedded tools/arm environment/imt_sdk_win_64/imt_sdk_win_64/winarm/armgcc/bin/../lib/gcc/arm-none-eabi/7.2.1/../../../../arm-none-eabi/lib/thumb/v7-m\libg_nano.a(lib_a-nano-svfprintf.o)
                0x08002744                _svfiprintf_r
                0x08002744                _svfprintf_r
 .text._printf_common
                0x08002930       0xec d:/iti intake 40/embedded tools/arm environment/imt_sdk_win_64/imt_sdk_win_64/winarm/armgcc/bin/../lib/gcc/arm-none-eabi/7.2.1/../../../../arm-none-eabi/lib/thumb/v7-m\libg_nano.a(lib_a-nano-vfprintf_i.o)
                0x08002930                _printf_common
 .text._printf_i
                0x08002a1c      0x224 d:/iti intake 40/embedded tools/arm environment/imt_sdk_win_64/imt_sdk_win_64/winarm/armgcc/bin/../lib/gcc/arm-none-eabi/7.2.1/../../../../arm-none-eabi/lib/thumb/v7-m\libg_nano.a(lib_a-nano-vfprintf_i.o)
                0x08002a1c                _printf_i
 .text.memchr   0x08002c40       0x1c d:/iti intake 40/embedded tools/arm environment/imt_sdk_win_64/imt_sdk_win_64/winarm/armgcc/bin/../lib/gcc/arm-none-eabi/7.2.1/../../../../arm-none-eabi/lib/thumb/v7-m\libg_nano.a(lib_a-memchr-stub.o)
                0x08002c40                memchr
 .text.memmove  0x08002c5c       0x32 d:/iti intake 40/embedded tools/arm environment/imt_sdk_win_64/imt_sdk_win_64/winarm/armgcc/bin/../lib/gcc/arm-none-eabi/7.2.1/../../../../arm-none-eabi/lib/thumb/v7-m\libg_nano.a(lib_a-memmove.o)
                0x08002c5c                memmove
 *fill*         0x08002c8e        0x2 
 .text._free_r  0x08002c90       0x98 d:/iti intake 40/embedded tools/arm environment/imt_sdk_win_64/imt_sdk_win_64/winarm/armgcc/bin/../lib/gcc/arm-none-eabi/7.2.1/../../../../arm-none-eabi/lib/thumb/v7-m\libg_nano.a(lib_a-nano-freer.o)
                0x08002c90                _free_r
 .text._malloc_r
                0x08002d28       0xb4 d:/iti intake 40/embedded tools/arm environment/imt_sdk_win_64/imt_sdk_win_64/winarm/armgcc/bin/../lib/gcc/arm-none-eabi/7.2.1/../../../../arm-none-eabi/lib/thumb/v7-m\libg_nano.a(lib_a-nano-mallocr.o)
                0x08002d28                _malloc_r
 .text._realloc_r
                0x08002ddc       0x4c d:/iti intake 40/embedded tools/arm environment/imt_sdk_win_64/imt_sdk_win_64/winarm/armgcc/bin/../lib/gcc/arm-none-eabi/7.2.1/../../../../arm-none-eabi/lib/thumb/v7-m\libg_nano.a(lib_a-nano-reallocr.o)
                0x08002ddc                _realloc_r
 .text._sbrk_r  0x08002e28       0x20 d:/iti intake 40/embedded tools/arm environment/imt_sdk_win_64/imt_sdk_win_64/winarm/armgcc/bin/../lib/gcc/arm-none-eabi/7.2.1/../../../../arm-none-eabi/lib/thumb/v7-m\libg_nano.a(lib_a-sbrkr.o)
                0x08002e28                _sbrk_r
 .text.__malloc_lock
                0x08002e48        0x2 d:/iti intake 40/embedded tools/arm environment/imt_sdk_win_64/imt_sdk_win_64/winarm/armgcc/bin/../lib/gcc/arm-none-eabi/7.2.1/../../../../arm-none-eabi/lib/thumb/v7-m\libg_nano.a(lib_a-mlock.o)
                0x08002e48                __malloc_lock
 .text.__malloc_unlock
                0x08002e4a        0x2 d:/iti intake 40/embedded tools/arm environment/imt_sdk_win_64/imt_sdk_win_64/winarm/armgcc/bin/../lib/gcc/arm-none-eabi/7.2.1/../../../../arm-none-eabi/lib/thumb/v7-m\libg_nano.a(lib_a-mlock.o)
                0x08002e4a                __malloc_unlock
 .text._malloc_usable_size_r
                0x08002e4c       0x10 d:/iti intake 40/embedded tools/arm environment/imt_sdk_win_64/imt_sdk_win_64/winarm/armgcc/bin/../lib/gcc/arm-none-eabi/7.2.1/../../../../arm-none-eabi/lib/thumb/v7-m\libg_nano.a(lib_a-nano-msizer.o)
                0x08002e4c                _malloc_usable_size_r
 *(.rodata .rodata.* .constdata .constdata.*)
 .rodata.dumpExceptionStack.str1.4
                0x08002e5c      0x11a ./system/src/cortexm/exception_handlers.o
 *fill*         0x08002f76        0x2 
 .rodata.str1.4
                0x08002f78       0x2a ./system/src/cortexm/exception_handlers.o
 *fill*         0x08002fa2        0x2 
 .rodata.CanTp_Transmit.str1.4
                0x08002fa4       0x16 ./src/CanTp.o
 *fill*         0x08002fba        0x2 
 .rodata.HandleNextTxFrame.str1.4
                0x08002fbc       0x2f ./src/CanTp.o
 *fill*         0x08002feb        0x1 
 .rodata.HandleReceivedFrame.str1.4
                0x08002fec       0x23 ./src/CanTp.o
 *fill*         0x0800300f        0x1 
 .rodata.MainFunctionTransmitChannel.str1.4
                0x08003010       0x10 ./src/CanTp.o
 .rodata.SendFlowControlFrame.str1.4
                0x08003020       0x1f ./src/CanTp.o
 *fill*         0x0800303f        0x1 
 .rodata.SendNextTxFrame.str1.4
                0x08003040       0x25 ./src/CanTp.o
 *fill*         0x08003065        0x3 
 .rodata.CanTpRxNSdu
                0x08003068       0x80 ./src/CanTp_LCfg.o
                0x08003068                CanTpRxNSdu
 .rodata.CanTpTxNSdu
                0x080030e8       0x50 ./src/CanTp_LCfg.o
                0x080030e8                CanTpTxNSdu
 .rodata.Det_ReportError.str1.4
                0x08003138       0x1c ./src/Det.o
 .rodata.CanTp_LowerLayerUser_LookUpTable_Tx
                0x08003154        0x8 ./src/ECUC.o
                0x08003154                CanTp_LowerLayerUser_LookUpTable_Tx
 .rodata.CanTp_UpperLayerUser_LookUpTable_Rx
                0x0800315c        0x4 ./src/ECUC.o
                0x0800315c                CanTp_UpperLayerUser_LookUpTable_Rx
 .rodata.CanTp_UpperLayerUser_LookUpTable_Tx
                0x08003160        0x4 ./src/ECUC.o
                0x08003160                CanTp_UpperLayerUser_LookUpTable_Tx
 .rodata        0x08003164       0x11 ./src/PduR.o
 *fill*         0x08003175        0x3 
 .rodata        0x08003178       0x11 ./src/main.o
 *fill*         0x08003189        0x3 
 .rodata.main.str1.4
                0x0800318c       0x19 ./src/main.o
 *fill*         0x080031a5        0x3 
 .rodata.vTaskStartScheduler.str1.4
                0x080031a8        0x8 ./ThirdParty/tasks.o
                                  0x5 (size before relaxing)
 .rodata._svfprintf_r.str1.1
                0x080031b0       0x11 d:/iti intake 40/embedded tools/arm environment/imt_sdk_win_64/imt_sdk_win_64/winarm/armgcc/bin/../lib/gcc/arm-none-eabi/7.2.1/../../../../arm-none-eabi/lib/thumb/v7-m\libg_nano.a(lib_a-nano-svfprintf.o)
 .rodata._printf_i.str1.1
                0x080031c1       0x22 d:/iti intake 40/embedded tools/arm environment/imt_sdk_win_64/imt_sdk_win_64/winarm/armgcc/bin/../lib/gcc/arm-none-eabi/7.2.1/../../../../arm-none-eabi/lib/thumb/v7-m\libg_nano.a(lib_a-nano-vfprintf_i.o)
 *(vtable)
 *(.eh_frame*)
 *(.glue_7)
 .glue_7        0x080031e3        0x0 linker stubs
 *(.glue_7t)
 .glue_7t       0x080031e3        0x0 linker stubs

.vfp11_veneer   0x080031e4        0x0
 .vfp11_veneer  0x080031e4        0x0 linker stubs

.v4_bx          0x080031e4        0x0
 .v4_bx         0x080031e4        0x0 linker stubs

.iplt           0x080031e4        0x0
 .iplt          0x080031e4        0x0 ./system/src/newlib/_exit.o

.rel.dyn        0x080031e4        0x0
 .rel.iplt      0x080031e4        0x0 ./system/src/newlib/_exit.o

.ARM.extab
 *(.ARM.extab* .gnu.linkonce.armextab.*)
                0x080031e4                . = ALIGN (0x4)
                0x080031e4                __exidx_start = .

.ARM.exidx
 *(.ARM.exidx* .gnu.linkonce.armexidx.*)
                0x080031e4                __exidx_end = .
                0x080031e4                . = ALIGN (0x4)
                0x080031e4                _etext = .
                0x080031e4                __etext = .

.data_CCMRAM    0x00000000        0x0 load address 0x080031e4
 FILL mask 0xff
 *(.data.CCMRAM .data.CCMRAM.*)
                0x00000000                . = ALIGN (0x4)
                0x080031e4                _sidata = LOADADDR (.data)

.data           0x20000000       0x9c load address 0x080031e4
 FILL mask 0xff
                0x20000000                _sdata = .
                0x20000000                __data_start__ = .
 *(.data_begin .data_begin.*)
 .data_begin    0x20000000        0x4 ./system/src/newlib/_startup.o
 *(.data .data.*)
 .data.argv.4310
                0x20000004        0x8 ./system/src/newlib/_syscalls.o
 .data.AHBPrescTable
                0x2000000c       0x10 ./system/src/cmsis/system_stm32f10x.o
                0x2000000c                AHBPrescTable
 .data.SystemCoreClock
                0x2000001c        0x4 ./system/src/cmsis/system_stm32f10x.o
                0x2000001c                SystemCoreClock
 .data.ChannelInfo
                0x20000020        0xc ./src/CanTp_LCfg.o
                0x20000020                ChannelInfo
 .data.flag     0x2000002c        0x4 ./src/main.o
                0x2000002c                flag
 .data.uxCriticalNesting
                0x20000030        0x4 ./ThirdParty/portable/GCC/ARM_CM3/port.o
 .data._impure_ptr
                0x20000034        0x4 d:/iti intake 40/embedded tools/arm environment/imt_sdk_win_64/imt_sdk_win_64/winarm/armgcc/bin/../lib/gcc/arm-none-eabi/7.2.1/../../../../arm-none-eabi/lib/thumb/v7-m\libg_nano.a(lib_a-impure.o)
                0x20000034                _impure_ptr
 .data.impure_data
                0x20000038       0x60 d:/iti intake 40/embedded tools/arm environment/imt_sdk_win_64/imt_sdk_win_64/winarm/armgcc/bin/../lib/gcc/arm-none-eabi/7.2.1/../../../../arm-none-eabi/lib/thumb/v7-m\libg_nano.a(lib_a-impure.o)
 *(.data_end .data_end.*)
 .data_end      0x20000098        0x4 ./system/src/newlib/_startup.o
                0x2000009c                . = ALIGN (0x4)
                0x2000009c                _edata = .
                0x2000009c                __data_end__ = .

.igot.plt       0x2000009c        0x0 load address 0x08003280
 .igot.plt      0x2000009c        0x0 ./system/src/newlib/_exit.o

.bss_CCMRAM     0x00000000        0x0
 *(.bss.CCMRAM .bss.CCMRAM.*)

.bss            0x2000009c     0x469c
                0x2000009c                __bss_start__ = .
                0x2000009c                _sbss = .
 *(.bss_begin .bss_begin.*)
 .bss_begin     0x2000009c        0x4 ./system/src/newlib/_startup.o
 *(.bss .bss.*)
 .bss.current_heap_end.3961
                0x200000a0        0x4 ./system/src/newlib/_sbrk.o
 .bss.name.4309
                0x200000a4        0x1 ./system/src/newlib/_syscalls.o
 *fill*         0x200000a5        0x3 
 .bss.buf.5205  0x200000a8       0x80 ./system/src/diag/Trace.o
 .bss.FCWaitCount.4557
                0x20000128        0x1 ./src/CanTp.o
 .bss.InternalState
                0x20000129        0x1 ./src/CanTp.o
                0x20000129                InternalState
 .bss.count.3693
                0x2000012a        0x1 ./src/PduR.o
 *fill*         0x2000012b        0x1 
 .bss.pxEnd     0x2000012c        0x4 ./ThirdParty/portable/MemMang/heap_4.o
 .bss.ucHeap    0x20000130     0x4400 ./ThirdParty/portable/MemMang/heap_4.o
 .bss.xBlockAllocatedBit
                0x20004530        0x4 ./ThirdParty/portable/MemMang/heap_4.o
 .bss.xFreeBytesRemaining
                0x20004534        0x4 ./ThirdParty/portable/MemMang/heap_4.o
 .bss.xMinimumEverFreeBytesRemaining
                0x20004538        0x4 ./ThirdParty/portable/MemMang/heap_4.o
 .bss.xNumberOfSuccessfulAllocations
                0x2000453c        0x4 ./ThirdParty/portable/MemMang/heap_4.o
 .bss.xNumberOfSuccessfulFrees
                0x20004540        0x4 ./ThirdParty/portable/MemMang/heap_4.o
 .bss.xStart    0x20004544        0x8 ./ThirdParty/portable/MemMang/heap_4.o
 .bss.pxCurrentTCB
                0x2000454c        0x4 ./ThirdParty/tasks.o
                0x2000454c                pxCurrentTCB
 .bss.pxDelayedTaskList
                0x20004550        0x4 ./ThirdParty/tasks.o
 .bss.pxOverflowDelayedTaskList
                0x20004554        0x4 ./ThirdParty/tasks.o
 .bss.pxReadyTasksLists
                0x20004558       0x64 ./ThirdParty/tasks.o
 .bss.uxCurrentNumberOfTasks
                0x200045bc        0x4 ./ThirdParty/tasks.o
 .bss.uxDeletedTasksWaitingCleanUp
                0x200045c0        0x4 ./ThirdParty/tasks.o
 .bss.uxSchedulerSuspended
                0x200045c4        0x4 ./ThirdParty/tasks.o
 .bss.uxTaskNumber
                0x200045c8        0x4 ./ThirdParty/tasks.o
 .bss.uxTopReadyPriority
                0x200045cc        0x4 ./ThirdParty/tasks.o
 .bss.xDelayedTaskList1
                0x200045d0       0x14 ./ThirdParty/tasks.o
 .bss.xDelayedTaskList2
                0x200045e4       0x14 ./ThirdParty/tasks.o
 .bss.xIdleTaskHandle
                0x200045f8        0x4 ./ThirdParty/tasks.o
 .bss.xNextTaskUnblockTime
                0x200045fc        0x4 ./ThirdParty/tasks.o
 .bss.xNumOfOverflows
                0x20004600        0x4 ./ThirdParty/tasks.o
 .bss.xPendedTicks
                0x20004604        0x4 ./ThirdParty/tasks.o
 .bss.xPendingReadyList
                0x20004608       0x14 ./ThirdParty/tasks.o
 .bss.xSchedulerRunning
                0x2000461c        0x4 ./ThirdParty/tasks.o
 .bss.xSuspendedTaskList
                0x20004620       0x14 ./ThirdParty/tasks.o
 .bss.xTasksWaitingTermination
                0x20004634       0x14 ./ThirdParty/tasks.o
 .bss.xTickCount
                0x20004648        0x4 ./ThirdParty/tasks.o
 .bss.xYieldPending
                0x2000464c        0x4 ./ThirdParty/tasks.o
 .bss.__malloc_free_list
                0x20004650        0x4 d:/iti intake 40/embedded tools/arm environment/imt_sdk_win_64/imt_sdk_win_64/winarm/armgcc/bin/../lib/gcc/arm-none-eabi/7.2.1/../../../../arm-none-eabi/lib/thumb/v7-m\libg_nano.a(lib_a-nano-mallocr.o)
                0x20004650                __malloc_free_list
 .bss.__malloc_sbrk_start
                0x20004654        0x4 d:/iti intake 40/embedded tools/arm environment/imt_sdk_win_64/imt_sdk_win_64/winarm/armgcc/bin/../lib/gcc/arm-none-eabi/7.2.1/../../../../arm-none-eabi/lib/thumb/v7-m\libg_nano.a(lib_a-nano-mallocr.o)
                0x20004654                __malloc_sbrk_start
 *(COMMON)
 COMMON         0x20004658        0x4 ./system/src/newlib/_syscalls.o
                0x20004658                errno
 COMMON         0x2000465c       0xd8 ./src/CanTp.o
                0x2000465c                g_DataCanIf
                0x20004664                CanTpRunTimeRxData
                0x200046cc                CanTpRunTimeTxData
 *(.bss_end .bss_end.*)
 .bss_end       0x20004734        0x4 ./system/src/newlib/_startup.o
                0x20004738                . = ALIGN (0x4)
                0x20004738                __bss_end__ = .
                0x20004738                _ebss = .

.noinit_CCMRAM
 *(.noinit.CCMRAM .noinit.CCMRAM.*)

.noinit         0x20004738        0x0
                0x20004738                _noinit = .
 *(.noinit .noinit.*)
                0x20004738                . = ALIGN (0x4)
                0x20004738                _end_noinit = .
                [!provide]                PROVIDE (end, _end_noinit)
                [!provide]                PROVIDE (_end, _end_noinit)
                [!provide]                PROVIDE (__end, _end_noinit)
                [!provide]                PROVIDE (__end__, _end_noinit)

._check_stack   0x20004738      0x100
                0x20004838                . = (. + _Minimum_Stack_Size)
 *fill*         0x20004738      0x100 

.b1text
 *(.b1text)
 *(.b1rodata)
 *(.b1rodata.*)

.eb0text
 *(.eb0text)
 *(.eb0rodata)
 *(.eb0rodata.*)

.eb1text
 *(.eb1text)
 *(.eb1rodata)
 *(.eb1rodata.*)

.eb2text
 *(.eb2text)
 *(.eb2rodata)
 *(.eb2rodata.*)

.eb3text
 *(.eb3text)
 *(.eb3rodata)
 *(.eb3rodata.*)

.stab
 *(.stab)

.stabstr
 *(.stabstr)

.stab.excl
 *(.stab.excl)

.stab.exclstr
 *(.stab.exclstr)

.stab.index
 *(.stab.index)

.stab.indexstr
 *(.stab.indexstr)

.comment        0x00000000       0x7e
 *(.comment)
 .comment       0x00000000       0x7e ./system/src/newlib/_exit.o
                                 0x7f (size before relaxing)
 .comment       0x0000007e       0x7f ./system/src/newlib/_sbrk.o
 .comment       0x0000007e       0x7f ./system/src/newlib/_startup.o
 .comment       0x0000007e       0x7f ./system/src/newlib/_syscalls.o
 .comment       0x0000007e       0x7f ./system/src/diag/Trace.o
 .comment       0x0000007e       0x7f ./system/src/diag/trace_impl.o
 .comment       0x0000007e       0x7f ./system/src/cortexm/_initialize_hardware.o
 .comment       0x0000007e       0x7f ./system/src/cortexm/exception_handlers.o
 .comment       0x0000007e       0x7f ./system/src/cmsis/system_stm32f10x.o
 .comment       0x0000007e       0x7f ./system/src/cmsis/vectors_stm32f10x.o
 .comment       0x0000007e       0x7f ./src/CanIf.o
 .comment       0x0000007e       0x7f ./src/CanTp.o
 .comment       0x0000007e       0x7f ./src/CanTp_LCfg.o
 .comment       0x0000007e       0x7f ./src/Det.o
 .comment       0x0000007e       0x7f ./src/ECUC.o
 .comment       0x0000007e       0x7f ./src/PduR.o
 .comment       0x0000007e       0x7f ./src/RCC.o
 .comment       0x0000007e       0x7f ./src/main.o
 .comment       0x0000007e       0x7f ./ThirdParty/portable/MemMang/heap_4.o
 .comment       0x0000007e       0x7f ./ThirdParty/portable/GCC/ARM_CM3/port.o
 .comment       0x0000007e       0x7f ./ThirdParty/list.o
 .comment       0x0000007e       0x7f ./ThirdParty/tasks.o

.ARM.attributes
                0x00000000       0x31
 .ARM.attributes
                0x00000000       0x33 ./system/src/newlib/_exit.o
 .ARM.attributes
                0x00000033       0x33 ./system/src/newlib/_sbrk.o
 .ARM.attributes
                0x00000066       0x33 ./system/src/newlib/_startup.o
 .ARM.attributes
                0x00000099       0x33 ./system/src/newlib/_syscalls.o
 .ARM.attributes
                0x000000cc       0x33 ./system/src/diag/Trace.o
 .ARM.attributes
                0x000000ff       0x33 ./system/src/diag/trace_impl.o
 .ARM.attributes
                0x00000132       0x33 ./system/src/cortexm/_initialize_hardware.o
 .ARM.attributes
                0x00000165       0x33 ./system/src/cortexm/exception_handlers.o
 .ARM.attributes
                0x00000198       0x33 ./system/src/cmsis/system_stm32f10x.o
 .ARM.attributes
                0x000001cb       0x33 ./system/src/cmsis/vectors_stm32f10x.o
 .ARM.attributes
                0x000001fe       0x33 ./src/CanIf.o
 .ARM.attributes
                0x00000231       0x33 ./src/CanTp.o
 .ARM.attributes
                0x00000264       0x33 ./src/CanTp_LCfg.o
 .ARM.attributes
                0x00000297       0x33 ./src/Det.o
 .ARM.attributes
                0x000002ca       0x33 ./src/ECUC.o
 .ARM.attributes
                0x000002fd       0x33 ./src/PduR.o
 .ARM.attributes
                0x00000330       0x33 ./src/RCC.o
 .ARM.attributes
                0x00000363       0x33 ./src/main.o
 .ARM.attributes
                0x00000396       0x33 ./ThirdParty/portable/MemMang/heap_4.o
 .ARM.attributes
                0x000003c9       0x33 ./ThirdParty/portable/GCC/ARM_CM3/port.o
 .ARM.attributes
                0x000003fc       0x33 ./ThirdParty/list.o
 .ARM.attributes
                0x0000042f       0x33 ./ThirdParty/tasks.o
 .ARM.attributes
                0x00000462       0x1d d:/iti intake 40/embedded tools/arm environment/imt_sdk_win_64/imt_sdk_win_64/winarm/armgcc/bin/../lib/gcc/arm-none-eabi/7.2.1/thumb/v7-m\libgcc.a(_arm_addsubdf3.o)
 .ARM.attributes
                0x0000047f       0x1d d:/iti intake 40/embedded tools/arm environment/imt_sdk_win_64/imt_sdk_win_64/winarm/armgcc/bin/../lib/gcc/arm-none-eabi/7.2.1/thumb/v7-m\libgcc.a(_arm_fixunsdfsi.o)
 .ARM.attributes
                0x0000049c       0x2d d:/iti intake 40/embedded tools/arm environment/imt_sdk_win_64/imt_sdk_win_64/winarm/armgcc/bin/../lib/gcc/arm-none-eabi/7.2.1/../../../../arm-none-eabi/lib/thumb/v7-m\libg_nano.a(lib_a-errno.o)
 .ARM.attributes
                0x000004c9       0x2d d:/iti intake 40/embedded tools/arm environment/imt_sdk_win_64/imt_sdk_win_64/winarm/armgcc/bin/../lib/gcc/arm-none-eabi/7.2.1/../../../../arm-none-eabi/lib/thumb/v7-m\libg_nano.a(lib_a-impure.o)
 .ARM.attributes
                0x000004f6       0x2d d:/iti intake 40/embedded tools/arm environment/imt_sdk_win_64/imt_sdk_win_64/winarm/armgcc/bin/../lib/gcc/arm-none-eabi/7.2.1/../../../../arm-none-eabi/lib/thumb/v7-m\libg_nano.a(lib_a-memcpy-stub.o)
 .ARM.attributes
                0x00000523       0x2d d:/iti intake 40/embedded tools/arm environment/imt_sdk_win_64/imt_sdk_win_64/winarm/armgcc/bin/../lib/gcc/arm-none-eabi/7.2.1/../../../../arm-none-eabi/lib/thumb/v7-m\libg_nano.a(lib_a-vsnprintf.o)
 .ARM.attributes
                0x00000550       0x2d d:/iti intake 40/embedded tools/arm environment/imt_sdk_win_64/imt_sdk_win_64/winarm/armgcc/bin/../lib/gcc/arm-none-eabi/7.2.1/../../../../arm-none-eabi/lib/thumb/v7-m\libg_nano.a(lib_a-nano-svfprintf.o)
 .ARM.attributes
                0x0000057d       0x2d d:/iti intake 40/embedded tools/arm environment/imt_sdk_win_64/imt_sdk_win_64/winarm/armgcc/bin/../lib/gcc/arm-none-eabi/7.2.1/../../../../arm-none-eabi/lib/thumb/v7-m\libg_nano.a(lib_a-nano-vfprintf_i.o)
 .ARM.attributes
                0x000005aa       0x2d d:/iti intake 40/embedded tools/arm environment/imt_sdk_win_64/imt_sdk_win_64/winarm/armgcc/bin/../lib/gcc/arm-none-eabi/7.2.1/../../../../arm-none-eabi/lib/thumb/v7-m\libg_nano.a(lib_a-memchr-stub.o)
 .ARM.attributes
                0x000005d7       0x2d d:/iti intake 40/embedded tools/arm environment/imt_sdk_win_64/imt_sdk_win_64/winarm/armgcc/bin/../lib/gcc/arm-none-eabi/7.2.1/../../../../arm-none-eabi/lib/thumb/v7-m\libg_nano.a(lib_a-memmove.o)
 .ARM.attributes
                0x00000604       0x2d d:/iti intake 40/embedded tools/arm environment/imt_sdk_win_64/imt_sdk_win_64/winarm/armgcc/bin/../lib/gcc/arm-none-eabi/7.2.1/../../../../arm-none-eabi/lib/thumb/v7-m\libg_nano.a(lib_a-nano-freer.o)
 .ARM.attributes
                0x00000631       0x2d d:/iti intake 40/embedded tools/arm environment/imt_sdk_win_64/imt_sdk_win_64/winarm/armgcc/bin/../lib/gcc/arm-none-eabi/7.2.1/../../../../arm-none-eabi/lib/thumb/v7-m\libg_nano.a(lib_a-nano-mallocr.o)
 .ARM.attributes
                0x0000065e       0x2d d:/iti intake 40/embedded tools/arm environment/imt_sdk_win_64/imt_sdk_win_64/winarm/armgcc/bin/../lib/gcc/arm-none-eabi/7.2.1/../../../../arm-none-eabi/lib/thumb/v7-m\libg_nano.a(lib_a-nano-reallocr.o)
 .ARM.attributes
                0x0000068b       0x2d d:/iti intake 40/embedded tools/arm environment/imt_sdk_win_64/imt_sdk_win_64/winarm/armgcc/bin/../lib/gcc/arm-none-eabi/7.2.1/../../../../arm-none-eabi/lib/thumb/v7-m\libg_nano.a(lib_a-sbrkr.o)
 .ARM.attributes
                0x000006b8       0x2d d:/iti intake 40/embedded tools/arm environment/imt_sdk_win_64/imt_sdk_win_64/winarm/armgcc/bin/../lib/gcc/arm-none-eabi/7.2.1/../../../../arm-none-eabi/lib/thumb/v7-m\libg_nano.a(lib_a-mlock.o)
 .ARM.attributes
                0x000006e5       0x2d d:/iti intake 40/embedded tools/arm environment/imt_sdk_win_64/imt_sdk_win_64/winarm/armgcc/bin/../lib/gcc/arm-none-eabi/7.2.1/../../../../arm-none-eabi/lib/thumb/v7-m\libg_nano.a(lib_a-nano-msizer.o)

.debug
 *(.debug)

.line
 *(.line)

.debug_srcinfo
 *(.debug_srcinfo)

.debug_sfnames
 *(.debug_sfnames)

.debug_aranges  0x00000000      0x710
 *(.debug_aranges)
 .debug_aranges
                0x00000000       0x28 ./system/src/newlib/_exit.o
 .debug_aranges
                0x00000028       0x20 ./system/src/newlib/_sbrk.o
 .debug_aranges
                0x00000048       0x40 ./system/src/newlib/_startup.o
 .debug_aranges
                0x00000088       0x30 ./system/src/newlib/_syscalls.o
 .debug_aranges
                0x000000b8       0x38 ./system/src/diag/Trace.o
 .debug_aranges
                0x000000f0       0x30 ./system/src/diag/trace_impl.o
 .debug_aranges
                0x00000120       0x28 ./system/src/cortexm/_initialize_hardware.o
 .debug_aranges
                0x00000148       0x90 ./system/src/cortexm/exception_handlers.o
 .debug_aranges
                0x000001d8       0x38 ./system/src/cmsis/system_stm32f10x.o
 .debug_aranges
                0x00000210       0x20 ./system/src/cmsis/vectors_stm32f10x.o
 .debug_aranges
                0x00000230       0x20 ./src/CanIf.o
 .debug_aranges
                0x00000250       0xb8 ./src/CanTp.o
 .debug_aranges
                0x00000308       0x18 ./src/CanTp_LCfg.o
 .debug_aranges
                0x00000320       0x20 ./src/Det.o
 .debug_aranges
                0x00000340       0x18 ./src/ECUC.o
 .debug_aranges
                0x00000358       0x40 ./src/PduR.o
 .debug_aranges
                0x00000398       0x80 ./src/RCC.o
 .debug_aranges
                0x00000418       0x40 ./src/main.o
 .debug_aranges
                0x00000458       0x58 ./ThirdParty/portable/MemMang/heap_4.o
 .debug_aranges
                0x000004b0       0x70 ./ThirdParty/portable/GCC/ARM_CM3/port.o
 .debug_aranges
                0x00000520       0x40 ./ThirdParty/list.o
 .debug_aranges
                0x00000560      0x1b0 ./ThirdParty/tasks.o

.debug_pubnames
 *(.debug_pubnames)

.debug_info     0x00000000     0xb128
 *(.debug_info .gnu.linkonce.wi.*)
 .debug_info    0x00000000      0x956 ./system/src/newlib/_exit.o
 .debug_info    0x00000956      0x942 ./system/src/newlib/_sbrk.o
 .debug_info    0x00001298      0x42e ./system/src/newlib/_startup.o
 .debug_info    0x000016c6      0xa19 ./system/src/newlib/_syscalls.o
 .debug_info    0x000020df      0xb2a ./system/src/diag/Trace.o
 .debug_info    0x00002c09      0x363 ./system/src/diag/trace_impl.o
 .debug_info    0x00002f6c      0x2b5 ./system/src/cortexm/_initialize_hardware.o
 .debug_info    0x00003221     0x1140 ./system/src/cortexm/exception_handlers.o
 .debug_info    0x00004361      0x494 ./system/src/cmsis/system_stm32f10x.o
 .debug_info    0x000047f5       0xca ./system/src/cmsis/vectors_stm32f10x.o
 .debug_info    0x000048bf      0x16f ./src/CanIf.o
 .debug_info    0x00004a2e     0x1600 ./src/CanTp.o
 .debug_info    0x0000602e      0x2a7 ./src/CanTp_LCfg.o
 .debug_info    0x000062d5      0x16f ./src/Det.o
 .debug_info    0x00006444      0x12c ./src/ECUC.o
 .debug_info    0x00006570      0x2b7 ./src/PduR.o
 .debug_info    0x00006827      0x39c ./src/RCC.o
 .debug_info    0x00006bc3      0x415 ./src/main.o
 .debug_info    0x00006fd8      0xcc2 ./ThirdParty/portable/MemMang/heap_4.o
 .debug_info    0x00007c9a      0x320 ./ThirdParty/portable/GCC/ARM_CM3/port.o
 .debug_info    0x00007fba      0xac2 ./ThirdParty/list.o
 .debug_info    0x00008a7c     0x26ac ./ThirdParty/tasks.o

.debug_abbrev   0x00000000     0x2553
 *(.debug_abbrev)
 .debug_abbrev  0x00000000      0x1f3 ./system/src/newlib/_exit.o
 .debug_abbrev  0x000001f3      0x1fc ./system/src/newlib/_sbrk.o
 .debug_abbrev  0x000003ef      0x1b3 ./system/src/newlib/_startup.o
 .debug_abbrev  0x000005a2      0x234 ./system/src/newlib/_syscalls.o
 .debug_abbrev  0x000007d6      0x276 ./system/src/diag/Trace.o
 .debug_abbrev  0x00000a4c      0x1e2 ./system/src/diag/trace_impl.o
 .debug_abbrev  0x00000c2e       0xea ./system/src/cortexm/_initialize_hardware.o
 .debug_abbrev  0x00000d18      0x32b ./system/src/cortexm/exception_handlers.o
 .debug_abbrev  0x00001043      0x177 ./system/src/cmsis/system_stm32f10x.o
 .debug_abbrev  0x000011ba       0x9d ./system/src/cmsis/vectors_stm32f10x.o
 .debug_abbrev  0x00001257       0xc6 ./src/CanIf.o
 .debug_abbrev  0x0000131d      0x26a ./src/CanTp.o
 .debug_abbrev  0x00001587       0x7c ./src/CanTp_LCfg.o
 .debug_abbrev  0x00001603       0xa7 ./src/Det.o
 .debug_abbrev  0x000016aa       0x60 ./src/ECUC.o
 .debug_abbrev  0x0000170a       0xe8 ./src/PduR.o
 .debug_abbrev  0x000017f2      0x160 ./src/RCC.o
 .debug_abbrev  0x00001952      0x17c ./src/main.o
 .debug_abbrev  0x00001ace      0x2e4 ./ThirdParty/portable/MemMang/heap_4.o
 .debug_abbrev  0x00001db2      0x1cd ./ThirdParty/portable/GCC/ARM_CM3/port.o
 .debug_abbrev  0x00001f7f      0x223 ./ThirdParty/list.o
 .debug_abbrev  0x000021a2      0x3b1 ./ThirdParty/tasks.o

.debug_line     0x00000000     0x5c22
 *(.debug_line)
 .debug_line    0x00000000      0x3e7 ./system/src/newlib/_exit.o
 .debug_line    0x000003e7      0x39b ./system/src/newlib/_sbrk.o
 .debug_line    0x00000782      0x455 ./system/src/newlib/_startup.o
 .debug_line    0x00000bd7      0x4d7 ./system/src/newlib/_syscalls.o
 .debug_line    0x000010ae      0x463 ./system/src/diag/Trace.o
 .debug_line    0x00001511      0x6d0 ./system/src/diag/trace_impl.o
 .debug_line    0x00001be1      0x39a ./system/src/cortexm/_initialize_hardware.o
 .debug_line    0x00001f7b      0x792 ./system/src/cortexm/exception_handlers.o
 .debug_line    0x0000270d      0x40d ./system/src/cmsis/system_stm32f10x.o
 .debug_line    0x00002b1a      0x126 ./system/src/cmsis/vectors_stm32f10x.o
 .debug_line    0x00002c40       0xab ./src/CanIf.o
 .debug_line    0x00002ceb      0x9b1 ./src/CanTp.o
 .debug_line    0x0000369c       0xa4 ./src/CanTp_LCfg.o
 .debug_line    0x00003740      0x3d9 ./src/Det.o
 .debug_line    0x00003b19       0xa9 ./src/ECUC.o
 .debug_line    0x00003bc2       0xeb ./src/PduR.o
 .debug_line    0x00003cad      0x172 ./src/RCC.o
 .debug_line    0x00003e1f      0x564 ./src/main.o
 .debug_line    0x00004383      0x516 ./ThirdParty/portable/MemMang/heap_4.o
 .debug_line    0x00004899      0x2ba ./ThirdParty/portable/GCC/ARM_CM3/port.o
 .debug_line    0x00004b53      0x452 ./ThirdParty/list.o
 .debug_line    0x00004fa5      0xc7d ./ThirdParty/tasks.o

.debug_frame    0x00000000     0x13ec
 *(.debug_frame)
 .debug_frame   0x00000000       0x38 ./system/src/newlib/_exit.o
 .debug_frame   0x00000038       0x28 ./system/src/newlib/_sbrk.o
 .debug_frame   0x00000060       0x7c ./system/src/newlib/_startup.o
 .debug_frame   0x000000dc       0x50 ./system/src/newlib/_syscalls.o
 .debug_frame   0x0000012c       0x94 ./system/src/diag/Trace.o
 .debug_frame   0x000001c0       0x64 ./system/src/diag/trace_impl.o
 .debug_frame   0x00000224       0x40 ./system/src/cortexm/_initialize_hardware.o
 .debug_frame   0x00000264      0x158 ./system/src/cortexm/exception_handlers.o
 .debug_frame   0x000003bc       0x6c ./system/src/cmsis/system_stm32f10x.o
 .debug_frame   0x00000428       0x20 ./system/src/cmsis/vectors_stm32f10x.o
 .debug_frame   0x00000448       0x28 ./src/CanIf.o
 .debug_frame   0x00000470      0x25c ./src/CanTp.o
 .debug_frame   0x000006cc       0x28 ./src/Det.o
 .debug_frame   0x000006f4       0x7c ./src/PduR.o
 .debug_frame   0x00000770       0xf4 ./src/RCC.o
 .debug_frame   0x00000864       0x78 ./src/main.o
 .debug_frame   0x000008dc       0xcc ./ThirdParty/portable/MemMang/heap_4.o
 .debug_frame   0x000009a8       0xd8 ./ThirdParty/portable/GCC/ARM_CM3/port.o
 .debug_frame   0x00000a80       0x6c ./ThirdParty/list.o
 .debug_frame   0x00000aec      0x540 ./ThirdParty/tasks.o
 .debug_frame   0x0000102c       0xac d:/iti intake 40/embedded tools/arm environment/imt_sdk_win_64/imt_sdk_win_64/winarm/armgcc/bin/../lib/gcc/arm-none-eabi/7.2.1/thumb/v7-m\libgcc.a(_arm_addsubdf3.o)
 .debug_frame   0x000010d8       0x24 d:/iti intake 40/embedded tools/arm environment/imt_sdk_win_64/imt_sdk_win_64/winarm/armgcc/bin/../lib/gcc/arm-none-eabi/7.2.1/thumb/v7-m\libgcc.a(_arm_fixunsdfsi.o)
 .debug_frame   0x000010fc       0x20 d:/iti intake 40/embedded tools/arm environment/imt_sdk_win_64/imt_sdk_win_64/winarm/armgcc/bin/../lib/gcc/arm-none-eabi/7.2.1/../../../../arm-none-eabi/lib/thumb/v7-m\libg_nano.a(lib_a-errno.o)
 .debug_frame   0x0000111c       0x28 d:/iti intake 40/embedded tools/arm environment/imt_sdk_win_64/imt_sdk_win_64/winarm/armgcc/bin/../lib/gcc/arm-none-eabi/7.2.1/../../../../arm-none-eabi/lib/thumb/v7-m\libg_nano.a(lib_a-memcpy-stub.o)
 .debug_frame   0x00001144       0x4c d:/iti intake 40/embedded tools/arm environment/imt_sdk_win_64/imt_sdk_win_64/winarm/armgcc/bin/../lib/gcc/arm-none-eabi/7.2.1/../../../../arm-none-eabi/lib/thumb/v7-m\libg_nano.a(lib_a-vsnprintf.o)
 .debug_frame   0x00001190       0x90 d:/iti intake 40/embedded tools/arm environment/imt_sdk_win_64/imt_sdk_win_64/winarm/armgcc/bin/../lib/gcc/arm-none-eabi/7.2.1/../../../../arm-none-eabi/lib/thumb/v7-m\libg_nano.a(lib_a-nano-svfprintf.o)
 .debug_frame   0x00001220       0x60 d:/iti intake 40/embedded tools/arm environment/imt_sdk_win_64/imt_sdk_win_64/winarm/armgcc/bin/../lib/gcc/arm-none-eabi/7.2.1/../../../../arm-none-eabi/lib/thumb/v7-m\libg_nano.a(lib_a-nano-vfprintf_i.o)
 .debug_frame   0x00001280       0x28 d:/iti intake 40/embedded tools/arm environment/imt_sdk_win_64/imt_sdk_win_64/winarm/armgcc/bin/../lib/gcc/arm-none-eabi/7.2.1/../../../../arm-none-eabi/lib/thumb/v7-m\libg_nano.a(lib_a-memchr-stub.o)
 .debug_frame   0x000012a8       0x28 d:/iti intake 40/embedded tools/arm environment/imt_sdk_win_64/imt_sdk_win_64/winarm/armgcc/bin/../lib/gcc/arm-none-eabi/7.2.1/../../../../arm-none-eabi/lib/thumb/v7-m\libg_nano.a(lib_a-memmove.o)
 .debug_frame   0x000012d0       0x38 d:/iti intake 40/embedded tools/arm environment/imt_sdk_win_64/imt_sdk_win_64/winarm/armgcc/bin/../lib/gcc/arm-none-eabi/7.2.1/../../../../arm-none-eabi/lib/thumb/v7-m\libg_nano.a(lib_a-nano-freer.o)
 .debug_frame   0x00001308       0x2c d:/iti intake 40/embedded tools/arm environment/imt_sdk_win_64/imt_sdk_win_64/winarm/armgcc/bin/../lib/gcc/arm-none-eabi/7.2.1/../../../../arm-none-eabi/lib/thumb/v7-m\libg_nano.a(lib_a-nano-mallocr.o)
 .debug_frame   0x00001334       0x3c d:/iti intake 40/embedded tools/arm environment/imt_sdk_win_64/imt_sdk_win_64/winarm/armgcc/bin/../lib/gcc/arm-none-eabi/7.2.1/../../../../arm-none-eabi/lib/thumb/v7-m\libg_nano.a(lib_a-nano-reallocr.o)
 .debug_frame   0x00001370       0x2c d:/iti intake 40/embedded tools/arm environment/imt_sdk_win_64/imt_sdk_win_64/winarm/armgcc/bin/../lib/gcc/arm-none-eabi/7.2.1/../../../../arm-none-eabi/lib/thumb/v7-m\libg_nano.a(lib_a-sbrkr.o)
 .debug_frame   0x0000139c       0x30 d:/iti intake 40/embedded tools/arm environment/imt_sdk_win_64/imt_sdk_win_64/winarm/armgcc/bin/../lib/gcc/arm-none-eabi/7.2.1/../../../../arm-none-eabi/lib/thumb/v7-m\libg_nano.a(lib_a-mlock.o)
 .debug_frame   0x000013cc       0x20 d:/iti intake 40/embedded tools/arm environment/imt_sdk_win_64/imt_sdk_win_64/winarm/armgcc/bin/../lib/gcc/arm-none-eabi/7.2.1/../../../../arm-none-eabi/lib/thumb/v7-m\libg_nano.a(lib_a-nano-msizer.o)

.debug_str      0x00000000    0x5e8f9
 *(.debug_str)
 .debug_str     0x00000000     0x7d13 ./system/src/newlib/_exit.o
                               0x7ee6 (size before relaxing)
 .debug_str     0x00007d13      0x375 ./system/src/newlib/_sbrk.o
                               0x7298 (size before relaxing)
 .debug_str     0x00008088      0xbb4 ./system/src/newlib/_startup.o
                               0x69d3 (size before relaxing)
 .debug_str     0x00008c3c      0xe8b ./system/src/newlib/_syscalls.o
                               0x8173 (size before relaxing)
 .debug_str     0x00009ac7      0x826 ./system/src/diag/Trace.o
                               0x865e (size before relaxing)
 .debug_str     0x0000a2ed    0x4b2b9 ./system/src/diag/trace_impl.o
                              0x52a44 (size before relaxing)
 .debug_str     0x000555a6       0xc4 ./system/src/cortexm/_initialize_hardware.o
                              0x4e835 (size before relaxing)
 .debug_str     0x0005566a      0x19d ./system/src/cortexm/exception_handlers.o
                              0x53c69 (size before relaxing)
 .debug_str     0x00055807      0x114 ./system/src/cmsis/system_stm32f10x.o
                              0x4e8cf (size before relaxing)
 .debug_str     0x0005591b       0x57 ./system/src/cmsis/vectors_stm32f10x.o
                               0x3874 (size before relaxing)
 .debug_str     0x00055972      0x70f ./src/CanIf.o
                               0x34da (size before relaxing)
 .debug_str     0x00056081     0x1687 ./src/CanTp.o
                               0x8b5b (size before relaxing)
 .debug_str     0x00057708       0x14 ./src/CanTp_LCfg.o
                               0x3f34 (size before relaxing)
 .debug_str     0x0005771c       0x2f ./src/Det.o
                               0x7256 (size before relaxing)
 .debug_str     0x0005774b        0xe ./src/ECUC.o
                               0x3887 (size before relaxing)
 .debug_str     0x00057759       0x4d ./src/PduR.o
                               0x35c3 (size before relaxing)
 .debug_str     0x000577a6      0xec2 ./src/RCC.o
                               0x3cc3 (size before relaxing)
 .debug_str     0x00058668     0x45a2 ./src/main.o
                               0xd0a4 (size before relaxing)
 .debug_str     0x0005cc0a      0x3bf ./ThirdParty/portable/MemMang/heap_4.o
                               0xaca7 (size before relaxing)
 .debug_str     0x0005cfc9      0x6a0 ./ThirdParty/portable/GCC/ARM_CM3/port.o
                               0x7ed1 (size before relaxing)
 .debug_str     0x0005d669      0x114 ./ThirdParty/list.o
                               0xa399 (size before relaxing)
 .debug_str     0x0005d77d     0x117c ./ThirdParty/tasks.o
                               0xc55d (size before relaxing)

.debug_loc      0x00000000     0x3cc4
 *(.debug_loc)
 .debug_loc     0x00000000       0x85 ./system/src/newlib/_sbrk.o
 .debug_loc     0x00000085      0x1a9 ./system/src/newlib/_startup.o
 .debug_loc     0x0000022e       0x63 ./system/src/newlib/_syscalls.o
 .debug_loc     0x00000291       0xf6 ./system/src/diag/Trace.o
 .debug_loc     0x00000387      0x121 ./system/src/diag/trace_impl.o
 .debug_loc     0x000004a8      0x291 ./system/src/cortexm/exception_handlers.o
 .debug_loc     0x00000739       0xdf ./system/src/cmsis/system_stm32f10x.o
 .debug_loc     0x00000818       0x3f ./src/CanIf.o
 .debug_loc     0x00000857     0x135b ./src/CanTp.o
 .debug_loc     0x00001bb2       0x84 ./src/Det.o
 .debug_loc     0x00001c36      0x134 ./src/PduR.o
 .debug_loc     0x00001d6a      0x294 ./src/RCC.o
 .debug_loc     0x00001ffe       0x42 ./src/main.o
 .debug_loc     0x00002040      0x38e ./ThirdParty/portable/MemMang/heap_4.o
 .debug_loc     0x000023ce       0xa8 ./ThirdParty/portable/GCC/ARM_CM3/port.o
 .debug_loc     0x00002476       0x70 ./ThirdParty/list.o
 .debug_loc     0x000024e6     0x17de ./ThirdParty/tasks.o

.debug_macinfo
 *(.debug_macinfo)

.debug_weaknames
 *(.debug_weaknames)

.debug_funcnames
 *(.debug_funcnames)

.debug_typenames
 *(.debug_typenames)

.debug_varnames
 *(.debug_varnames)
OUTPUT(CanTp-RTOS_STM32Fx.elf elf32-littlearm)

.debug_ranges   0x00000000      0x700
 .debug_ranges  0x00000000       0x18 ./system/src/newlib/_exit.o
 .debug_ranges  0x00000018       0x10 ./system/src/newlib/_sbrk.o
 .debug_ranges  0x00000028       0x78 ./system/src/newlib/_startup.o
 .debug_ranges  0x000000a0       0x20 ./system/src/newlib/_syscalls.o
 .debug_ranges  0x000000c0       0x28 ./system/src/diag/Trace.o
 .debug_ranges  0x000000e8       0x50 ./system/src/diag/trace_impl.o
 .debug_ranges  0x00000138       0x18 ./system/src/cortexm/_initialize_hardware.o
 .debug_ranges  0x00000150       0x80 ./system/src/cortexm/exception_handlers.o
 .debug_ranges  0x000001d0       0x28 ./system/src/cmsis/system_stm32f10x.o
 .debug_ranges  0x000001f8       0x10 ./system/src/cmsis/vectors_stm32f10x.o
 .debug_ranges  0x00000208       0x10 ./src/CanIf.o
 .debug_ranges  0x00000218       0xc0 ./src/CanTp.o
 .debug_ranges  0x000002d8       0x10 ./src/Det.o
 .debug_ranges  0x000002e8       0x30 ./src/PduR.o
 .debug_ranges  0x00000318       0x70 ./src/RCC.o
 .debug_ranges  0x00000388       0x30 ./src/main.o
 .debug_ranges  0x000003b8       0x48 ./ThirdParty/portable/MemMang/heap_4.o
 .debug_ranges  0x00000400       0x60 ./ThirdParty/portable/GCC/ARM_CM3/port.o
 .debug_ranges  0x00000460       0x30 ./ThirdParty/list.o
 .debug_ranges  0x00000490      0x270 ./ThirdParty/tasks.o

.debug_macro    0x00000000     0x4811
 .debug_macro   0x00000000      0x1b4 ./system/src/newlib/_exit.o
 .debug_macro   0x000001b4       0x9c ./system/src/newlib/_exit.o
 .debug_macro   0x00000250      0x10e ./system/src/newlib/_exit.o
 .debug_macro   0x0000035e       0x8d ./system/src/newlib/_exit.o
 .debug_macro   0x000003eb       0x43 ./system/src/newlib/_exit.o
 .debug_macro   0x0000042e      0x330 ./system/src/newlib/_exit.o
 .debug_macro   0x0000075e       0x35 ./system/src/newlib/_exit.o
 .debug_macro   0x00000793      0x169 ./system/src/newlib/_sbrk.o
 .debug_macro   0x000008fc      0x174 ./system/src/newlib/_sbrk.o
 .debug_macro   0x00000a70       0x10 ./system/src/newlib/_sbrk.o
 .debug_macro   0x00000a80      0x23b ./system/src/newlib/_sbrk.o
 .debug_macro   0x00000cbb      0x173 ./system/src/newlib/_startup.o
 .debug_macro   0x00000e2e      0x217 ./system/src/newlib/_syscalls.o
 .debug_macro   0x00001045       0x1c ./system/src/newlib/_syscalls.o
 .debug_macro   0x00001061       0x10 ./system/src/newlib/_syscalls.o
 .debug_macro   0x00001071       0x10 ./system/src/newlib/_syscalls.o
 .debug_macro   0x00001081       0x10 ./system/src/newlib/_syscalls.o
 .debug_macro   0x00001091       0x35 ./system/src/newlib/_syscalls.o
 .debug_macro   0x000010c6      0x122 ./system/src/newlib/_syscalls.o
 .debug_macro   0x000011e8       0x88 ./system/src/newlib/_syscalls.o
 .debug_macro   0x00001270       0x2b ./system/src/newlib/_syscalls.o
 .debug_macro   0x0000129b      0x118 ./system/src/newlib/_syscalls.o
 .debug_macro   0x000013b3      0x189 ./system/src/newlib/_syscalls.o
 .debug_macro   0x0000153c       0x16 ./system/src/newlib/_syscalls.o
 .debug_macro   0x00001552      0x1fb ./system/src/diag/Trace.o
 .debug_macro   0x0000174d       0x16 ./system/src/diag/Trace.o
 .debug_macro   0x00001763       0x97 ./system/src/diag/Trace.o
 .debug_macro   0x000017fa       0xfd ./system/src/diag/Trace.o
 .debug_macro   0x000018f7       0x10 ./system/src/diag/Trace.o
 .debug_macro   0x00001907       0x16 ./system/src/diag/Trace.o
 .debug_macro   0x0000191d      0x16f ./system/src/diag/Trace.o
 .debug_macro   0x00001a8c       0x4c ./system/src/diag/Trace.o
 .debug_macro   0x00001ad8       0x16 ./system/src/diag/Trace.o
 .debug_macro   0x00001aee      0x2da ./system/src/diag/trace_impl.o
 .debug_macro   0x00001dc8       0x10 ./system/src/diag/trace_impl.o
 .debug_macro   0x00001dd8       0xcf ./system/src/diag/trace_impl.o
 .debug_macro   0x00001ea7       0xbe ./system/src/diag/trace_impl.o
 .debug_macro   0x00001f65       0x22 ./system/src/diag/trace_impl.o
 .debug_macro   0x00001f87      0x16b ./system/src/cortexm/_initialize_hardware.o
 .debug_macro   0x000020f2      0x324 ./system/src/cortexm/exception_handlers.o
 .debug_macro   0x00002416       0x3b ./system/src/cortexm/exception_handlers.o
 .debug_macro   0x00002451       0x10 ./system/src/cortexm/exception_handlers.o
 .debug_macro   0x00002461      0x16e ./system/src/cmsis/system_stm32f10x.o
 .debug_macro   0x000025cf       0x34 ./system/src/cmsis/vectors_stm32f10x.o
 .debug_macro   0x00002603       0x61 ./src/CanIf.o
 .debug_macro   0x00002664       0x52 ./src/CanIf.o
 .debug_macro   0x000026b6       0x8a ./src/CanIf.o
 .debug_macro   0x00002740       0x3a ./src/CanIf.o
 .debug_macro   0x0000277a       0x4d ./src/CanIf.o
 .debug_macro   0x000027c7      0x235 ./src/CanTp.o
 .debug_macro   0x000029fc       0x46 ./src/CanTp.o
 .debug_macro   0x00002a42       0x52 ./src/CanTp.o
 .debug_macro   0x00002a94       0x58 ./src/CanTp.o
 .debug_macro   0x00002aec      0x148 ./src/CanTp.o
 .debug_macro   0x00002c34      0x148 ./src/CanTp.o
 .debug_macro   0x00002d7c       0x82 ./src/CanTp.o
 .debug_macro   0x00002dfe       0x5d ./src/CanTp_LCfg.o
 .debug_macro   0x00002e5b      0x142 ./src/CanTp_LCfg.o
 .debug_macro   0x00002f9d      0x19a ./src/Det.o
 .debug_macro   0x00003137       0x60 ./src/ECUC.o
 .debug_macro   0x00003197       0x4b ./src/PduR.o
 .debug_macro   0x000031e2       0x5d ./src/RCC.o
 .debug_macro   0x0000323f       0x22 ./src/RCC.o
 .debug_macro   0x00003261      0x22e ./src/RCC.o
 .debug_macro   0x0000348f      0x26e ./src/main.o
 .debug_macro   0x000036fd       0x22 ./src/main.o
 .debug_macro   0x0000371f       0x22 ./src/main.o
 .debug_macro   0x00003741       0xa0 ./src/main.o
 .debug_macro   0x000037e1      0x15a ./src/main.o
 .debug_macro   0x0000393b       0xdd ./src/main.o
 .debug_macro   0x00003a18       0x1c ./src/main.o
 .debug_macro   0x00003a34       0x26 ./src/main.o
 .debug_macro   0x00003a5a      0x54a ./src/main.o
 .debug_macro   0x00003fa4       0xb5 ./src/main.o
 .debug_macro   0x00004059       0xaa ./src/main.o
 .debug_macro   0x00004103       0x91 ./src/main.o
 .debug_macro   0x00004194      0x189 ./ThirdParty/portable/MemMang/heap_4.o
 .debug_macro   0x0000431d      0x133 ./ThirdParty/portable/GCC/ARM_CM3/port.o
 .debug_macro   0x00004450      0x162 ./ThirdParty/list.o
 .debug_macro   0x000045b2      0x24f ./ThirdParty/tasks.o
 .debug_macro   0x00004801       0x10 ./ThirdParty/tasks.o
